<html>
<body>
<pre>
<h1>µVision Build Log</h1>
<h2>Tool Versions:</h2>
IDE-Version: ¦ÌVision V5.14.0.0
Copyright (C) 2015 ARM Ltd and ARM Germany GmbH. All rights reserved.
License Information: JOJO Harmsworth, 666, LIC=BUURY-IFMWA-Y8ZFK-ZZ58N-YWSZ1-6H2PD
 
Tool Versions:
Toolchain:       MDK-ARM Standard  Version: 5.14.0.0
Toolchain Path:  E:\Keil_v5\ARM\ARMCC\Bin
C Compiler:      Armcc.exe V5.05 update 1 (build 106)
Assembler:       Armasm.exe V5.05 update 1 (build 106)
Linker/Locator:  ArmLink.exe V5.05 update 1 (build 106)
Library Manager: ArmAr.exe V5.05 update 1 (build 106)
Hex Converter:   FromElf.exe V5.05 update 1 (build 106)
CPU DLL:         SARMCM3.DLL V5.14.0.0
Dialog DLL:      DCM.DLL V1.13.1.0
Target DLL:      CMSIS_AGDI.dll V1.21.0.0
Dialog DLL:      TCM.DLL V1.14.4.0
 
<h2>Project:</h2>
G:\Program\Stm32\Projects\OLED_Menu_u8g2\MDK-ARM\OLED_u8g2.uvprojx
Project File Date:  03/27/2023

<h2>Output:</h2>
Build target 'OLED_u8g2'
compiling main.c...
../UI/directory.h(25): warning:  #1-D: last line of file ends without a newline
  #endif
../UI/ui.h(31): warning:  #1-D: last line of file ends without a newline
  #endif
../Core/Src/main.c(151): warning:  #513-D: a value of type "void (*)(struct my_key *)" cannot be assigned to an entity of type "callbakFunction"
    key0.cb = key0_callbackFunction;
../Core/Src/main.c(152): warning:  #513-D: a value of type "void (*)(struct my_key *)" cannot be assigned to an entity of type "callbakFunction"
    key1.cb = key1_callbackFunction;
../Core/Src/main.c: 4 warnings, 0 errors
linking...
Program Size: Code=26524 RO-data=5828 RW-data=40 ZI-data=3408  
FromELF: creating hex file...
"OLED_Template\OLED_Template.axf" - 0 Error(s), 4 Warning(s).

<h2>Software Packages used:</h2>

Package Vendor: ARM
                http://www.keil.com/pack/ARM.CMSIS.4.2.0.pack
                ARM::CMSIS:CORE:3.40.0
                CMSIS (Cortex Microcontroller Software Interface Standard)
   * Component: CORE Version: 3.40.0

<h2>Collection of Component include folders:</h2>
  G:\Program\Stm32\Projects\OLED_Menu_u8g2\MDK-ARM\RTE
  E:\Keil_v5\ARM\PACK\ARM\CMSIS\4.2.0\CMSIS\Include
  E:\Keil_v5\ARM\PACK\Keil\STM32F1xx_DFP\2.2.0

<h2>Collection of Component Files used:</h2>

   * Component: ARM::CMSIS:CORE:3.40.0
      Source file:   CMSIS\UserCodeTemplates\ARM\ITM_Retarget.c
</pre>
</body>
</html>
