Component: ARM Compiler 5.05 update 1 (build 106) Tool: armlink [4d0efa]

==============================================================================

Section Cross References

    startup_stm32f103xe.o(STACK) refers (Special) to heapauxi.o(.text) for __use_two_region_memory
    startup_stm32f103xe.o(HEAP) refers (Special) to heapauxi.o(.text) for __use_two_region_memory
    startup_stm32f103xe.o(RESET) refers (Special) to heapauxi.o(.text) for __use_two_region_memory
    startup_stm32f103xe.o(RESET) refers to startup_stm32f103xe.o(STACK) for __initial_sp
    startup_stm32f103xe.o(RESET) refers to startup_stm32f103xe.o(.text) for Reset_Handler
    startup_stm32f103xe.o(RESET) refers to stm32f1xx_it.o(i.NMI_Handler) for NMI_Handler
    startup_stm32f103xe.o(RESET) refers to stm32f1xx_it.o(i.HardFault_Handler) for HardFault_Handler
    startup_stm32f103xe.o(RESET) refers to stm32f1xx_it.o(i.MemManage_Handler) for MemManage_Handler
    startup_stm32f103xe.o(RESET) refers to stm32f1xx_it.o(i.BusFault_Handler) for BusFault_Handler
    startup_stm32f103xe.o(RESET) refers to stm32f1xx_it.o(i.UsageFault_Handler) for UsageFault_Handler
    startup_stm32f103xe.o(RESET) refers to stm32f1xx_it.o(i.SVC_Handler) for SVC_Handler
    startup_stm32f103xe.o(RESET) refers to stm32f1xx_it.o(i.DebugMon_Handler) for DebugMon_Handler
    startup_stm32f103xe.o(RESET) refers to stm32f1xx_it.o(i.PendSV_Handler) for PendSV_Handler
    startup_stm32f103xe.o(RESET) refers to stm32f1xx_it.o(i.SysTick_Handler) for SysTick_Handler
    startup_stm32f103xe.o(RESET) refers to stm32f1xx_it.o(i.DMA1_Channel6_IRQHandler) for DMA1_Channel6_IRQHandler
    startup_stm32f103xe.o(RESET) refers to stm32f1xx_it.o(i.I2C1_EV_IRQHandler) for I2C1_EV_IRQHandler
    startup_stm32f103xe.o(.text) refers (Special) to heapauxi.o(.text) for __use_two_region_memory
    startup_stm32f103xe.o(.text) refers to system_stm32f1xx.o(i.SystemInit) for SystemInit
    startup_stm32f103xe.o(.text) refers to __main.o(!!!main) for __main
    startup_stm32f103xe.o(.text) refers to startup_stm32f103xe.o(HEAP) for Heap_Mem
    startup_stm32f103xe.o(.text) refers to startup_stm32f103xe.o(STACK) for Stack_Mem
    main.o(i.SystemClock_Config) refers to rt_memclr_w.o(.text) for __aeabi_memclr4
    main.o(i.SystemClock_Config) refers to stm32f1xx_hal_rcc.o(i.HAL_RCC_OscConfig) for HAL_RCC_OscConfig
    main.o(i.SystemClock_Config) refers to stm32f1xx_hal_rcc.o(i.HAL_RCC_ClockConfig) for HAL_RCC_ClockConfig
    main.o(i.infoGroupFunction) refers to _printf_percent.o(.ARM.Collect$$_printf_percent$$00000000) for _printf_percent
    main.o(i.infoGroupFunction) refers to _printf_d.o(.ARM.Collect$$_printf_percent$$00000009) for _printf_d
    main.o(i.infoGroupFunction) refers to _printf_dec.o(.text) for _printf_int_dec
    main.o(i.infoGroupFunction) refers to dht11.o(i.DHT11_Read_TempAndHumidity) for DHT11_Read_TempAndHumidity
    main.o(i.infoGroupFunction) refers to usart.o(i.usart_print) for usart_print
    main.o(i.infoGroupFunction) refers to bh1750.o(i.Get_BH1750_Value) for Get_BH1750_Value
    main.o(i.infoGroupFunction) refers to u8g2_buffer.o(i.u8g2_FirstPage) for u8g2_FirstPage
    main.o(i.infoGroupFunction) refers to u8g2_buffer.o(i.u8g2_ClearBuffer) for u8g2_ClearBuffer
    main.o(i.infoGroupFunction) refers to u8g2_font.o(i.u8g2_SetFont) for u8g2_SetFont
    main.o(i.infoGroupFunction) refers to __2sprintf.o(.text) for __2sprintf
    main.o(i.infoGroupFunction) refers to u8g2_font.o(i.u8g2_DrawUTF8) for u8g2_DrawUTF8
    main.o(i.infoGroupFunction) refers to u8g2_buffer.o(i.u8g2_SendBuffer) for u8g2_SendBuffer
    main.o(i.infoGroupFunction) refers to u8g2_buffer.o(i.u8g2_NextPage) for u8g2_NextPage
    main.o(i.infoGroupFunction) refers to stm32f1xx_hal_gpio.o(i.HAL_GPIO_ReadPin) for HAL_GPIO_ReadPin
    main.o(i.infoGroupFunction) refers to usart.o(.bss) for huart1
    main.o(i.infoGroupFunction) refers to main.o(.bss) for .bss
    main.o(i.infoGroupFunction) refers to u8g2_fonts.o(.constdata) for u8g2_font_6x10_tf
    main.o(i.key0_callbackFunction) refers to usart.o(i.usart_print) for usart_print
    main.o(i.key0_callbackFunction) refers to usart.o(.bss) for huart1
    main.o(i.key0_callbackFunction) refers to main.o(.bss) for .bss
    main.o(i.key1_callbackFunction) refers to usart.o(i.usart_print) for usart_print
    main.o(i.key1_callbackFunction) refers to main.o(.bss) for .bss
    main.o(i.key1_callbackFunction) refers to usart.o(.bss) for huart1
    main.o(i.main) refers to stm32f1xx_hal.o(i.HAL_Init) for HAL_Init
    main.o(i.main) refers to main.o(i.SystemClock_Config) for SystemClock_Config
    main.o(i.main) refers to gpio.o(i.MX_GPIO_Init) for MX_GPIO_Init
    main.o(i.main) refers to dma.o(i.MX_DMA_Init) for MX_DMA_Init
    main.o(i.main) refers to i2c.o(i.MX_I2C1_Init) for MX_I2C1_Init
    main.o(i.main) refers to usart.o(i.MX_USART1_UART_Init) for MX_USART1_UART_Init
    main.o(i.main) refers to tim.o(i.MX_TIM6_Init) for MX_TIM6_Init
[...]
    _printf_f                                0x080001b1   Thumb Code     0  _printf_f.o(.ARM.Collect$$_printf_percent$$00000003)
    _printf_e                                0x080001b7   Thumb Code     0  _printf_e.o(.ARM.Collect$$_printf_percent$$00000004)
    _printf_g                                0x080001bd   Thumb Code     0  _printf_g.o(.ARM.Collect$$_printf_percent$$00000005)
    _printf_a                                0x080001c3   Thumb Code     0  _printf_a.o(.ARM.Collect$$_printf_percent$$00000006)
    _printf_ll                               0x080001c9   Thumb Code     0  _printf_ll.o(.ARM.Collect$$_printf_percent$$00000007)
    _printf_i                                0x080001d3   Thumb Code     0  _printf_i.o(.ARM.Collect$$_printf_percent$$00000008)
    _printf_d                                0x080001d9   Thumb Code     0  _printf_d.o(.ARM.Collect$$_printf_percent$$00000009)
    _printf_u                                0x080001df   Thumb Code     0  _printf_u.o(.ARM.Collect$$_printf_percent$$0000000A)
    _printf_o                                0x080001e5   Thumb Code     0  _printf_o.o(.ARM.Collect$$_printf_percent$$0000000B)
    _printf_x                                0x080001eb   Thumb Code     0  _printf_x.o(.ARM.Collect$$_printf_percent$$0000000C)
    _printf_lli                              0x080001f1   Thumb Code     0  _printf_lli.o(.ARM.Collect$$_printf_percent$$0000000D)
    _printf_lld                              0x080001f7   Thumb Code     0  _printf_lld.o(.ARM.Collect$$_printf_percent$$0000000E)
    _printf_llu                              0x080001fd   Thumb Code     0  _printf_llu.o(.ARM.Collect$$_printf_percent$$0000000F)
    _printf_llo                              0x08000203   Thumb Code     0  _printf_llo.o(.ARM.Collect$$_printf_percent$$00000010)
    _printf_llx                              0x08000209   Thumb Code     0  _printf_llx.o(.ARM.Collect$$_printf_percent$$00000011)
    _printf_l                                0x0800020f   Thumb Code     0  _printf_l.o(.ARM.Collect$$_printf_percent$$00000012)
    _printf_c                                0x08000219   Thumb Code     0  _printf_c.o(.ARM.Collect$$_printf_percent$$00000013)
    _printf_s                                0x0800021f   Thumb Code     0  _printf_s.o(.ARM.Collect$$_printf_percent$$00000014)
    _printf_lc                               0x08000225   Thumb Code     0  _printf_lc.o(.ARM.Collect$$_printf_percent$$00000015)
    _printf_ls                               0x0800022b   Thumb Code     0  _printf_ls.o(.ARM.Collect$$_printf_percent$$00000016)
    _printf_percent_end                      0x08000231   Thumb Code     0  _printf_percent_end.o(.ARM.Collect$$_printf_percent$$00000017)
    __rt_lib_init                            0x08000235   Thumb Code     0  libinit.o(.ARM.Collect$$libinit$$00000000)
    __rt_lib_init_fp_1                       0x08000237   Thumb Code     0  libinit2.o(.ARM.Collect$$libinit$$00000002)
    __rt_lib_init_heap_2                     0x08000237   Thumb Code     0  libinit2.o(.ARM.Collect$$libinit$$00000005)
    __rt_lib_init_preinit_1                  0x08000237   Thumb Code     0  libinit2.o(.ARM.Collect$$libinit$$00000004)
    __rt_lib_init_heap_1                     0x0800023f   Thumb Code     0  libinit2.o(.ARM.Collect$$libinit$$0000000A)
    __rt_lib_init_lc_common                  0x0800023f   Thumb Code     0  libinit2.o(.ARM.Collect$$libinit$$0000000F)
    __rt_lib_init_rand_1                     0x0800023f   Thumb Code     0  libinit2.o(.ARM.Collect$$libinit$$0000000E)
    __rt_lib_init_user_alloc_1               0x0800023f   Thumb Code     0  libinit2.o(.ARM.Collect$$libinit$$0000000C)
    __rt_lib_init_lc_collate_1               0x08000245   Thumb Code     0  libinit2.o(.ARM.Collect$$libinit$$00000011)
    __rt_lib_init_lc_ctype_2                 0x08000245   Thumb Code     0  libinit2.o(.ARM.Collect$$libinit$$00000012)
    __rt_lib_init_lc_ctype_1                 0x08000251   Thumb Code     0  libinit2.o(.ARM.Collect$$libinit$$00000013)
    __rt_lib_init_lc_monetary_1              0x08000251   Thumb Code     0  libinit2.o(.ARM.Collect$$libinit$$00000015)
    __rt_lib_init_lc_numeric_2               0x08000251   Thumb Code     0  libinit2.o(.ARM.Collect$$libinit$$00000016)
    __rt_lib_init_alloca_1                   0x0800025b   Thumb Code     0  libinit2.o(.ARM.Collect$$libinit$$0000002E)
    __rt_lib_init_argv_1                     0x0800025b   Thumb Code     0  libinit2.o(.ARM.Collect$$libinit$$0000002C)
    __rt_lib_init_atexit_1                   0x0800025b   Thumb Code     0  libinit2.o(.ARM.Collect$$libinit$$0000001B)
    __rt_lib_init_clock_1                    0x0800025b   Thumb Code     0  libinit2.o(.ARM.Collect$$libinit$$00000021)
    __rt_lib_init_cpp_1                      0x0800025b   Thumb Code     0  libinit2.o(.ARM.Collect$$libinit$$00000032)
    __rt_lib_init_exceptions_1               0x0800025b   Thumb Code     0  libinit2.o(.ARM.Collect$$libinit$$00000030)
    __rt_lib_init_fp_trap_1                  0x0800025b   Thumb Code     0  libinit2.o(.ARM.Collect$$libinit$$0000001F)
    __rt_lib_init_getenv_1                   0x0800025b   Thumb Code     0  libinit2.o(.ARM.Collect$$libinit$$00000023)
    __rt_lib_init_lc_numeric_1               0x0800025b   Thumb Code     0  libinit2.o(.ARM.Collect$$libinit$$00000017)
    __rt_lib_init_lc_time_1                  0x0800025b   Thumb Code     0  libinit2.o(.ARM.Collect$$libinit$$00000019)
    __rt_lib_init_return                     0x0800025b   Thumb Code     0  libinit2.o(.ARM.Collect$$libinit$$00000033)
    __rt_lib_init_signal_1                   0x0800025b   Thumb Code     0  libinit2.o(.ARM.Collect$$libinit$$0000001D)
    __rt_lib_init_stdio_1                    0x0800025b   Thumb Code     0  libinit2.o(.ARM.Collect$$libinit$$00000025)
    __rt_lib_shutdown                        0x0800025d   Thumb Code     0  libshutdown.o(.ARM.Collect$$libshutdown$$00000000)
    __rt_lib_shutdown_fp_trap_1              0x0800025f   Thumb Code     0  libshutdown2.o(.ARM.Collect$$libshutdown$$00000006)
    __rt_lib_shutdown_heap_1                 0x0800025f   Thumb Code     0  libshutdown2.o(.ARM.Collect$$libshutdown$$0000000E)
    __rt_lib_shutdown_return                 0x0800025f   Thumb Code     0  libshutdown2.o(.ARM.Collect$$libshutdown$$0000000F)
    __rt_lib_shutdown_signal_1               0x0800025f   Thumb Code     0  libshutdown2.o(.ARM.Collect$$libshutdown$$00000009)
    __rt_lib_shutdown_stdio_1                0x0800025f   Thumb Code     0  libshutdown2.o(.ARM.Collect$$libshutdown$$00000003)
    __rt_lib_shutdown_user_alloc_1           0x0800025f   Thumb Code     0  libshutdown2.o(.ARM.Collect$$libshutdown$$0000000B)
    __rt_entry                               0x08000261   Thumb Code     0  __rtentry.o(.ARM.Collect$$rtentry$$00000000)
    __rt_entry_presh_1                       0x08000261   Thumb Code     0  __rtentry2.o(.ARM.Collect$$rtentry$$00000002)
    __rt_entry_sh                            0x08000261   Thumb Code     0  __rtentry4.o(.ARM.Collect$$rtentry$$00000004)
    __rt_entry_li                            0x08000267   Thumb Code     0  __rtentry2.o(.ARM.Collect$$rtentry$$0000000A)
    __rt_entry_postsh_1                      0x08000267   Thumb Code     0  __rtentry2.o(.ARM.Collect$$rtentry$$00000009)
    __rt_entry_main                          0x0800026b   Thumb Code     0  __rtentry2.o(.ARM.Collect$$rtentry$$0000000D)
    __rt_entry_postli_1                      0x0800026b   Thumb Code     0  __rtentry2.o(.ARM.Collect$$rtentry$$0000000C)
    __rt_exit                                0x08000273   Thumb Code     0  rtexit.o(.ARM.Collect$$rtexit$$00000000)
    __rt_exit_ls                             0x08000275   Thumb Code     0  rtexit2.o(.ARM.Collect$$rtexit$$00000003)
    __rt_exit_prels_1                        0x08000275   Thumb Code     0  rtexit2.o(.ARM.Collect$$rtexit$$00000002)
    __rt_exit_exit                           0x08000279   Thumb Code     0  rtexit2.o(.ARM.Collect$$rtexit$$00000004)
    Reset_Handler                            0x08000281   Thumb Code     8  startup_stm32f103xe.o(.text)
    _maybe_terminate_alloc                   0x08000281   Thumb Code     0  maybetermalloc1.o(.emb_text)
    ADC1_2_IRQHandler                        0x0800029b   Thumb Code     0  startup_stm32f103xe.o(.text)
    ADC3_IRQHandler                          0x0800029b   Thumb Code     0  startup_stm32f103xe.o(.text)
    CAN1_RX1_IRQHandler                      0x0800029b   Thumb Code     0  startup_stm32f103xe.o(.text)
    CAN1_SCE_IRQHandler                      0x0800029b   Thumb Code     0  startup_stm32f103xe.o(.text)
    DMA1_Channel1_IRQHandler                 0x0800029b   Thumb Code     0  startup_stm32f103xe.o(.text)
    DMA1_Channel2_IRQHandler                 0x0800029b   Thumb Code     0  startup_stm32f103xe.o(.text)
    DMA1_Channel3_IRQHandler                 0x0800029b   Thumb Code     0  startup_stm32f103xe.o(.text)
    DMA1_Channel4_IRQHandler                 0x0800029b   Thumb Code     0  startup_stm32f103xe.o(.text)
    DMA1_Channel5_IRQHandler                 0x0800029b   Thumb Code     0  startup_stm32f103xe.o(.text)
    DMA1_Channel7_IRQHandler                 0x0800029b   Thumb Code     0  startup_stm32f103xe.o(.text)
    DMA2_Channel1_IRQHandler                 0x0800029b   Thumb Code     0  startup_stm32f103xe.o(.text)
    DMA2_Channel2_IRQHandler                 0x0800029b   Thumb Code     0  startup_stm32f103xe.o(.text)
    DMA2_Channel3_IRQHandler                 0x0800029b   Thumb Code     0  startup_stm32f103xe.o(.text)
    DMA2_Channel4_5_IRQHandler               0x0800029b   Thumb Code     0  startup_stm32f103xe.o(.text)
    EXTI0_IRQHandler                         0x0800029b   Thumb Code     0  startup_stm32f103xe.o(.text)
    EXTI15_10_IRQHandler                     0x0800029b   Thumb Code     0  startup_stm32f103xe.o(.text)
    EXTI1_IRQHandler                         0x0800029b   Thumb Code     0  startup_stm32f103xe.o(.text)
    EXTI2_IRQHandler                         0x0800029b   Thumb Code     0  startup_stm32f103xe.o(.text)
    EXTI3_IRQHandler                         0x0800029b   Thumb Code     0  startup_stm32f103xe.o(.text)
    EXTI4_IRQHandler                         0x0800029b   Thumb Code     0  startup_stm32f103xe.o(.text)
    EXTI9_5_IRQHandler                       0x0800029b   Thumb Code     0  startup_stm32f103xe.o(.text)
    FLASH_IRQHandler                         0x0800029b   Thumb Code     0  startup_stm32f103xe.o(.text)
    FSMC_IRQHandler                          0x0800029b   Thumb Code     0  startup_stm32f103xe.o(.text)
    I2C1_ER_IRQHandler                       0x0800029b   Thumb Code     0  startup_stm32f103xe.o(.text)
    I2C2_ER_IRQHandler                       0x0800029b   Thumb Code     0  startup_stm32f103xe.o(.text)
    I2C2_EV_IRQHandler                       0x0800029b   Thumb Code     0  startup_stm32f103xe.o(.text)
    PVD_IRQHandler                           0x0800029b   Thumb Code     0  startup_stm32f103xe.o(.text)
    RCC_IRQHandler                           0x0800029b   Thumb Code     0  startup_stm32f103xe.o(.text)
    RTC_Alarm_IRQHandler                     0x0800029b   Thumb Code     0  startup_stm32f103xe.o(.text)
    RTC_IRQHandler                           0x0800029b   Thumb Code     0  startup_stm32f103xe.o(.text)
    SDIO_IRQHandler                          0x0800029b   Thumb Code     0  startup_stm32f103xe.o(.text)
    SPI1_IRQHandler                          0x0800029b   Thumb Code     0  startup_stm32f103xe.o(.text)
    SPI2_IRQHandler                          0x0800029b   Thumb Code     0  startup_stm32f103xe.o(.text)
    SPI3_IRQHandler                          0x0800029b   Thumb Code     0  startup_stm32f103xe.o(.text)
    TAMPER_IRQHandler                        0x0800029b   Thumb Code     0  startup_stm32f103xe.o(.text)
    TIM1_BRK_IRQHandler                      0x0800029b   Thumb Code     0  startup_stm32f103xe.o(.text)
    TIM1_CC_IRQHandler                       0x0800029b   Thumb Code     0  startup_stm32f103xe.o(.text)
    TIM1_TRG_COM_IRQHandler                  0x0800029b   Thumb Code     0  startup_stm32f103xe.o(.text)
    TIM1_UP_IRQHandler                       0x0800029b   Thumb Code     0  startup_stm32f103xe.o(.text)
    TIM2_IRQHandler                          0x0800029b   Thumb Code     0  startup_stm32f103xe.o(.text)
    TIM3_IRQHandler                          0x0800029b   Thumb Code     0  startup_stm32f103xe.o(.text)
    TIM4_IRQHandler                          0x0800029b   Thumb Code     0  startup_stm32f103xe.o(.text)
    TIM5_IRQHandler                          0x0800029b   Thumb Code     0  startup_stm32f103xe.o(.text)
    TIM6_IRQHandler                          0x0800029b   Thumb Code     0  startup_stm32f103xe.o(.text)
    TIM7_IRQHandler                          0x0800029b   Thumb Code     0  startup_stm32f103xe.o(.text)
    TIM8_BRK_IRQHandler                      0x0800029b   Thumb Code     0  startup_stm32f103xe.o(.text)
    TIM8_CC_IRQHandler                       0x0800029b   Thumb Code     0  startup_stm32f103xe.o(.text)
    TIM8_TRG_COM_IRQHandler                  0x0800029b   Thumb Code     0  startup_stm32f103xe.o(.text)
    TIM8_UP_IRQHandler                       0x0800029b   Thumb Code     0  startup_stm32f103xe.o(.text)
    UART4_IRQHandler                         0x0800029b   Thumb Code     0  startup_stm32f103xe.o(.text)
    UART5_IRQHandler                         0x0800029b   Thumb Code     0  startup_stm32f103xe.o(.text)
    USART1_IRQHandler                        0x0800029b   Thumb Code     0  startup_stm32f103xe.o(.text)
    USART2_IRQHandler                        0x0800029b   Thumb Code     0  startup_stm32f103xe.o(.text)
    USART3_IRQHandler                        0x0800029b   Thumb Code     0  startup_stm32f103xe.o(.text)
    USBWakeUp_IRQHandler                     0x0800029b   Thumb Code     0  startup_stm32f103xe.o(.text)
    USB_HP_CAN1_TX_IRQHandler                0x0800029b   Thumb Code     0  startup_stm32f103xe.o(.text)
    USB_LP_CAN1_RX0_IRQHandler               0x0800029b   Thumb Code     0  startup_stm32f103xe.o(.text)
    WWDG_IRQHandler                          0x0800029b   Thumb Code     0  startup_stm32f103xe.o(.text)
    __user_initial_stackheap                 0x0800029d   Thumb Code     0  startup_stm32f103xe.o(.text)
    malloc                                   0x080002c1   Thumb Code    94  h1_alloc.o(.text)
    vsnprintf                                0x08000321   Thumb Code    48  vsnprintf.o(.text)
    __2sprintf                               0x08000355   Thumb Code    38  __2sprintf.o(.text)
    _printf_int_dec                          0x08000381   Thumb Code   104  _printf_dec.o(.text)
    __printf                                 0x080003f9   Thumb Code   388  __printf_flags_ss_wp.o(.text)
    exit                                     0x08000581   Thumb Code    12  exit.o(.text)
    strlen                                   0x0800058d   Thumb Code    62  strlen.o(.text)
    __aeabi_memclr                           0x080005cb   Thumb Code     0  rt_memclr.o(.text)
    __rt_memclr                              0x080005cb   Thumb Code    68  rt_memclr.o(.text)
    _memset                                  0x080005cf   Thumb Code     0  rt_memclr.o(.text)
    __aeabi_memclr4                          0x0800060f   Thumb Code     0  rt_memclr_w.o(.text)
    __aeabi_memclr8                          0x0800060f   Thumb Code     0  rt_memclr_w.o(.text)
    __rt_memclr_w                            0x0800060f   Thumb Code    78  rt_memclr_w.o(.text)
    _memset_w                                0x08000613   Thumb Code     0  rt_memclr_w.o(.text)
    __use_two_region_memory                  0x0800065d   Thumb Code     2  heapauxi.o(.text)
    __rt_heap_escrow                         0x0800065f   Thumb Code     2  heapauxi.o(.text)
    __rt_heap_expand                         0x08000661   Thumb Code     2  heapauxi.o(.text)
    __rt_heap_descriptor                     0x08000665   Thumb Code     8  rt_heap_descriptor_intlibspace.o(.text)
    __use_no_heap                            0x0800066d   Thumb Code     2  hguard.o(.text)
    __heap$guard                             0x0800066f   Thumb Code     2  hguard.o(.text)
    _terminate_user_alloc                    0x08000671   Thumb Code     2  init_alloc.o(.text)
    _init_user_alloc                         0x08000673   Thumb Code     2  init_alloc.o(.text)
    __Heap_Full                              0x08000675   Thumb Code    34  init_alloc.o(.text)
    __Heap_Broken                            0x08000697   Thumb Code     6  init_alloc.o(.text)
    _init_alloc                              0x0800069d   Thumb Code    94  init_alloc.o(.text)
    __Heap_Initialize                        0x080006fb   Thumb Code    10  h1_init.o(.text)
    __Heap_DescSize                          0x08000705   Thumb Code     4  h1_init.o(.text)
    free                                     0x08000709   Thumb Code    78  h1_free.o(.text)
    _printf_pre_padding                      0x08000757   Thumb Code    44  _printf_pad.o(.text)
    _printf_post_padding                     0x08000783   Thumb Code    34  _printf_pad.o(.text)
    _printf_truncate_signed                  0x080007a5   Thumb Code    18  _printf_truncate.o(.text)
    _printf_truncate_unsigned                0x080007b7   Thumb Code    18  _printf_truncate.o(.text)
    _printf_str                              0x080007c9   Thumb Code    82  _printf_str.o(.text)
    _printf_int_common                       0x0800081b   Thumb Code   178  _printf_intcommon.o(.text)
    _printf_charcount                        0x080008cd   Thumb Code    40  _printf_charcount.o(.text)
    _printf_char_common                      0x080008ff   Thumb Code    32  _printf_char_common.o(.text)
    _sputc                                   0x08000925   Thumb Code    10  _sputc.o(.text)
    _snputc                                  0x0800092f   Thumb Code    16  _snputc.o(.text)
    _printf_wctomb                           0x08000941   Thumb Code   182  _printf_wctomb.o(.text)
    _printf_longlong_dec                     0x080009fd   Thumb Code   108  _printf_longlong_dec.o(.text)
    _printf_longlong_oct                     0x08000a79   Thumb Code    68  _printf_oct_int_ll.o(.text)
    _printf_int_oct                          0x08000abd   Thumb Code    24  _printf_oct_int_ll.o(.text)
    _printf_ll_oct                           0x08000ad5   Thumb Code    12  _printf_oct_int_ll.o(.text)
    _printf_longlong_hex                     0x08000ae9   Thumb Code    86  _printf_hex_int_ll_ptr.o(.text)
    _printf_int_hex                          0x08000b3f   Thumb Code    28  _printf_hex_int_ll_ptr.o(.text)
    _printf_ll_hex                           0x08000b5b   Thumb Code    12  _printf_hex_int_ll_ptr.o(.text)
    _printf_hex_ptr                          0x08000b67   Thumb Code    18  _printf_hex_int_ll_ptr.o(.text)
    __user_libspace                          0x08000b7d   Thumb Code     8  libspace.o(.text)
    __user_perproc_libspace                  0x08000b7d   Thumb Code     0  libspace.o(.text)
    __user_perthread_libspace                0x08000b7d   Thumb Code     0  libspace.o(.text)
    __Heap_ProvideMemory                     0x08000b85   Thumb Code    52  h1_extend.o(.text)
    _ll_udiv10                               0x08000bb9   Thumb Code   138  lludiv10.o(.text)
    __lib_sel_fp_printf                      0x08000c43   Thumb Code     2  _printf_fp_dec.o(.text)
    _printf_fp_dec_real                      0x08000df1   Thumb Code   620  _printf_fp_dec.o(.text)
    _printf_fp_hex_real                      0x0800105d   Thumb Code   754  _printf_fp_hex.o(.text)
    _printf_cs_common                        0x08001359   Thumb Code    20  _printf_char.o(.text)
    _printf_char                             0x0800136d   Thumb Code    16  _printf_char.o(.text)
    _printf_string                           0x0800137d   Thumb Code     8  _printf_char.o(.text)
    _printf_lcs_common                       0x08001385   Thumb Code    20  _printf_wchar.o(.text)
    _printf_wchar                            0x08001399   Thumb Code    16  _printf_wchar.o(.text)
    _printf_wstring                          0x080013a9   Thumb Code     8  _printf_wchar.o(.text)
    _wcrtomb                                 0x080013b1   Thumb Code    64  _wcrtomb.o(.text)
    __rt_SIGRTMEM                            0x080013f1   Thumb Code    14  defsig_rtmem_outer.o(.text)
    _sys_exit                                0x08001401   Thumb Code     8  sys_exit.o(.text)
    __I$use$semihosting                      0x0800140d   Thumb Code     0  use_no_semi.o(.text)
    __use_no_semihosting_swi                 0x0800140d   Thumb Code     2  use_no_semi.o(.text)
    __semihosting_library_function           0x0800140f   Thumb Code     0  indicate_semi.o(.text)
    __user_setup_stackheap                   0x0800140f   Thumb Code    74  sys_stackheap_outer.o(.text)
    __rt_ctype_table                         0x08001459   Thumb Code    16  rt_ctype_table.o(.text)
    __rt_locale                              0x08001469   Thumb Code     8  rt_locale_intlibspace.o(.text)
    _printf_fp_infnan                        0x08001471   Thumb Code   112  _printf_fp_infnan.o(.text)
    _btod_etento                             0x080014f1   Thumb Code   216  bigflt0.o(.text)
    __sig_exit                               0x080015cd   Thumb Code    10  defsig_exit.o(.text)
    __rt_SIGRTMEM_inner                      0x080015d9   Thumb Code    22  defsig_rtmem_inner.o(.text)
    __default_signal_display                 0x08001629   Thumb Code    50  defsig_general.o(.text)
    strcmp                                   0x0800165d   Thumb Code   128  strcmpv7m.o(.text)
    _ttywrch                                 0x080016dd   Thumb Code    14  sys_wrch.o(.text)
    _btod_d2e                                0x080016eb   Thumb Code    62  btod.o(CL$$btod_d2e)
    _d2e_denorm_low                          0x08001729   Thumb Code    70  btod.o(CL$$btod_d2e_denorm_low)
    _d2e_norm_op1                            0x0800176f   Thumb Code    96  btod.o(CL$$btod_d2e_norm_op1)
    __btod_div_common                        0x080017cf   Thumb Code   696  btod.o(CL$$btod_div_common)
    _e2e                                     0x08001b07   Thumb Code   198  btod.o(CL$$btod_e2e)
    _btod_ediv                               0x08001bcd   Thumb Code    40  btod.o(CL$$btod_ediv)
    _btod_emul                               0x08001bf5   Thumb Code    40  btod.o(CL$$btod_emul)
    __btod_mult_common                       0x08001c1d   Thumb Code   580  btod.o(CL$$btod_mult_common)
    BusFault_Handler                         0x08001e61   Thumb Code     2  stm32f1xx_it.o(i.BusFault_Handler)
    DHT11_Init                               0x08001e65   Thumb Code    82  dht11.o(i.DHT11_Init)
    DHT11_Read_TempAndHumidity               0x08001f49   Thumb Code   176  dht11.o(i.DHT11_Read_TempAndHumidity)
    DMA1_Channel6_IRQHandler                 0x08001ffd   Thumb Code     6  stm32f1xx_it.o(i.DMA1_Channel6_IRQHandler)
    DebugMon_Handler                         0x08002009   Thumb Code     2  stm32f1xx_it.o(i.DebugMon_Handler)
    Delay_us                                 0x0800200d   Thumb Code    16  systick.o(i.Delay_us)
    Error_Handler                            0x08002021   Thumb Code     4  main.o(i.Error_Handler)
    Get_BH1750_Value                         0x08002025   Thumb Code    94  bh1750.o(i.Get_BH1750_Value)
    HAL_DMA_Abort_IT                         0x0800208d   Thumb Code   296  stm32f1xx_hal_dma.o(i.HAL_DMA_Abort_IT)
    HAL_DMA_GetState                         0x080021bd   Thumb Code     6  stm32f1xx_hal_dma.o(i.HAL_DMA_GetState)
    HAL_DMA_IRQHandler                       0x080021c5   Thumb Code   552  stm32f1xx_hal_dma.o(i.HAL_DMA_IRQHandler)
    HAL_DMA_Init                             0x0800240d   Thumb Code   112  stm32f1xx_hal_dma.o(i.HAL_DMA_Init)
    HAL_Delay                                0x08002489   Thumb Code    32  stm32f1xx_hal.o(i.HAL_Delay)
    HAL_Delay_us                             0x080024ad   Thumb Code    44  dht11.o(i.HAL_Delay_us)
    HAL_GPIO_Init                            0x080024dd   Thumb Code   462  stm32f1xx_hal_gpio.o(i.HAL_GPIO_Init)
    HAL_GPIO_ReadPin                         0x080026d5   Thumb Code    10  stm32f1xx_hal_gpio.o(i.HAL_GPIO_ReadPin)
    HAL_GPIO_WritePin                        0x080026df   Thumb Code    10  stm32f1xx_hal_gpio.o(i.HAL_GPIO_WritePin)
    HAL_GetTick                              0x080026e9   Thumb Code     6  stm32f1xx_hal.o(i.HAL_GetTick)
    HAL_I2C_AbortCpltCallback                0x080026f5   Thumb Code     2  stm32f1xx_hal_i2c.o(i.HAL_I2C_AbortCpltCallback)
    HAL_I2C_AddrCallback                     0x080026f7   Thumb Code     2  stm32f1xx_hal_i2c.o(i.HAL_I2C_AddrCallback)
    HAL_I2C_EV_IRQHandler                    0x080026f9   Thumb Code   560  stm32f1xx_hal_i2c.o(i.HAL_I2C_EV_IRQHandler)
    HAL_I2C_ErrorCallback                    0x08002929   Thumb Code     2  stm32f1xx_hal_i2c.o(i.HAL_I2C_ErrorCallback)
    HAL_I2C_Init                             0x0800292d   Thumb Code   376  stm32f1xx_hal_i2c.o(i.HAL_I2C_Init)
    HAL_I2C_ListenCpltCallback               0x08002ab5   Thumb Code     2  stm32f1xx_hal_i2c.o(i.HAL_I2C_ListenCpltCallback)
    HAL_I2C_MasterRxCpltCallback             0x08002ab7   Thumb Code     2  stm32f1xx_hal_i2c.o(i.HAL_I2C_MasterRxCpltCallback)
    HAL_I2C_MasterTxCpltCallback             0x08002ab9   Thumb Code     2  stm32f1xx_hal_i2c.o(i.HAL_I2C_MasterTxCpltCallback)
    HAL_I2C_Master_Receive                   0x08002abd   Thumb Code   564  stm32f1xx_hal_i2c.o(i.HAL_I2C_Master_Receive)
    HAL_I2C_Master_Transmit                  0x08002d01   Thumb Code   290  stm32f1xx_hal_i2c.o(i.HAL_I2C_Master_Transmit)
    HAL_I2C_MemRxCpltCallback                0x08002e2d   Thumb Code     2  stm32f1xx_hal_i2c.o(i.HAL_I2C_MemRxCpltCallback)
    HAL_I2C_MemTxCpltCallback                0x08002e2f   Thumb Code     2  stm32f1xx_hal_i2c.o(i.HAL_I2C_MemTxCpltCallback)
    HAL_I2C_Mem_Write                        0x08002e31   Thumb Code   294  stm32f1xx_hal_i2c.o(i.HAL_I2C_Mem_Write)
    HAL_I2C_MspInit                          0x08002f61   Thumb Code   140  i2c.o(i.HAL_I2C_MspInit)
    HAL_I2C_SlaveRxCpltCallback              0x08003001   Thumb Code     2  stm32f1xx_hal_i2c.o(i.HAL_I2C_SlaveRxCpltCallback)
    HAL_I2C_SlaveTxCpltCallback              0x08003003   Thumb Code     2  stm32f1xx_hal_i2c.o(i.HAL_I2C_SlaveTxCpltCallback)
    HAL_IncTick                              0x08003005   Thumb Code    12  stm32f1xx_hal.o(i.HAL_IncTick)
    HAL_Init                                 0x08003015   Thumb Code    32  stm32f1xx_hal.o(i.HAL_Init)
    HAL_InitTick                             0x08003039   Thumb Code    54  stm32f1xx_hal.o(i.HAL_InitTick)
    HAL_MspInit                              0x08003079   Thumb Code    52  stm32f1xx_hal_msp.o(i.HAL_MspInit)
    HAL_NVIC_EnableIRQ                       0x080030b5   Thumb Code    26  stm32f1xx_hal_cortex.o(i.HAL_NVIC_EnableIRQ)
    HAL_NVIC_SetPriority                     0x080030d1   Thumb Code    60  stm32f1xx_hal_cortex.o(i.HAL_NVIC_SetPriority)
    HAL_NVIC_SetPriorityGrouping             0x08003111   Thumb Code    26  stm32f1xx_hal_cortex.o(i.HAL_NVIC_SetPriorityGrouping)
    HAL_RCC_ClockConfig                      0x08003135   Thumb Code   280  stm32f1xx_hal_rcc.o(i.HAL_RCC_ClockConfig)
    HAL_RCC_GetHCLKFreq                      0x08003261   Thumb Code     6  stm32f1xx_hal_rcc.o(i.HAL_RCC_GetHCLKFreq)
    HAL_RCC_GetPCLK1Freq                     0x0800326d   Thumb Code    20  stm32f1xx_hal_rcc.o(i.HAL_RCC_GetPCLK1Freq)
    HAL_RCC_GetPCLK2Freq                     0x0800328d   Thumb Code    20  stm32f1xx_hal_rcc.o(i.HAL_RCC_GetPCLK2Freq)
    HAL_RCC_GetSysClockFreq                  0x080032ad   Thumb Code    74  stm32f1xx_hal_rcc.o(i.HAL_RCC_GetSysClockFreq)
    HAL_RCC_OscConfig                        0x08003319   Thumb Code   778  stm32f1xx_hal_rcc.o(i.HAL_RCC_OscConfig)
    HAL_SYSTICK_Config                       0x08003639   Thumb Code    40  stm32f1xx_hal_cortex.o(i.HAL_SYSTICK_Config)
    HAL_TIMEx_MasterConfigSynchronization    0x08003661   Thumb Code   104  stm32f1xx_hal_tim_ex.o(i.HAL_TIMEx_MasterConfigSynchronization)
    HAL_TIM_Base_Init                        0x080036dd   Thumb Code    90  stm32f1xx_hal_tim.o(i.HAL_TIM_Base_Init)
    HAL_TIM_Base_MspInit                     0x08003739   Thumb Code    30  tim.o(i.HAL_TIM_Base_MspInit)
    HAL_UART_Init                            0x08003761   Thumb Code    98  stm32f1xx_hal_uart.o(i.HAL_UART_Init)
    HAL_UART_MspInit                         0x080037c5   Thumb Code   100  usart.o(i.HAL_UART_MspInit)
    HAL_UART_Transmit                        0x08003835   Thumb Code   178  stm32f1xx_hal_uart.o(i.HAL_UART_Transmit)
    HardFault_Handler                        0x080038e7   Thumb Code     2  stm32f1xx_it.o(i.HardFault_Handler)
    I2C1_EV_IRQHandler                       0x080038e9   Thumb Code     6  stm32f1xx_it.o(i.I2C1_EV_IRQHandler)
    MX_DMA_Init                              0x08004681   Thumb Code    40  dma.o(i.MX_DMA_Init)
    MX_GPIO_Init                             0x080046ad   Thumb Code   146  gpio.o(i.MX_GPIO_Init)
    MX_I2C1_Init                             0x08004751   Thumb Code    50  i2c.o(i.MX_I2C1_Init)
    MX_TIM6_Init                             0x08004791   Thumb Code    90  tim.o(i.MX_TIM6_Init)
    MX_USART1_UART_Init                      0x080047f5   Thumb Code    48  usart.o(i.MX_USART1_UART_Init)
    MemManage_Handler                        0x0800482d   Thumb Code     2  stm32f1xx_it.o(i.MemManage_Handler)
    NMI_Handler                              0x0800482f   Thumb Code     2  stm32f1xx_it.o(i.NMI_Handler)
    OLED_Clear                               0x08004831   Thumb Code    40  oled.o(i.OLED_Clear)
    OLED_Init                                0x0800485d   Thumb Code   216  oled.o(i.OLED_Init)
    OLED_Refresh_Gram                        0x08004935   Thumb Code    70  oled.o(i.OLED_Refresh_Gram)
    OLED_WR_Byte                             0x08004981   Thumb Code    40  oled.o(i.OLED_WR_Byte)
    PendSV_Handler                           0x080049ad   Thumb Code     2  stm32f1xx_it.o(i.PendSV_Handler)
    SVC_Handler                              0x080049af   Thumb Code     2  stm32f1xx_it.o(i.SVC_Handler)
    SysTick_Handler                          0x080049b1   Thumb Code     4  stm32f1xx_it.o(i.SysTick_Handler)
    SystemClock_Config                       0x080049b5   Thumb Code    94  main.o(i.SystemClock_Config)
    SystemInit                               0x08004a13   Thumb Code     2  system_stm32f1xx.o(i.SystemInit)
    TIM_Base_SetConfig                       0x08004a15   Thumb Code   120  stm32f1xx_hal_tim.o(i.TIM_Base_SetConfig)
    UsageFault_Handler                       0x08004bbd   Thumb Code     2  stm32f1xx_it.o(i.UsageFault_Handler)
    __ARM_fpclassify                         0x08004bbf   Thumb Code    40  fpclassify.o(i.__ARM_fpclassify)
    _is_digit                                0x08004c07   Thumb Code    14  __printf_wp.o(i._is_digit)
    add_child_item                           0x08004c15   Thumb Code    92  directory.o(i.add_child_item)
    add_sibling_item                         0x08004cc5   Thumb Code    86  directory.o(i.add_sibling_item)
    bh1750_config                            0x08004d59   Thumb Code   108  bh1750.o(i.bh1750_config)
    getKeyValue                              0x08004dd9   Thumb Code    22  key.o(i.getKeyValue)
    infoGroupFunction                        0x08004df5   Thumb Code   160  main.o(i.infoGroupFunction)
    key0_callbackFunction                    0x08004eed   Thumb Code    54  main.o(i.key0_callbackFunction)
    key1_callbackFunction                    0x08004f51   Thumb Code    76  main.o(i.key1_callbackFunction)
    key_scan_v2                              0x08004fc9   Thumb Code   244  key.o(i.key_scan_v2)
    main                                     0x080050c5   Thumb Code   132  main.o(i.main)
    menuInit                                 0x08005161   Thumb Code    84  main.o(i.menuInit)
    menu_oled                                0x080051fd   Thumb Code   158  ui.o(i.menu_oled)
    my_button_register                       0x080052a9   Thumb Code    26  key.o(i.my_button_register)
    nullFunction                             0x080052c9   Thumb Code     2  main.o(i.nullFunction)
    tim_init                                 0x080052cb   Thumb Code    36  tim.o(i.tim_init)
    u8g2_ClearBuffer                         0x080052ef   Thumb Code    18  u8g2_buffer.o(i.u8g2_ClearBuffer)
    u8g2_DrawCircle                          0x08005301   Thumb Code    64  u8g2_circle.o(i.u8g2_DrawCircle)
    u8g2_DrawGlyph                           0x08005341   Thumb Code   112  u8g2_font.o(i.u8g2_DrawGlyph)
    u8g2_DrawHLine                           0x080053b1   Thumb Code    12  u8g2_hvline.o(i.u8g2_DrawHLine)
    u8g2_DrawHVLine                          0x080053bd   Thumb Code   172  u8g2_hvline.o(i.u8g2_DrawHVLine)
    u8g2_DrawPixel                           0x08005469   Thumb Code    46  u8g2_hvline.o(i.u8g2_DrawPixel)
    u8g2_DrawRFrame                          0x08005497   Thumb Code   258  u8g2_box.o(i.u8g2_DrawRFrame)
    u8g2_DrawStr                             0x08005599   Thumb Code    12  u8g2_font.o(i.u8g2_DrawStr)
    u8g2_DrawUTF8                            0x080055a9   Thumb Code    12  u8g2_font.o(i.u8g2_DrawUTF8)
    u8g2_DrawVLine                           0x080055b9   Thumb Code    12  u8g2_hvline.o(i.u8g2_DrawVLine)
    u8g2_FirstPage                           0x080055c5   Thumb Code    28  u8g2_buffer.o(i.u8g2_FirstPage)
    u8g2_IsIntersection                      0x080055e1   Thumb Code    48  u8g2_intersection.o(i.u8g2_IsIntersection)
    u8g2_NextPage                            0x08005611   Thumb Code    62  u8g2_buffer.o(i.u8g2_NextPage)
    u8g2_SendBuffer                          0x0800564f   Thumb Code    18  u8g2_buffer.o(i.u8g2_SendBuffer)
    u8g2_SetBufferCurrTileRow                0x08005661   Thumb Code    28  u8g2_buffer.o(i.u8g2_SetBufferCurrTileRow)
    u8g2_SetFont                             0x0800567d   Thumb Code    32  u8g2_font.o(i.u8g2_SetFont)
    u8g2_SetFontPosBaseline                  0x0800569d   Thumb Code     6  u8g2_font.o(i.u8g2_SetFontPosBaseline)
    u8g2_SetMaxClipWindow                    0x080056a9   Thumb Code    28  u8g2_setup.o(i.u8g2_SetMaxClipWindow)
    u8g2_SetupBuffer                         0x080056c5   Thumb Code    70  u8g2_setup.o(i.u8g2_SetupBuffer)
    u8g2_Setup_ssd1306_i2c_128x64_noname_1   0x0800570d   Thumb Code    42  u8g2_d_setup.o(i.u8g2_Setup_ssd1306_i2c_128x64_noname_1)
    u8g2_UpdateRefHeight                     0x08005745   Thumb Code    82  u8g2_font.o(i.u8g2_UpdateRefHeight)
    u8g2_add_vector_x                        0x08005797   Thumb Code    28  u8g2_font.o(i.u8g2_add_vector_x)
    u8g2_add_vector_y                        0x080057b3   Thumb Code    28  u8g2_font.o(i.u8g2_add_vector_y)
    u8g2_draw_hv_line_2dir                   0x0800599d   Thumb Code    18  u8g2_hvline.o(i.u8g2_draw_hv_line_2dir)
    u8g2_draw_l90_r0                         0x080059af   Thumb Code    12  u8g2_setup.o(i.u8g2_draw_l90_r0)
    u8g2_font_calc_vref_font                 0x08005a31   Thumb Code     4  u8g2_font.o(i.u8g2_font_calc_vref_font)
    u8g2_font_decode_get_signed_bits         0x08005a35   Thumb Code    20  u8g2_font.o(i.u8g2_font_decode_get_signed_bits)
    u8g2_font_decode_get_unsigned_bits       0x08005a49   Thumb Code    52  u8g2_font.o(i.u8g2_font_decode_get_unsigned_bits)
    u8g2_font_decode_glyph                   0x08005a7d   Thumb Code   276  u8g2_font.o(i.u8g2_font_decode_glyph)
    u8g2_font_decode_len                     0x08005b91   Thumb Code   140  u8g2_font.o(i.u8g2_font_decode_len)
    u8g2_font_get_glyph_data                 0x08005c1d   Thumb Code   114  u8g2_font.o(i.u8g2_font_get_glyph_data)
    u8g2_is_intersection_decision_tree       0x08005cd7   Thumb Code    24  u8g2_intersection.o(i.u8g2_is_intersection_decision_tree)
    u8g2_ll_hvline_vertical_top_lsb          0x08005cef   Thumb Code   142  u8g2_ll_hvline.o(i.u8g2_ll_hvline_vertical_top_lsb)
    u8g2_m_16_8_1                            0x08005d7d   Thumb Code     8  u8g2_d_memory.o(i.u8g2_m_16_8_1)
    u8g2_read_font_info                      0x08005d89   Thumb Code   106  u8g2_font.o(i.u8g2_read_font_info)
    u8g2_update_dimension_r0                 0x08005e87   Thumb Code     4  u8g2_setup.o(i.u8g2_update_dimension_r0)
    u8g2_update_page_win_r0                  0x08005e8b   Thumb Code    34  u8g2_setup.o(i.u8g2_update_page_win_r0)
    u8x8_DrawTile                            0x08005ead   Thumb Code    30  u8x8_display.o(i.u8x8_DrawTile)
    u8x8_InitDisplay                         0x08005ecb   Thumb Code    16  u8x8_display.o(i.u8x8_InitDisplay)
    u8x8_RefreshDisplay                      0x08005edb   Thumb Code    16  u8x8_display.o(i.u8x8_RefreshDisplay)
    u8x8_SetPowerSave                        0x08005eeb   Thumb Code    16  u8x8_display.o(i.u8x8_SetPowerSave)
    u8x8_Setup                               0x08005efb   Thumb Code    34  u8x8_setup.o(i.u8x8_Setup)
    u8x8_SetupDefaults                       0x08005f1d   Thumb Code    32  u8x8_setup.o(i.u8x8_SetupDefaults)
    u8x8_SetupMemory                         0x08005f41   Thumb Code    16  u8x8_display.o(i.u8x8_SetupMemory)
    u8x8_ascii_next                          0x08005f51   Thumb Code    14  u8x8_8x8.o(i.u8x8_ascii_next)
    u8x8_byte_EndTransfer                    0x08005f5f   Thumb Code    16  u8x8_byte.o(i.u8x8_byte_EndTransfer)
    u8x8_byte_SendByte                       0x08005f6f   Thumb Code    14  u8x8_byte.o(i.u8x8_byte_SendByte)
    u8x8_byte_StartTransfer                  0x08005f7d   Thumb Code    16  u8x8_byte.o(i.u8x8_byte_StartTransfer)
    u8x8_byte_i2c                            0x08005f8d   Thumb Code    80  ui.o(i.u8x8_byte_i2c)
    u8x8_cad_EndTransfer                     0x08005fe9   Thumb Code    16  u8x8_cad.o(i.u8x8_cad_EndTransfer)
    u8x8_cad_SendArg                         0x08005ff9   Thumb Code    16  u8x8_cad.o(i.u8x8_cad_SendArg)
    u8x8_cad_SendCmd                         0x08006009   Thumb Code    16  u8x8_cad.o(i.u8x8_cad_SendCmd)
    u8x8_cad_SendData                        0x08006019   Thumb Code    16  u8x8_cad.o(i.u8x8_cad_SendData)
    u8x8_cad_SendSequence                    0x08006029   Thumb Code   104  u8x8_cad.o(i.u8x8_cad_SendSequence)
    u8x8_cad_StartTransfer                   0x08006091   Thumb Code    16  u8x8_cad.o(i.u8x8_cad_StartTransfer)
    u8x8_cad_ssd13xx_fast_i2c                0x080060a1   Thumb Code   182  u8x8_cad.o(i.u8x8_cad_ssd13xx_fast_i2c)
    u8x8_d_helper_display_init               0x0800615d   Thumb Code    96  u8x8_display.o(i.u8x8_d_helper_display_init)
    u8x8_d_helper_display_setup_memory       0x080061bd   Thumb Code    10  u8x8_display.o(i.u8x8_d_helper_display_setup_memory)
    u8x8_d_ssd1306_128x64_noname             0x080061c9   Thumb Code    52  u8x8_d_ssd1306_128x64_noname.o(i.u8x8_d_ssd1306_128x64_noname)
    u8x8_dummy_cb                            0x080062cd   Thumb Code     4  u8x8_setup.o(i.u8x8_dummy_cb)
    u8x8_gpio_and_delay                      0x080062d1   Thumb Code   114  ui.o(i.u8x8_gpio_and_delay)
    u8x8_gpio_call                           0x08006349   Thumb Code    12  u8x8_gpio.o(i.u8x8_gpio_call)
    u8x8_utf8_init                           0x08006381   Thumb Code     8  u8x8_8x8.o(i.u8x8_utf8_init)
    u8x8_utf8_next                           0x08006389   Thumb Code   144  u8x8_8x8.o(i.u8x8_utf8_next)
    uiEffectChangeSpeed                      0x08006419   Thumb Code    72  ui.o(i.uiEffectChangeSpeed)
    usart_print                              0x08006461   Thumb Code    48  usart.o(i.usart_print)
    _get_lc_numeric                          0x08006491   Thumb Code    44  lc_numeric_c.o(locale$$code)
    _get_lc_ctype                            0x080064bd   Thumb Code    44  lc_ctype_c.o(locale$$code)
    __aeabi_ddiv                             0x080064e9   Thumb Code     0  ddiv.o(x$fpl$ddiv)
    _ddiv                                    0x080064e9   Thumb Code   552  ddiv.o(x$fpl$ddiv)
    __aeabi_d2iz                             0x08006799   Thumb Code     0  dfix.o(x$fpl$dfix)
    _dfix                                    0x08006799   Thumb Code    94  dfix.o(x$fpl$dfix)
    __aeabi_ui2d                             0x080067f7   Thumb Code     0  dflt_clz.o(x$fpl$dfltu)
    _dfltu                                   0x080067f7   Thumb Code    38  dflt_clz.o(x$fpl$dfltu)
    __fpl_dnaninf                            0x0800681d   Thumb Code   156  dnaninf.o(x$fpl$dnaninf)
    __fpl_dretinf                            0x080068b9   Thumb Code    12  dretinf.o(x$fpl$dretinf)
    _printf_fp_dec                           0x080068c5   Thumb Code     4  printf1.o(x$fpl$printf1)
    _printf_fp_hex                           0x080068c9   Thumb Code     4  printf2.o(x$fpl$printf2)
    AHBPrescTable                            0x080068cc   Data          16  system_stm32f1xx.o(.constdata)
    __I$use$fp                               0x080068cc   Number         0  usenofp.o(x$fpl$usenofp)
    APBPrescTable                            0x080068dc   Data           8  system_stm32f1xx.o(.constdata)
    u8g2_font_6x10_tf                        0x080068e4   Data        2000  u8g2_fonts.o(.constdata)
    u8g2_font_t0_16_tf                       0x080070b4   Data        2556  u8g2_fonts.o(.constdata)
    u8g2_cb_r0                               0x08007ab0   Data          12  u8g2_setup.o(.constdata)
    Region$$Table$$Base                      0x08007d14   Number         0  anon$$obj.o(Region$$Table)
    Region$$Table$$Limit                     0x08007d34   Number         0  anon$$obj.o(Region$$Table)
    __ctype                                  0x08007d5d   Data           0  lc_ctype_c.o(locale$$data)
    uwTickFreq                               0x20000000   Data           1  stm32f1xx_hal.o(.data)
    uwTickPrio                               0x20000004   Data           4  stm32f1xx_hal.o(.data)
    uwTick                                   0x20000008   Data           4  stm32f1xx_hal.o(.data)
    SystemCoreClock                          0x2000000c   Data           4  system_stm32f1xx.o(.data)
    u8g2                                     0x20000050   Data         148  main.o(.bss)
    sys_info                                 0x200000e4   Data          12  main.o(.bss)
    hi2c1                                    0x200000f0   Data          84  i2c.o(.bss)
    hdma_i2c1_tx                             0x20000144   Data          68  i2c.o(.bss)
    htim6                                    0x20000188   Data          72  tim.o(.bss)
    huart1                                   0x200001d0   Data          68  usart.o(.bss)
    OLED_GRAM                                0x20000214   Data        1024  oled.o(.bss)
    hi2c2                                    0x20000624   Data          84  bh1750.o(.bss)
    __libspace_start                         0x20000718   Data          96  libspace.o(.bss)
    __temporary_stack_top$libspace           0x20000778   Data           0  libspace.o(.bss)



==============================================================================

Memory Map of the image

  Image Entry point : 0x08000131

  Load Region LR_IROM1 (Base: 0x08000000, Size: 0x00007e88, Max: 0x00080000, ABSOLUTE)

    Execution Region ER_IROM1 (Base: 0x08000000, Size: 0x00007e60, Max: 0x00080000, ABSOLUTE)

    Base Addr    Size         Type   Attr      Idx    E Section Name        Object

    0x08000000   0x00000130   Data   RO            3    RESET               startup_stm32f103xe.o
    0x08000130   0x00000008   Code   RO         8447  * !!!main             c_w.l(__main.o)
    0x08000138   0x00000034   Code   RO         8811    !!!scatter          c_w.l(__scatter.o)
    0x0800016c   0x0000001a   Code   RO         8813    !!handler_copy      c_w.l(__scatter_copy.o)
    0x08000186   0x00000002   PAD
    0x08000188   0x0000001c   Code   RO         8815    !!handler_zi        c_w.l(__scatter_zi.o)
    0x080001a4   0x00000000   Code   RO         8436    .ARM.Collect$$_printf_percent$$00000000  c_w.l(_printf_percent.o)
    0x080001a4   0x00000006   Code   RO         8549    .ARM.Collect$$_printf_percent$$00000001  c_w.l(_printf_n.o)
    0x080001aa   0x00000006   Code   RO         8551    .ARM.Collect$$_printf_percent$$00000002  c_w.l(_printf_p.o)
    0x080001b0   0x00000006   Code   RO         8555    .ARM.Collect$$_printf_percent$$00000003  c_w.l(_printf_f.o)
    0x080001b6   0x00000006   Code   RO         8556    .ARM.Collect$$_printf_percent$$00000004  c_w.l(_printf_e.o)
    0x080001bc   0x00000006   Code   RO         8557    .ARM.Collect$$_printf_percent$$00000005  c_w.l(_printf_g.o)
    0x080001c2   0x00000006   Code   RO         8558    .ARM.Collect$$_printf_percent$$00000006  c_w.l(_printf_a.o)
    0x080001c8   0x0000000a   Code   RO         8563    .ARM.Collect$$_printf_percent$$00000007  c_w.l(_printf_ll.o)
    0x080001d2   0x00000006   Code   RO         8553    .ARM.Collect$$_printf_percent$$00000008  c_w.l(_printf_i.o)
    0x080001d8   0x00000006   Code   RO         8435    .ARM.Collect$$_printf_percent$$00000009  c_w.l(_printf_d.o)
    0x080001de   0x00000006   Code   RO         8554    .ARM.Collect$$_printf_percent$$0000000A  c_w.l(_printf_u.o)
    0x080001e4   0x00000006   Code   RO         8552    .ARM.Collect$$_printf_percent$$0000000B  c_w.l(_printf_o.o)
    0x080001ea   0x00000006   Code   RO         8550    .ARM.Collect$$_printf_percent$$0000000C  c_w.l(_printf_x.o)
    0x080001f0   0x00000006   Code   RO         8560    .ARM.Collect$$_printf_percent$$0000000D  c_w.l(_printf_lli.o)
    0x080001f6   0x00000006   Code   RO         8561    .ARM.Collect$$_printf_percent$$0000000E  c_w.l(_printf_lld.o)
    0x080001fc   0x00000006   Code   RO         8562    .ARM.Collect$$_printf_percent$$0000000F  c_w.l(_printf_llu.o)
    0x08000202   0x00000006   Code   RO         8567    .ARM.Collect$$_printf_percent$$00000010  c_w.l(_printf_llo.o)
    0x08000208   0x00000006   Code   RO         8568    .ARM.Collect$$_printf_percent$$00000011  c_w.l(_printf_llx.o)
    0x0800020e   0x0000000a   Code   RO         8564    .ARM.Collect$$_printf_percent$$00000012  c_w.l(_printf_l.o)
    0x08000218   0x00000006   Code   RO         8547    .ARM.Collect$$_printf_percent$$00000013  c_w.l(_printf_c.o)
    0x0800021e   0x00000006   Code   RO         8548    .ARM.Collect$$_printf_percent$$00000014  c_w.l(_printf_s.o)
    0x08000224   0x00000006   Code   RO         8565    .ARM.Collect$$_printf_percent$$00000015  c_w.l(_printf_lc.o)
    0x0800022a   0x00000006   Code   RO         8566    .ARM.Collect$$_printf_percent$$00000016  c_w.l(_printf_ls.o)
    0x08000230   0x00000004   Code   RO         8559    .ARM.Collect$$_printf_percent$$00000017  c_w.l(_printf_percent_end.o)
    0x08000234   0x00000002   Code   RO         8755    .ARM.Collect$$libinit$$00000000  c_w.l(libinit.o)
    0x08000236   0x00000000   Code   RO         8574    .ARM.Collect$$libinit$$00000002  c_w.l(libinit2.o)
    0x08000236   0x00000000   Code   RO         8576    .ARM.Collect$$libinit$$00000004  c_w.l(libinit2.o)
    0x08000236   0x00000008   Code   RO         8577    .ARM.Collect$$libinit$$00000005  c_w.l(libinit2.o)
    0x0800023e   0x00000000   Code   RO         8579    .ARM.Collect$$libinit$$0000000A  c_w.l(libinit2.o)
    0x0800023e   0x00000000   Code   RO         8581    .ARM.Collect$$libinit$$0000000C  c_w.l(libinit2.o)
    0x0800023e   0x00000000   Code   RO         8583    .ARM.Collect$$libinit$$0000000E  c_w.l(libinit2.o)
    0x0800023e   0x00000006   Code   RO         8584    .ARM.Collect$$libinit$$0000000F  c_w.l(libinit2.o)
    0x08000244   0x00000000   Code   RO         8586    .ARM.Collect$$libinit$$00000011  c_w.l(libinit2.o)
    0x08000244   0x0000000c   Code   RO         8587    .ARM.Collect$$libinit$$00000012  c_w.l(libinit2.o)
    0x08000250   0x00000000   Code   RO         8588    .ARM.Collect$$libinit$$00000013  c_w.l(libinit2.o)
    0x08000250   0x00000000   Code   RO         8590    .ARM.Collect$$libinit$$00000015  c_w.l(libinit2.o)
    0x08000250   0x0000000a   Code   RO         8591    .ARM.Collect$$libinit$$00000016  c_w.l(libinit2.o)
    0x0800025a   0x00000000   Code   RO         8592    .ARM.Collect$$libinit$$00000017  c_w.l(libinit2.o)
    0x0800025a   0x00000000   Code   RO         8594    .ARM.Collect$$libinit$$00000019  c_w.l(libinit2.o)
    0x0800025a   0x00000000   Code   RO         8596    .ARM.Collect$$libinit$$0000001B  c_w.l(libinit2.o)
    0x0800025a   0x00000000   Code   RO         8598    .ARM.Collect$$libinit$$0000001D  c_w.l(libinit2.o)
    0x0800025a   0x00000000   Code   RO         8600    .ARM.Collect$$libinit$$0000001F  c_w.l(libinit2.o)
    0x0800025a   0x00000000   Code   RO         8602    .ARM.Collect$$libinit$$00000021  c_w.l(libinit2.o)
    0x0800025a   0x00000000   Code   RO         8604    .ARM.Collect$$libinit$$00000023  c_w.l(libinit2.o)
    0x0800025a   0x00000000   Code   RO         8606    .ARM.Collect$$libinit$$00000025  c_w.l(libinit2.o)
    0x0800025a   0x00000000   Code   RO         8610    .ARM.Collect$$libinit$$0000002C  c_w.l(libinit2.o)
    0x0800025a   0x00000000   Code   RO         8612    .ARM.Collect$$libinit$$0000002E  c_w.l(libinit2.o)
    0x0800025a   0x00000000   Code   RO         8614    .ARM.Collect$$libinit$$00000030  c_w.l(libinit2.o)
    0x0800025a   0x00000000   Code   RO         8616    .ARM.Collect$$libinit$$00000032  c_w.l(libinit2.o)
    0x0800025a   0x00000002   Code   RO         8617    .ARM.Collect$$libinit$$00000033  c_w.l(libinit2.o)
    0x0800025c   0x00000002   Code   RO         8756    .ARM.Collect$$libshutdown$$00000000  c_w.l(libshutdown.o)
    0x0800025e   0x00000000   Code   RO         8776    .ARM.Collect$$libshutdown$$00000003  c_w.l(libshutdown2.o)
    0x0800025e   0x00000000   Code   RO         8779    .ARM.Collect$$libshutdown$$00000006  c_w.l(libshutdown2.o)
    0x0800025e   0x00000000   Code   RO         8782    .ARM.Collect$$libshutdown$$00000009  c_w.l(libshutdown2.o)
    0x0800025e   0x00000000   Code   RO         8784    .ARM.Collect$$libshutdown$$0000000B  c_w.l(libshutdown2.o)
    0x0800025e   0x00000000   Code   RO         8787    .ARM.Collect$$libshutdown$$0000000E  c_w.l(libshutdown2.o)
    0x0800025e   0x00000002   Code   RO         8788    .ARM.Collect$$libshutdown$$0000000F  c_w.l(libshutdown2.o)
    0x08000260   0x00000000   Code   RO         8465    .ARM.Collect$$rtentry$$00000000  c_w.l(__rtentry.o)
    0x08000260   0x00000000   Code   RO         8637    .ARM.Collect$$rtentry$$00000002  c_w.l(__rtentry2.o)
    0x08000260   0x00000006   Code   RO         8649    .ARM.Collect$$rtentry$$00000004  c_w.l(__rtentry4.o)
    0x08000266   0x00000000   Code   RO         8639    .ARM.Collect$$rtentry$$00000009  c_w.l(__rtentry2.o)
    0x08000266   0x00000004   Code   RO         8640    .ARM.Collect$$rtentry$$0000000A  c_w.l(__rtentry2.o)
    0x0800026a   0x00000000   Code   RO         8642    .ARM.Collect$$rtentry$$0000000C  c_w.l(__rtentry2.o)
    0x0800026a   0x00000008   Code   RO         8643    .ARM.Collect$$rtentry$$0000000D  c_w.l(__rtentry2.o)
    0x08000272   0x00000002   Code   RO         8466    .ARM.Collect$$rtexit$$00000000  c_w.l(rtexit.o)
    0x08000274   0x00000000   Code   RO         8652    .ARM.Collect$$rtexit$$00000002  c_w.l(rtexit2.o)
    0x08000274   0x00000004   Code   RO         8653    .ARM.Collect$$rtexit$$00000003  c_w.l(rtexit2.o)
    0x08000278   0x00000006   Code   RO         8654    .ARM.Collect$$rtexit$$00000004  c_w.l(rtexit2.o)
    0x0800027e   0x00000002   PAD
    0x08000280   0x00000000   Code   RO         8660    .emb_text           c_w.l(maybetermalloc1.o)
    0x08000280   0x00000040   Code   RO            4    .text               startup_stm32f103xe.o
    0x080002c0   0x0000005e   Code   RO         8349    .text               c_w.l(h1_alloc.o)
    0x0800031e   0x00000002   PAD
    0x08000320   0x00000034   Code   RO         8405    .text               c_w.l(vsnprintf.o)
    0x08000354   0x0000002c   Code   RO         8407    .text               c_w.l(__2sprintf.o)
    0x08000380   0x00000078   Code   RO         8413    .text               c_w.l(_printf_dec.o)
    0x080003f8   0x00000188   Code   RO         8432    .text               c_w.l(__printf_flags_ss_wp.o)
    0x08000580   0x0000000c   Code   RO         8437    .text               c_w.l(exit.o)
    0x0800058c   0x0000003e   Code   RO         8439    .text               c_w.l(strlen.o)
    0x080005ca   0x00000044   Code   RO         8441    .text               c_w.l(rt_memclr.o)
    0x0800060e   0x0000004e   Code   RO         8443    .text               c_w.l(rt_memclr_w.o)
    0x0800065c   0x00000006   Code   RO         8445    .text               c_w.l(heapauxi.o)
    0x08000662   0x00000002   PAD
    0x08000664   0x00000008   Code   RO         8471    .text               c_w.l(rt_heap_descriptor_intlibspace.o)
    0x0800066c   0x00000004   Code   RO         8473    .text               c_w.l(hguard.o)
    0x08000670   0x0000008a   Code   RO         8475    .text               c_w.l(init_alloc.o)
    0x080006fa   0x0000000e   Code   RO         8481    .text               c_w.l(h1_init.o)
    0x08000708   0x0000004e   Code   RO         8483    .text               c_w.l(h1_free.o)
    0x08000756   0x0000004e   Code   RO         8499    .text               c_w.l(_printf_pad.o)
    0x080007a4   0x00000024   Code   RO         8501    .text               c_w.l(_printf_truncate.o)
    0x080007c8   0x00000052   Code   RO         8503    .text               c_w.l(_printf_str.o)
    0x0800081a   0x000000b2   Code   RO         8505    .text               c_w.l(_printf_intcommon.o)
    0x080008cc   0x00000028   Code   RO         8507    .text               c_w.l(_printf_charcount.o)
    0x080008f4   0x00000030   Code   RO         8509    .text               c_w.l(_printf_char_common.o)
    0x08000924   0x0000000a   Code   RO         8511    .text               c_w.l(_sputc.o)
    0x0800092e   0x00000010   Code   RO         8513    .text               c_w.l(_snputc.o)
    0x0800093e   0x00000002   PAD
    0x08000940   0x000000bc   Code   RO         8515    .text               c_w.l(_printf_wctomb.o)
    0x080009fc   0x0000007c   Code   RO         8518    .text               c_w.l(_printf_longlong_dec.o)
    0x08000a78   0x00000070   Code   RO         8524    .text               c_w.l(_printf_oct_int_ll.o)
    0x08000ae8   0x00000094   Code   RO         8544    .text               c_w.l(_printf_hex_int_ll_ptr.o)
    0x08000b7c   0x00000008   Code   RO         8633    .text               c_w.l(libspace.o)
    0x08000b84   0x00000034   Code   RO         8662    .text               c_w.l(h1_extend.o)
    0x08000bb8   0x0000008a   Code   RO         8666    .text               c_w.l(lludiv10.o)
    0x08000c42   0x0000041a   Code   RO         8668    .text               c_w.l(_printf_fp_dec.o)
    0x0800105c   0x000002fc   Code   RO         8670    .text               c_w.l(_printf_fp_hex.o)
    0x08001358   0x0000002c   Code   RO         8675    .text               c_w.l(_printf_char.o)
    0x08001384   0x0000002c   Code   RO         8677    .text               c_w.l(_printf_wchar.o)
    0x080013b0   0x00000040   Code   RO         8679    .text               c_w.l(_wcrtomb.o)
    0x080013f0   0x0000000e   Code   RO         8681    .text               c_w.l(defsig_rtmem_outer.o)
    0x080013fe   0x00000002   PAD
    0x08001400   0x0000000c   Code   RO         8692    .text               c_w.l(sys_exit.o)
    0x0800140c   0x00000002   Code   RO         8694    .text               c_w.l(use_no_semi.o)
    0x0800140e   0x00000000   Code   RO         8696    .text               c_w.l(indicate_semi.o)
    0x0800140e   0x0000004a   Code   RO         8697    .text               c_w.l(sys_stackheap_outer.o)
    0x08001458   0x00000010   Code   RO         8699    .text               c_w.l(rt_ctype_table.o)
    0x08001468   0x00000008   Code   RO         8706    .text               c_w.l(rt_locale_intlibspace.o)
    0x08001470   0x00000080   Code   RO         8710    .text               c_w.l(_printf_fp_infnan.o)
    0x080014f0   0x000000dc   Code   RO         8712    .text               c_w.l(bigflt0.o)
    0x080015cc   0x0000000a   Code   RO         8740    .text               c_w.l(defsig_exit.o)
    0x080015d6   0x00000002   PAD
    0x080015d8   0x00000050   Code   RO         8742    .text               c_w.l(defsig_rtmem_inner.o)
    0x08001628   0x00000032   Code   RO         8770    .text               c_w.l(defsig_general.o)
    0x0800165a   0x00000002   PAD
    0x0800165c   0x00000080   Code   RO         8772    .text               c_w.l(strcmpv7m.o)
    0x080016dc   0x0000000e   Code   RO         8789    .text               c_w.l(sys_wrch.o)
    0x080016ea   0x0000003e   Code   RO         8715    CL$$btod_d2e        c_w.l(btod.o)
    0x08001728   0x00000046   Code   RO         8717    CL$$btod_d2e_denorm_low  c_w.l(btod.o)
    0x0800176e   0x00000060   Code   RO         8716    CL$$btod_d2e_norm_op1  c_w.l(btod.o)
    0x080017ce   0x00000338   Code   RO         8725    CL$$btod_div_common  c_w.l(btod.o)
    0x08001b06   0x000000c6   Code   RO         8722    CL$$btod_e2e        c_w.l(btod.o)
    0x08001bcc   0x00000028   Code   RO         8719    CL$$btod_ediv       c_w.l(btod.o)
    0x08001bf4   0x00000028   Code   RO         8718    CL$$btod_emul       c_w.l(btod.o)
    0x08001c1c   0x00000244   Code   RO         8724    CL$$btod_mult_common  c_w.l(btod.o)
    0x08001e60   0x00000002   Code   RO          434    i.BusFault_Handler  stm32f1xx_it.o
    0x08001e62   0x00000002   PAD
    0x08001e64   0x0000005c   Code   RO         3556    i.DHT11_Init        dht11.o
    0x08001ec0   0x00000020   Code   RO         3557    i.DHT11_Mode_Out_PP  dht11.o
    0x08001ee0   0x00000068   Code   RO         3558    i.DHT11_ReadByte    dht11.o
    0x08001f48   0x000000b4   Code   RO         3559    i.DHT11_Read_TempAndHumidity  dht11.o
    0x08001ffc   0x0000000c   Code   RO          435    i.DMA1_Channel6_IRQHandler  stm32f1xx_it.o
    0x08002008   0x00000002   Code   RO          436    i.DebugMon_Handler  stm32f1xx_it.o
    0x0800200a   0x00000002   PAD
    0x0800200c   0x00000014   Code   RO         3456    i.Delay_us          systick.o
    0x08002020   0x00000004   Code   RO           13    i.Error_Handler     main.o
    0x08002024   0x00000068   Code   RO         3610    i.Get_BH1750_Value  bh1750.o
    0x0800208c   0x00000130   Code   RO         1394    i.HAL_DMA_Abort_IT  stm32f1xx_hal_dma.o
    0x080021bc   0x00000006   Code   RO         1397    i.HAL_DMA_GetState  stm32f1xx_hal_dma.o
    0x080021c2   0x00000002   PAD
    0x080021c4   0x00000248   Code   RO         1398    i.HAL_DMA_IRQHandler  stm32f1xx_hal_dma.o
    0x0800240c   0x0000007c   Code   RO         1399    i.HAL_DMA_Init      stm32f1xx_hal_dma.o
    0x08002488   0x00000024   Code   RO         1021    i.HAL_Delay         stm32f1xx_hal.o
    0x080024ac   0x00000030   Code   RO         3561    i.HAL_Delay_us      dht11.o
    0x080024dc   0x000001f8   Code   RO         1329    i.HAL_GPIO_Init     stm32f1xx_hal_gpio.o
    0x080026d4   0x0000000a   Code   RO         1331    i.HAL_GPIO_ReadPin  stm32f1xx_hal_gpio.o
    0x080026de   0x0000000a   Code   RO         1333    i.HAL_GPIO_WritePin  stm32f1xx_hal_gpio.o
    0x080026e8   0x0000000c   Code   RO         1025    i.HAL_GetTick       stm32f1xx_hal.o
    0x080026f4   0x00000002   Code   RO          582    i.HAL_I2C_AbortCpltCallback  stm32f1xx_hal_i2c.o
    0x080026f6   0x00000002   Code   RO          583    i.HAL_I2C_AddrCallback  stm32f1xx_hal_i2c.o
    0x080026f8   0x00000230   Code   RO          587    i.HAL_I2C_EV_IRQHandler  stm32f1xx_hal_i2c.o
    0x08002928   0x00000002   Code   RO          589    i.HAL_I2C_ErrorCallback  stm32f1xx_hal_i2c.o
    0x0800292a   0x00000002   PAD
    0x0800292c   0x00000188   Code   RO          593    i.HAL_I2C_Init      stm32f1xx_hal_i2c.o
    0x08002ab4   0x00000002   Code   RO          595    i.HAL_I2C_ListenCpltCallback  stm32f1xx_hal_i2c.o
    0x08002ab6   0x00000002   Code   RO          596    i.HAL_I2C_MasterRxCpltCallback  stm32f1xx_hal_i2c.o
    0x08002ab8   0x00000002   Code   RO          597    i.HAL_I2C_MasterTxCpltCallback  stm32f1xx_hal_i2c.o
    0x08002aba   0x00000002   PAD
    0x08002abc   0x00000244   Code   RO          599    i.HAL_I2C_Master_Receive  stm32f1xx_hal_i2c.o
    0x08002d00   0x0000012c   Code   RO          606    i.HAL_I2C_Master_Transmit  stm32f1xx_hal_i2c.o
    0x08002e2c   0x00000002   Code   RO          609    i.HAL_I2C_MemRxCpltCallback  stm32f1xx_hal_i2c.o
    0x08002e2e   0x00000002   Code   RO          610    i.HAL_I2C_MemTxCpltCallback  stm32f1xx_hal_i2c.o
    0x08002e30   0x00000130   Code   RO          614    i.HAL_I2C_Mem_Write  stm32f1xx_hal_i2c.o
    0x08002f60   0x000000a0   Code   RO          297    i.HAL_I2C_MspInit   i2c.o
    0x08003000   0x00000002   Code   RO          619    i.HAL_I2C_SlaveRxCpltCallback  stm32f1xx_hal_i2c.o
    0x08003002   0x00000002   Code   RO          620    i.HAL_I2C_SlaveTxCpltCallback  stm32f1xx_hal_i2c.o
    0x08003004   0x00000010   Code   RO         1031    i.HAL_IncTick       stm32f1xx_hal.o
    0x08003014   0x00000024   Code   RO         1032    i.HAL_Init          stm32f1xx_hal.o
    0x08003038   0x00000040   Code   RO         1033    i.HAL_InitTick      stm32f1xx_hal.o
    0x08003078   0x0000003c   Code   RO          522    i.HAL_MspInit       stm32f1xx_hal_msp.o
    0x080030b4   0x0000001a   Code   RO         1489    i.HAL_NVIC_EnableIRQ  stm32f1xx_hal_cortex.o
    0x080030ce   0x00000002   PAD
    0x080030d0   0x00000040   Code   RO         1495    i.HAL_NVIC_SetPriority  stm32f1xx_hal_cortex.o
    0x08003110   0x00000024   Code   RO         1496    i.HAL_NVIC_SetPriorityGrouping  stm32f1xx_hal_cortex.o
    0x08003134   0x0000012c   Code   RO         1189    i.HAL_RCC_ClockConfig  stm32f1xx_hal_rcc.o
    0x08003260   0x0000000c   Code   RO         1194    i.HAL_RCC_GetHCLKFreq  stm32f1xx_hal_rcc.o
    0x0800326c   0x00000020   Code   RO         1196    i.HAL_RCC_GetPCLK1Freq  stm32f1xx_hal_rcc.o
    0x0800328c   0x00000020   Code   RO         1197    i.HAL_RCC_GetPCLK2Freq  stm32f1xx_hal_rcc.o
    0x080032ac   0x0000006c   Code   RO         1198    i.HAL_RCC_GetSysClockFreq  stm32f1xx_hal_rcc.o
    0x08003318   0x00000320   Code   RO         1201    i.HAL_RCC_OscConfig  stm32f1xx_hal_rcc.o
    0x08003638   0x00000028   Code   RO         1500    i.HAL_SYSTICK_Config  stm32f1xx_hal_cortex.o
    0x08003660   0x0000007c   Code   RO         2714    i.HAL_TIMEx_MasterConfigSynchronization  stm32f1xx_hal_tim_ex.o
    0x080036dc   0x0000005a   Code   RO         1991    i.HAL_TIM_Base_Init  stm32f1xx_hal_tim.o
    0x08003736   0x00000002   PAD
    0x08003738   0x00000028   Code   RO          339    i.HAL_TIM_Base_MspInit  tim.o
    0x08003760   0x00000062   Code   RO         2991    i.HAL_UART_Init     stm32f1xx_hal_uart.o
    0x080037c2   0x00000002   PAD
    0x080037c4   0x00000070   Code   RO          387    i.HAL_UART_MspInit  usart.o
    0x08003834   0x000000b2   Code   RO         2999    i.HAL_UART_Transmit  stm32f1xx_hal_uart.o
    0x080038e6   0x00000002   Code   RO          437    i.HardFault_Handler  stm32f1xx_it.o
    0x080038e8   0x0000000c   Code   RO          438    i.I2C1_EV_IRQHandler  stm32f1xx_it.o
    0x080038f4   0x000000bc   Code   RO          631    i.I2C_DMAAbort      stm32f1xx_hal_i2c.o
    0x080039b0   0x00000158   Code   RO          634    i.I2C_ITError       stm32f1xx_hal_i2c.o
    0x08003b08   0x0000002e   Code   RO          635    i.I2C_IsAcknowledgeFailed  stm32f1xx_hal_i2c.o
    0x08003b36   0x000000d2   Code   RO          636    i.I2C_MasterReceive_BTF  stm32f1xx_hal_i2c.o
    0x08003c08   0x000000e8   Code   RO          637    i.I2C_MasterReceive_RXNE  stm32f1xx_hal_i2c.o
    0x08003cf0   0x000000ec   Code   RO          638    i.I2C_MasterRequestRead  stm32f1xx_hal_i2c.o
    0x08003ddc   0x0000009c   Code   RO          639    i.I2C_MasterRequestWrite  stm32f1xx_hal_i2c.o
    0x08003e78   0x00000082   Code   RO          640    i.I2C_MasterTransmit_BTF  stm32f1xx_hal_i2c.o
    0x08003efa   0x00000002   PAD
    0x08003efc   0x000000b6   Code   RO          641    i.I2C_MasterTransmit_TXE  stm32f1xx_hal_i2c.o
    0x08003fb2   0x00000002   PAD
    0x08003fb4   0x00000158   Code   RO          642    i.I2C_Master_ADDR   stm32f1xx_hal_i2c.o
    0x0800410c   0x0000008c   Code   RO          643    i.I2C_Master_SB     stm32f1xx_hal_i2c.o
    0x08004198   0x000000a0   Code   RO          644    i.I2C_MemoryTransmit_TXE_BTF  stm32f1xx_hal_i2c.o
    0x08004238   0x000000a8   Code   RO          646    i.I2C_RequestMemoryWrite  stm32f1xx_hal_i2c.o
    0x080042e0   0x00000046   Code   RO          647    i.I2C_Slave_ADDR    stm32f1xx_hal_i2c.o
    0x08004326   0x00000002   PAD
    0x08004328   0x0000015c   Code   RO          649    i.I2C_Slave_STOPF   stm32f1xx_hal_i2c.o
    0x08004484   0x0000004c   Code   RO          650    i.I2C_WaitOnBTFFlagUntilTimeout  stm32f1xx_hal_i2c.o
    0x080044d0   0x00000068   Code   RO          651    i.I2C_WaitOnFlagUntilTimeout  stm32f1xx_hal_i2c.o
    0x08004538   0x00000096   Code   RO          652    i.I2C_WaitOnMasterAddressFlagUntilTimeout  stm32f1xx_hal_i2c.o
    0x080045ce   0x00000066   Code   RO          653    i.I2C_WaitOnRXNEFlagUntilTimeout  stm32f1xx_hal_i2c.o
    0x08004634   0x0000004c   Code   RO          654    i.I2C_WaitOnTXEFlagUntilTimeout  stm32f1xx_hal_i2c.o
    0x08004680   0x0000002c   Code   RO          272    i.MX_DMA_Init       dma.o
    0x080046ac   0x000000a4   Code   RO          248    i.MX_GPIO_Init      gpio.o
    0x08004750   0x00000040   Code   RO          298    i.MX_I2C1_Init      i2c.o
    0x08004790   0x00000064   Code   RO          340    i.MX_TIM6_Init      tim.o
    0x080047f4   0x00000038   Code   RO          388    i.MX_USART1_UART_Init  usart.o
    0x0800482c   0x00000002   Code   RO          439    i.MemManage_Handler  stm32f1xx_it.o
    0x0800482e   0x00000002   Code   RO          440    i.NMI_Handler       stm32f1xx_it.o
    0x08004830   0x0000002c   Code   RO         3357    i.OLED_Clear        oled.o
    0x0800485c   0x000000d8   Code   RO         3362    i.OLED_Init         oled.o
    0x08004934   0x0000004c   Code   RO         3363    i.OLED_Refresh_Gram  oled.o
    0x08004980   0x0000002c   Code   RO         3367    i.OLED_WR_Byte      oled.o
    0x080049ac   0x00000002   Code   RO          441    i.PendSV_Handler    stm32f1xx_it.o
    0x080049ae   0x00000002   Code   RO          442    i.SVC_Handler       stm32f1xx_it.o
    0x080049b0   0x00000004   Code   RO          443    i.SysTick_Handler   stm32f1xx_it.o
    0x080049b4   0x0000005e   Code   RO           14    i.SystemClock_Config  main.o
    0x08004a12   0x00000002   Code   RO         3320    i.SystemInit        system_stm32f1xx.o
    0x08004a14   0x0000008c   Code   RO         2084    i.TIM_Base_SetConfig  stm32f1xx_hal_tim.o
    0x08004aa0   0x000000b8   Code   RO         3017    i.UART_SetConfig    stm32f1xx_hal_uart.o
    0x08004b58   0x00000064   Code   RO         3020    i.UART_WaitOnFlagUntilTimeout  stm32f1xx_hal_uart.o
    0x08004bbc   0x00000002   Code   RO          444    i.UsageFault_Handler  stm32f1xx_it.o
    0x08004bbe   0x00000028   Code   RO         8759    i.__ARM_fpclassify  m_ws.l(fpclassify.o)
    0x08004be6   0x00000020   Code   RO         1502    i.__NVIC_SetPriority  stm32f1xx_hal_cortex.o
    0x08004c06   0x0000000e   Code   RO         8425    i._is_digit         c_w.l(__printf_wp.o)
    0x08004c14   0x000000b0   Code   RO         8312    i.add_child_item    directory.o
    0x08004cc4   0x00000094   Code   RO         8313    i.add_sibling_item  directory.o
    0x08004d58   0x00000080   Code   RO         3611    i.bh1750_config     bh1750.o
    0x08004dd8   0x0000001c   Code   RO         3497    i.getKeyValue       key.o
    0x08004df4   0x000000f8   Code   RO           15    i.infoGroupFunction  main.o
    0x08004eec   0x00000064   Code   RO           16    i.key0_callbackFunction  main.o
    0x08004f50   0x00000078   Code   RO           17    i.key1_callbackFunction  main.o
    0x08004fc8   0x000000fc   Code   RO         3500    i.key_scan_v2       key.o
    0x080050c4   0x0000009c   Code   RO           18    i.main              main.o
    0x08005160   0x0000009c   Code   RO           19    i.menuInit          main.o
    0x080051fc   0x000000ac   Code   RO         8253    i.menu_oled         ui.o
    0x080052a8   0x00000020   Code   RO         3501    i.my_button_register  key.o
    0x080052c8   0x00000002   Code   RO           22    i.nullFunction      main.o
    0x080052ca   0x00000024   Code   RO          341    i.tim_init          tim.o
    0x080052ee   0x00000012   Code   RO         4321    i.u8g2_ClearBuffer  u8g2_buffer.o
    0x08005300   0x00000040   Code   RO         4415    i.u8g2_DrawCircle   u8g2_circle.o
    0x08005340   0x00000070   Code   RO         4539    i.u8g2_DrawGlyph    u8g2_font.o
    0x080053b0   0x0000000c   Code   RO         6793    i.u8g2_DrawHLine    u8g2_hvline.o
    0x080053bc   0x000000ac   Code   RO         6794    i.u8g2_DrawHVLine   u8g2_hvline.o
    0x08005468   0x0000002e   Code   RO         6795    i.u8g2_DrawPixel    u8g2_hvline.o
    0x08005496   0x00000102   Code   RO         4294    i.u8g2_DrawRFrame   u8g2_box.o
    0x08005598   0x00000010   Code   RO         4541    i.u8g2_DrawStr      u8g2_font.o
    0x080055a8   0x00000010   Code   RO         4543    i.u8g2_DrawUTF8     u8g2_font.o
    0x080055b8   0x0000000c   Code   RO         6796    i.u8g2_DrawVLine    u8g2_hvline.o
    0x080055c4   0x0000001c   Code   RO         4322    i.u8g2_FirstPage    u8g2_buffer.o
    0x080055e0   0x00000030   Code   RO         6855    i.u8g2_IsIntersection  u8g2_intersection.o
    0x08005610   0x0000003e   Code   RO         4323    i.u8g2_NextPage     u8g2_buffer.o
    0x0800564e   0x00000012   Code   RO         4324    i.u8g2_SendBuffer   u8g2_buffer.o
    0x08005660   0x0000001c   Code   RO         4325    i.u8g2_SetBufferCurrTileRow  u8g2_buffer.o
    0x0800567c   0x00000020   Code   RO         4557    i.u8g2_SetFont      u8g2_font.o
    0x0800569c   0x0000000c   Code   RO         4560    i.u8g2_SetFontPosBaseline  u8g2_font.o
    0x080056a8   0x0000001c   Code   RO         7043    i.u8g2_SetMaxClipWindow  u8g2_setup.o
    0x080056c4   0x00000046   Code   RO         7044    i.u8g2_SetupBuffer  u8g2_setup.o
    0x0800570a   0x00000002   PAD
    0x0800570c   0x00000038   Code   RO         4513    i.u8g2_Setup_ssd1306_i2c_128x64_noname_1  u8g2_d_setup.o
    0x08005744   0x00000052   Code   RO         4567    i.u8g2_UpdateRefHeight  u8g2_font.o
    0x08005796   0x0000001c   Code   RO         4568    i.u8g2_add_vector_x  u8g2_font.o
    0x080057b2   0x0000001c   Code   RO         4569    i.u8g2_add_vector_y  u8g2_font.o
    0x080057ce   0x0000006e   Code   RO         7046    i.u8g2_apply_clip_window  u8g2_setup.o
    0x0800583c   0x0000003c   Code   RO         6798    i.u8g2_clip_intersection2  u8g2_hvline.o
    0x08005878   0x0000006a   Code   RO         4419    i.u8g2_draw_circle  u8g2_circle.o
    0x080058e2   0x000000ba   Code   RO         4420    i.u8g2_draw_circle_section  u8g2_circle.o
    0x0800599c   0x00000012   Code   RO         6799    i.u8g2_draw_hv_line_2dir  u8g2_hvline.o
    0x080059ae   0x0000000c   Code   RO         7048    i.u8g2_draw_l90_r0  u8g2_setup.o
    0x080059ba   0x00000076   Code   RO         4570    i.u8g2_draw_string  u8g2_font.o
    0x08005a30   0x00000004   Code   RO         4576    i.u8g2_font_calc_vref_font  u8g2_font.o
    0x08005a34   0x00000014   Code   RO         4578    i.u8g2_font_decode_get_signed_bits  u8g2_font.o
    0x08005a48   0x00000034   Code   RO         4579    i.u8g2_font_decode_get_unsigned_bits  u8g2_font.o
    0x08005a7c   0x00000114   Code   RO         4580    i.u8g2_font_decode_glyph  u8g2_font.o
    0x08005b90   0x0000008c   Code   RO         4581    i.u8g2_font_decode_len  u8g2_font.o
    0x08005c1c   0x00000072   Code   RO         4582    i.u8g2_font_get_glyph_data  u8g2_font.o
    0x08005c8e   0x00000014   Code   RO         4583    i.u8g2_font_get_word  u8g2_font.o
    0x08005ca2   0x00000034   Code   RO         4584    i.u8g2_font_setup_decode  u8g2_font.o
    0x08005cd6   0x00000018   Code   RO         6856    i.u8g2_is_intersection_decision_tree  u8g2_intersection.o
    0x08005cee   0x0000008e   Code   RO         6904    i.u8g2_ll_hvline_vertical_top_lsb  u8g2_ll_hvline.o
    0x08005d7c   0x0000000c   Code   RO         4497    i.u8g2_m_16_8_1     u8g2_d_memory.o
    0x08005d88   0x0000006a   Code   RO         4585    i.u8g2_read_font_info  u8g2_font.o
    0x08005df2   0x0000004e   Code   RO         4332    i.u8g2_send_buffer  u8g2_buffer.o
    0x08005e40   0x00000046   Code   RO         7053    i.u8g2_update_dimension_common  u8g2_setup.o
    0x08005e86   0x00000004   Code   RO         7054    i.u8g2_update_dimension_r0  u8g2_setup.o
    0x08005e8a   0x00000022   Code   RO         7058    i.u8g2_update_page_win_r0  u8g2_setup.o
    0x08005eac   0x0000001e   Code   RO         7831    i.u8x8_DrawTile     u8x8_display.o
    0x08005eca   0x00000010   Code   RO         7833    i.u8x8_InitDisplay  u8x8_display.o
    0x08005eda   0x00000010   Code   RO         7835    i.u8x8_RefreshDisplay  u8x8_display.o
    0x08005eea   0x00000010   Code   RO         7838    i.u8x8_SetPowerSave  u8x8_display.o
    0x08005efa   0x00000022   Code   RO         8137    i.u8x8_Setup        u8x8_setup.o
    0x08005f1c   0x00000024   Code   RO         8138    i.u8x8_SetupDefaults  u8x8_setup.o
    0x08005f40   0x00000010   Code   RO         7839    i.u8x8_SetupMemory  u8x8_display.o
    0x08005f50   0x0000000e   Code   RO         7338    i.u8x8_ascii_next   u8x8_8x8.o
    0x08005f5e   0x00000010   Code   RO         7463    i.u8x8_byte_EndTransfer  u8x8_byte.o
    0x08005f6e   0x0000000e   Code   RO         7464    i.u8x8_byte_SendByte  u8x8_byte.o
    0x08005f7c   0x00000010   Code   RO         7467    i.u8x8_byte_StartTransfer  u8x8_byte.o
    0x08005f8c   0x0000005c   Code   RO         8254    i.u8x8_byte_i2c     ui.o
    0x08005fe8   0x00000010   Code   RO         7583    i.u8x8_cad_EndTransfer  u8x8_cad.o
    0x08005ff8   0x00000010   Code   RO         7584    i.u8x8_cad_SendArg  u8x8_cad.o
    0x08006008   0x00000010   Code   RO         7585    i.u8x8_cad_SendCmd  u8x8_cad.o
    0x08006018   0x00000010   Code   RO         7586    i.u8x8_cad_SendData  u8x8_cad.o
    0x08006028   0x00000068   Code   RO         7588    i.u8x8_cad_SendSequence  u8x8_cad.o
    0x08006090   0x00000010   Code   RO         7589    i.u8x8_cad_StartTransfer  u8x8_cad.o
    0x080060a0   0x000000bc   Code   RO         7592    i.u8x8_cad_ssd13xx_fast_i2c  u8x8_cad.o
    0x0800615c   0x00000060   Code   RO         7840    i.u8x8_d_helper_display_init  u8x8_display.o
    0x080061bc   0x0000000a   Code   RO         7841    i.u8x8_d_helper_display_setup_memory  u8x8_display.o
    0x080061c6   0x00000002   PAD
    0x080061c8   0x0000003c   Code   RO         7765    i.u8x8_d_ssd1306_128x64_noname  u8x8_d_ssd1306_128x64_noname.o
    0x08006204   0x000000c8   Code   RO         7767    i.u8x8_d_ssd1306_sh1106_generic  u8x8_d_ssd1306_128x64_noname.o
    0x080062cc   0x00000004   Code   RO         8140    i.u8x8_dummy_cb     u8x8_setup.o
    0x080062d0   0x00000078   Code   RO         8255    i.u8x8_gpio_and_delay  ui.o
    0x08006348   0x0000000c   Code   RO         8059    i.u8x8_gpio_call    u8x8_gpio.o
    0x08006354   0x0000002c   Code   RO         7600    i.u8x8_i2c_data_transfer  u8x8_cad.o
    0x08006380   0x00000008   Code   RO         7346    i.u8x8_utf8_init    u8x8_8x8.o
    0x08006388   0x00000090   Code   RO         7347    i.u8x8_utf8_next    u8x8_8x8.o
    0x08006418   0x00000048   Code   RO         8256    i.uiEffectChangeSpeed  ui.o
    0x08006460   0x00000030   Code   RO          389    i.usart_print       usart.o
    0x08006490   0x0000002c   Code   RO         8738    locale$$code        c_w.l(lc_numeric_c.o)
    0x080064bc   0x0000002c   Code   RO         8766    locale$$code        c_w.l(lc_ctype_c.o)
    0x080064e8   0x000002b0   Code   RO         8450    x$fpl$ddiv          fz_ws.l(ddiv.o)
    0x08006798   0x0000005e   Code   RO         8453    x$fpl$dfix          fz_ws.l(dfix.o)
    0x080067f6   0x00000026   Code   RO         8457    x$fpl$dfltu         fz_ws.l(dflt_clz.o)
    0x0800681c   0x0000009c   Code   RO         8618    x$fpl$dnaninf       fz_ws.l(dnaninf.o)
    0x080068b8   0x0000000c   Code   RO         8620    x$fpl$dretinf       fz_ws.l(dretinf.o)
    0x080068c4   0x00000004   Code   RO         8622    x$fpl$printf1       fz_ws.l(printf1.o)
    0x080068c8   0x00000004   Code   RO         8624    x$fpl$printf2       fz_ws.l(printf2.o)
    0x080068cc   0x00000000   Code   RO         8630    x$fpl$usenofp       fz_ws.l(usenofp.o)
    0x080068cc   0x00000010   Data   RO         3321    .constdata          system_stm32f1xx.o
    0x080068dc   0x00000008   Data   RO         3322    .constdata          system_stm32f1xx.o
    0x080068e4   0x000007d0   Data   RO         4893    .constdata          u8g2_fonts.o
    0x080070b4   0x000009fc   Data   RO         5136    .constdata          u8g2_fonts.o
    0x08007ab0   0x0000000c   Data   RO         7062    .constdata          u8g2_setup.o
    0x08007abc   0x00000158   Data   RO         7769    .constdata          u8x8_d_ssd1306_128x64_noname.o
    0x08007c14   0x00000011   Data   RO         8433    .constdata          c_w.l(__printf_flags_ss_wp.o)
    0x08007c25   0x00000003   PAD
    0x08007c28   0x00000008   Data   RO         8516    .constdata          c_w.l(_printf_wctomb.o)
    0x08007c30   0x00000028   Data   RO         8545    .constdata          c_w.l(_printf_hex_int_ll_ptr.o)
    0x08007c58   0x00000026   Data   RO         8671    .constdata          c_w.l(_printf_fp_hex.o)
    0x08007c7e   0x00000002   PAD
    0x08007c80   0x00000094   Data   RO         8713    .constdata          c_w.l(bigflt0.o)
    0x08007d14   0x00000020   Data   RO         8809    Region$$Table       anon$$obj.o
    0x08007d34   0x0000001c   Data   RO         8737    locale$$data        c_w.l(lc_numeric_c.o)
    0x08007d50   0x00000110   Data   RO         8765    locale$$data        c_w.l(lc_ctype_c.o)


    Execution Region RW_IRAM1 (Base: 0x20000000, Size: 0x00000d78, Max: 0x00010000, ABSOLUTE)

    Base Addr    Size         Type   Attr      Idx    E Section Name        Object

    0x20000000   0x0000000c   Data   RW         1039    .data               stm32f1xx_hal.o
    0x2000000c   0x00000004   Data   RW         3323    .data               system_stm32f1xx.o
    0x20000010   0x00000004   Data   RW         3459    .data               systick.o
    0x20000014   0x00000006   Data   RW         7602    .data               u8x8_cad.o
    0x2000001a   0x0000000e   Data   RW         8259    .data               ui.o
    0x20000028   0x000000c8   Zero   RW           23    .bss                main.o
    0x200000f0   0x00000098   Zero   RW          299    .bss                i2c.o
    0x20000188   0x00000048   Zero   RW          342    .bss                tim.o
    0x200001d0   0x00000044   Zero   RW          390    .bss                usart.o
    0x20000214   0x00000400   Zero   RW         3369    .bss                oled.o
    0x20000614   0x00000010   Zero   RW         3502    .bss                key.o
    0x20000624   0x00000054   Zero   RW         3612    .bss                bh1750.o
    0x20000678   0x00000080   Zero   RW         4498    .bss                u8g2_d_memory.o
    0x200006f8   0x00000020   Zero   RW         8258    .bss                ui.o
    0x20000718   0x00000060   Zero   RW         8634    .bss                c_w.l(libspace.o)
    0x20000778   0x00000200   Zero   RW            2    HEAP                startup_stm32f103xe.o
    0x20000978   0x00000400   Zero   RW            1    STACK               startup_stm32f103xe.o


==============================================================================

Image component sizes


      Code (inc. data)   RO Data    RW Data    ZI Data      Debug   Object Name

       232         30          0          0         84       2495   bh1750.o
       456         30          0          0          0       4070   dht11.o
       324        146          0          0          0       1612   directory.o
        44          4          0          0          0        734   dma.o
       164         18          0          0          0        943   gpio.o
       224         34          0          0        152       1658   i2c.o
       312         20          0          0         16       3175   key.o
       880        274          0          0        200     660892   main.o
         0          0          0          0          0     159226   mui_u8g2.o
       380         14          0          0       1024       3188   oled.o
        64         26        304          0       1536        800   startup_stm32f103xe.o
       164         28          0         12          0       6353   stm32f1xx_hal.o
       198         14          0          0          0      28515   stm32f1xx_hal_cortex.o
      1018         52          0          0          0       3130   stm32f1xx_hal_dma.o
       524         42          0          0          0       3111   stm32f1xx_hal_gpio.o
      5618        102          0          0          0      27504   stm32f1xx_hal_i2c.o
        60          8          0          0          0        850   stm32f1xx_hal_msp.o
      1284        106          0          0          0       5300   stm32f1xx_hal_rcc.o
       230         20          0          0          0       2719   stm32f1xx_hal_tim.o
       124         20          0          0          0       1248   stm32f1xx_hal_tim_ex.o
       560          6          0          0          0       3356   stm32f1xx_hal_uart.o
        44         12          0          0          0       4634   stm32f1xx_it.o
         2          0         24          4          0       1083   system_stm32f1xx.o
        20          4          0          4          0       1251   systick.o
       176         20          0          0         72       1893   tim.o
       258          0          0          0          0        794   u8g2_box.o
       232          0          0          0          0       3628   u8g2_buffer.o
       356          0          0          0          0       2770   u8g2_circle.o
        12          4          0          0        128        768   u8g2_d_memory.o
        56         14          0          0          0        929   u8g2_d_setup.o
      1228         14          0          0          0      12024   u8g2_font.o
         0          0       4556          0          0     145331   u8g2_fonts.o
       320          0          0          0          0       3586   u8g2_hvline.o
        72          0          0          0          0       1563   u8g2_intersection.o
       142          0          0          0          0       1102   u8g2_ll_hvline.o
       328          0         12          0          0     146195   u8g2_setup.o
       166          0          0          0          0       2378   u8x8_8x8.o
        46          0          0          0          0       1511   u8x8_byte.o
       416         12          0          6          0       7104   u8x8_cad.o
       260         12        344          0          0       2683   u8x8_d_ssd1306_128x64_noname.o
       200          0          0          0          0       3802   u8x8_display.o
        12          0          0          0          0        489   u8x8_gpio.o
        74          4          0          0          0       1506   u8x8_setup.o
       456         32          0         14         32       4119   ui.o
       216         20          0          0         68       2296   usart.o

    ----------------------------------------------------------------------
     17978       1142       5272         40       3312    1274318   Object Totals
         0          0         32          0          0          0   (incl. Generated)
        26          0          0          0          0          0   (incl. Padding)

    ----------------------------------------------------------------------

      Code (inc. data)   RO Data    RW Data    ZI Data      Debug   Library Member Name

        44          6          0          0          0         84   __2sprintf.o
         8          0          0          0          0         68   __main.o
       392          4         17          0          0         92   __printf_flags_ss_wp.o
        14          0          0          0          0         68   __printf_wp.o
         0          0          0          0          0          0   __rtentry.o
        12          0          0          0          0          0   __rtentry2.o
         6          0          0          0          0          0   __rtentry4.o
        52          8          0          0          0          0   __scatter.o
        26          0          0          0          0          0   __scatter_copy.o
        28          0          0          0          0          0   __scatter_zi.o
         6          0          0          0          0          0   _printf_a.o
         6          0          0          0          0          0   _printf_c.o
        44          0          0          0          0        108   _printf_char.o
        48          6          0          0          0         96   _printf_char_common.o
        40          0          0          0          0         68   _printf_charcount.o
         6          0          0          0          0          0   _printf_d.o
       120         16          0          0          0         92   _printf_dec.o
         6          0          0          0          0          0   _printf_e.o
         6          0          0          0          0          0   _printf_f.o
      1050          0          0          0          0        216   _printf_fp_dec.o
       764         10         38          0          0        100   _printf_fp_hex.o
       128         16          0          0          0         84   _printf_fp_infnan.o
         6          0          0          0          0          0   _printf_g.o
       148          4         40          0          0        160   _printf_hex_int_ll_ptr.o
         6          0          0          0          0          0   _printf_i.o
       178          0          0          0          0         88   _printf_intcommon.o
        10          0          0          0          0          0   _printf_l.o
         6          0          0          0          0          0   _printf_lc.o
        10          0          0          0          0          0   _printf_ll.o
         6          0          0          0          0          0   _printf_lld.o
         6          0          0          0          0          0   _printf_lli.o
         6          0          0          0          0          0   _printf_llo.o
         6          0          0          0          0          0   _printf_llu.o
         6          0          0          0          0          0   _printf_llx.o
       124         16          0          0          0         92   _printf_longlong_dec.o
         6          0          0          0          0          0   _printf_ls.o
         6          0          0          0          0          0   _printf_n.o
         6          0          0          0          0          0   _printf_o.o
       112          8          0          0          0        124   _printf_oct_int_ll.o
         6          0          0          0          0          0   _printf_p.o
        78          0          0          0          0        108   _printf_pad.o
         0          0          0          0          0          0   _printf_percent.o
         4          0          0          0          0          0   _printf_percent_end.o
         6          0          0          0          0          0   _printf_s.o
        82          0          0          0          0         80   _printf_str.o
        36          0          0          0          0         84   _printf_truncate.o
         6          0          0          0          0          0   _printf_u.o
        44          0          0          0          0        108   _printf_wchar.o
       188          6          8          0          0         92   _printf_wctomb.o
         6          0          0          0          0          0   _printf_x.o
        16          0          0          0          0         68   _snputc.o
        10          0          0          0          0         68   _sputc.o
        64          0          0          0          0         92   _wcrtomb.o
       220          4        148          0          0         96   bigflt0.o
      1910        128          0          0          0        672   btod.o
        10          0          0          0          0         68   defsig_exit.o
        50          0          0          0          0         88   defsig_general.o
        80         58          0          0          0         76   defsig_rtmem_inner.o
        14          0          0          0          0         80   defsig_rtmem_outer.o
        12          0          0          0          0         72   exit.o
        94          0          0          0          0         80   h1_alloc.o
        52          0          0          0          0         68   h1_extend.o
        78          0          0          0          0         80   h1_free.o
        14          0          0          0          0         84   h1_init.o
         6          0          0          0          0        152   heapauxi.o
         4          0          0          0          0        136   hguard.o
         0          0          0          0          0          0   indicate_semi.o
       138          0          0          0          0        168   init_alloc.o
        44         10        272          0          0         76   lc_ctype_c.o
        44         10         28          0          0         76   lc_numeric_c.o
         2          0          0          0          0          0   libinit.o
        38          0          0          0          0          0   libinit2.o
         2          0          0          0          0          0   libshutdown.o
         2          0          0          0          0          0   libshutdown2.o
         8          4          0          0         96         68   libspace.o
       138          0          0          0          0         80   lludiv10.o
         0          0          0          0          0          0   maybetermalloc1.o
        16          4          0          0          0         76   rt_ctype_table.o
         8          4          0          0          0         68   rt_heap_descriptor_intlibspace.o
         8          4          0          0          0         68   rt_locale_intlibspace.o
        68          0          0          0          0         68   rt_memclr.o
        78          0          0          0          0         80   rt_memclr_w.o
         2          0          0          0          0          0   rtexit.o
        10          0          0          0          0          0   rtexit2.o
       128          0          0          0          0         68   strcmpv7m.o
        62          0          0          0          0         76   strlen.o
        12          4          0          0          0         68   sys_exit.o
        74          0          0          0          0         80   sys_stackheap_outer.o
        14          0          0          0          0         76   sys_wrch.o
         2          0          0          0          0         68   use_no_semi.o
        52          4          0          0          0         80   vsnprintf.o
       688        140          0          0          0        208   ddiv.o
        94          4          0          0          0         92   dfix.o
        38          0          0          0          0         68   dflt_clz.o
       156          4          0          0          0         92   dnaninf.o
        12          0          0          0          0         68   dretinf.o
         4          0          0          0          0         68   printf1.o
         4          0          0          0          0         68   printf2.o
         0          0          0          0          0          0   usenofp.o
        40          0          0          0          0         68   fpclassify.o

    ----------------------------------------------------------------------
      8546        482        556          0         96       6068   Library Totals
        16          0          5          0          0          0   (incl. Padding)

    ----------------------------------------------------------------------

      Code (inc. data)   RO Data    RW Data    ZI Data      Debug   Library Name

      7494        334        551          0         96       5336   c_w.l
       996        148          0          0          0        664   fz_ws.l
        40          0          0          0          0         68   m_ws.l

    ----------------------------------------------------------------------
      8546        482        556          0         96       6068   Library Totals

    ----------------------------------------------------------------------

==============================================================================


      Code (inc. data)   RO Data    RW Data    ZI Data      Debug   

     26524       1624       5828         40       3408    1267382   Grand Totals
     26524       1624       5828         40       3408    1267382   ELF Image Totals
     26524       1624       5828         40          0          0   ROM Totals

==============================================================================

    Total RO  Size (Code + RO Data)                32352 (  31.59kB)
    Total RW  Size (RW Data + ZI Data)              3448 (   3.37kB)
    Total ROM Size (Code + RO Data + RW Data)      32392 (  31.63kB)

==============================================================================

