Component: ARM Compiler 5.05 update 1 (build 106) Tool: armlink [4d0efa]

==============================================================================

Section Cross References

    startup_stm32f103xe.o(RESET) refers to startup_stm32f103xe.o(STACK) for __initial_sp
    startup_stm32f103xe.o(RESET) refers to startup_stm32f103xe.o(.text) for Reset_Handler
    startup_stm32f103xe.o(RESET) refers to stm32f1xx_it.o(i.NMI_Handler) for NMI_Handler
    startup_stm32f103xe.o(RESET) refers to stm32f1xx_it.o(i.HardFault_Handler) for HardFault_Handler
    startup_stm32f103xe.o(RESET) refers to stm32f1xx_it.o(i.MemManage_Handler) for MemManage_Handler
    startup_stm32f103xe.o(RESET) refers to stm32f1xx_it.o(i.BusFault_Handler) for BusFault_Handler
    startup_stm32f103xe.o(RESET) refers to stm32f1xx_it.o(i.UsageFault_Handler) for UsageFault_Handler
    startup_stm32f103xe.o(RESET) refers to stm32f1xx_it.o(i.SVC_Handler) for SVC_Handler
    startup_stm32f103xe.o(RESET) refers to stm32f1xx_it.o(i.DebugMon_Handler) for DebugMon_Handler
    startup_stm32f103xe.o(RESET) refers to stm32f1xx_it.o(i.PendSV_Handler) for PendSV_Handler
    startup_stm32f103xe.o(RESET) refers to stm32f1xx_it.o(i.SysTick_Handler) for SysTick_Handler
    startup_stm32f103xe.o(.text) refers to system_stm32f1xx.o(i.SystemInit) for SystemInit
    startup_stm32f103xe.o(.text) refers to entry.o(.ARM.Collect$$$$00000000) for __main
    main.o(i.SystemClock_Config) refers to memseta.o(.text) for __aeabi_memclr4
    main.o(i.SystemClock_Config) refers to stm32f1xx_hal_rcc.o(i.HAL_RCC_OscConfig) for HAL_RCC_OscConfig
    main.o(i.SystemClock_Config) refers to stm32f1xx_hal_rcc.o(i.HAL_RCC_ClockConfig) for HAL_RCC_ClockConfig
    main.o(i.draw) refers to u8g2_font.o(i.u8g2_SetFontMode) for u8g2_SetFontMode
    main.o(i.draw) refers to u8g2_font.o(i.u8g2_SetFontDirection) for u8g2_SetFontDirection
    main.o(i.draw) refers to u8g2_font.o(i.u8g2_SetFont) for u8g2_SetFont
    main.o(i.draw) refers to u8g2_font.o(i.u8g2_DrawStr) for u8g2_DrawStr
    main.o(i.draw) refers to u8g2_font.o(i.u8g2_DrawUTF8) for u8g2_DrawUTF8
    main.o(i.draw) refers to u8g2_hvline.o(i.u8g2_DrawHLine) for u8g2_DrawHLine
    main.o(i.draw) refers to u8g2_hvline.o(i.u8g2_DrawVLine) for u8g2_DrawVLine
    main.o(i.draw) refers to u8g2_fonts.o(.constdata) for u8g2_font_inb24_mf
    main.o(i.draw) refers to u8g2_fonts.o(.constdata) for u8g2_font_wqy12_t_chinese1
    main.o(i.main) refers to stm32f1xx_hal.o(i.HAL_Init) for HAL_Init
    main.o(i.main) refers to main.o(i.SystemClock_Config) for SystemClock_Config
    main.o(i.main) refers to gpio.o(i.MX_GPIO_Init) for MX_GPIO_Init
    main.o(i.main) refers to i2c.o(i.MX_I2C1_Init) for MX_I2C1_Init
    main.o(i.main) refers to u8g2_d_setup.o(i.u8g2_Setup_ssd1306_i2c_128x64_noname_1) for u8g2_Setup_ssd1306_i2c_128x64_noname_1
    main.o(i.main) refers to u8x8_display.o(i.u8x8_InitDisplay) for u8x8_InitDisplay
    main.o(i.main) refers to u8x8_display.o(i.u8x8_SetPowerSave) for u8x8_SetPowerSave
    main.o(i.main) refers to u8g2_buffer.o(i.u8g2_FirstPage) for u8g2_FirstPage
    main.o(i.main) refers to main.o(i.draw) for draw
    main.o(i.main) refers to u8g2_buffer.o(i.u8g2_NextPage) for u8g2_NextPage
    main.o(i.main) refers to main.o(i.u8x8_gpio_and_delay) for u8x8_gpio_and_delay
    main.o(i.main) refers to main.o(i.u8x8_byte_i2c) for u8x8_byte_i2c
    main.o(i.main) refers to u8g2_setup.o(.constdata) for u8g2_cb_r0
    main.o(i.u8x8_byte_i2c) refers to stm32f1xx_hal_i2c.o(i.HAL_I2C_Master_Transmit) for HAL_I2C_Master_Transmit
    main.o(i.u8x8_byte_i2c) refers to main.o(.data) for .data
    main.o(i.u8x8_byte_i2c) refers to main.o(.bss) for .bss
    main.o(i.u8x8_byte_i2c) refers to i2c.o(.bss) for hi2c1
    main.o(i.u8x8_gpio_and_delay) refers to systick.o(i.Delay_us) for Delay_us
    main.o(i.u8x8_gpio_and_delay) refers to stm32f1xx_hal.o(i.HAL_Delay) for HAL_Delay
    main.o(i.u8x8_gpio_and_delay) refers to stm32f1xx_hal_gpio.o(i.HAL_GPIO_WritePin) for HAL_GPIO_WritePin
    gpio.o(i.MX_GPIO_Init) refers to stm32f1xx_hal_gpio.o(i.HAL_GPIO_WritePin) for HAL_GPIO_WritePin
    gpio.o(i.MX_GPIO_Init) refers to stm32f1xx_hal_gpio.o(i.HAL_GPIO_Init) for HAL_GPIO_Init
    i2c.o(i.HAL_I2C_MspDeInit) refers to stm32f1xx_hal_gpio.o(i.HAL_GPIO_DeInit) for HAL_GPIO_DeInit
    i2c.o(i.HAL_I2C_MspInit) refers to stm32f1xx_hal_gpio.o(i.HAL_GPIO_Init) for HAL_GPIO_Init
    i2c.o(i.MX_I2C1_Init) refers to stm32f1xx_hal_i2c.o(i.HAL_I2C_Init) for HAL_I2C_Init
    i2c.o(i.MX_I2C1_Init) refers to main.o(i.Error_Handler) for Error_Handler
    i2c.o(i.MX_I2C1_Init) refers to i2c.o(.bss) for .bss
    stm32f1xx_it.o(i.SysTick_Handler) refers to stm32f1xx_hal.o(i.HAL_IncTick) for HAL_IncTick
    stm32f1xx_hal_i2c.o(i.HAL_I2C_DeInit) refers to i2c.o(i.HAL_I2C_MspDeInit) for HAL_I2C_MspDeInit
    stm32f1xx_hal_i2c.o(i.HAL_I2C_ER_IRQHandler) refers to stm32f1xx_hal_i2c.o(i.I2C_Slave_AF) for I2C_Slave_AF
[...]
    Removing u8g2_fonts.o(.constdata), (4466 bytes).
    Removing u8g2_fonts.o(.constdata), (2410 bytes).
    Removing u8g2_fonts.o(.constdata), (421 bytes).
    Removing u8g2_fonts.o(.constdata), (4896 bytes).
    Removing u8g2_fonts.o(.constdata), (2646 bytes).
    Removing u8g2_fonts.o(.constdata), (438 bytes).
    Removing u8g2_fonts.o(.constdata), (4900 bytes).
    Removing u8g2_fonts.o(.constdata), (2646 bytes).
    Removing u8g2_fonts.o(.constdata), (427 bytes).
    Removing u8g2_fonts.o(.constdata), (5374 bytes).
    Removing u8g2_fonts.o(.constdata), (2914 bytes).
    Removing u8g2_fonts.o(.constdata), (481 bytes).
    Removing u8g2_fonts.o(.constdata), (5664 bytes).
    Removing u8g2_fonts.o(.constdata), (3097 bytes).
    Removing u8g2_fonts.o(.constdata), (525 bytes).
    Removing u8g2_fonts.o(.constdata), (6152 bytes).
    Removing u8g2_fonts.o(.constdata), (3347 bytes).
    Removing u8g2_fonts.o(.constdata), (534 bytes).
    Removing u8g2_fonts.o(.constdata), (6803 bytes).
    Removing u8g2_fonts.o(.constdata), (3732 bytes).
    Removing u8g2_fonts.o(.constdata), (607 bytes).
    Removing u8g2_fonts.o(.constdata), (8216 bytes).
    Removing u8g2_fonts.o(.constdata), (4625 bytes).
    Removing u8g2_fonts.o(.constdata), (724 bytes).
    Removing u8g2_fonts.o(.constdata), (8679 bytes).
    Removing u8g2_fonts.o(.constdata), (4912 bytes).
    Removing u8g2_fonts.o(.constdata), (783 bytes).
    Removing u8g2_fonts.o(.constdata), (9494 bytes).
    Removing u8g2_fonts.o(.constdata), (5354 bytes).
    Removing u8g2_fonts.o(.constdata), (851 bytes).
    Removing u8g2_fonts.o(.constdata), (10072 bytes).
    Removing u8g2_fonts.o(.constdata), (5661 bytes).
    Removing u8g2_fonts.o(.constdata), (880 bytes).
    Removing u8g2_fonts.o(.constdata), (10902 bytes).
    Removing u8g2_fonts.o(.constdata), (6176 bytes).
    Removing u8g2_fonts.o(.constdata), (974 bytes).
    Removing u8g2_fonts.o(.constdata), (983 bytes).
    Removing u8g2_fonts.o(.constdata), (1332 bytes).
    Removing u8g2_fonts.o(.constdata), (1624 bytes).
    Removing u8g2_fonts.o(.constdata), (2538 bytes).
    Removing u8g2_fonts.o(.constdata), (1226 bytes).
    Removing u8g2_fonts.o(.constdata), (235 bytes).
    Removing u8g2_fonts.o(.constdata), (831 bytes).
    Removing u8g2_fonts.o(.constdata), (2225 bytes).
    Removing u8g2_fonts.o(.constdata), (1201 bytes).
    Removing u8g2_fonts.o(.constdata), (239 bytes).
    Removing u8g2_fonts.o(.constdata), (814 bytes).
    Removing u8g2_fonts.o(.constdata), (2538 bytes).
    Removing u8g2_fonts.o(.constdata), (1261 bytes).
    Removing u8g2_fonts.o(.constdata), (245 bytes).
    Removing u8g2_fonts.o(.constdata), (853 bytes).
    Removing u8g2_fonts.o(.constdata), (2395 bytes).
    Removing u8g2_fonts.o(.constdata), (1189 bytes).
    Removing u8g2_fonts.o(.constdata), (234 bytes).
    Removing u8g2_fonts.o(.constdata), (808 bytes).
    Removing u8g2_fonts.o(.constdata), (2532 bytes).
    Removing u8g2_fonts.o(.constdata), (1243 bytes).
    Removing u8g2_fonts.o(.constdata), (242 bytes).
    Removing u8g2_fonts.o(.constdata), (847 bytes).
    Removing u8g2_fonts.o(.constdata), (9464 bytes).
    Removing u8g2_fonts.o(.constdata), (10396 bytes).
    Removing u8g2_fonts.o(.constdata), (2656 bytes).
    Removing u8g2_fonts.o(.constdata), (1266 bytes).
    Removing u8g2_fonts.o(.constdata), (232 bytes).
    Removing u8g2_fonts.o(.constdata), (3410 bytes).
    Removing u8g2_fonts.o(.constdata), (1626 bytes).
    Removing u8g2_fonts.o(.constdata), (268 bytes).
    Removing u8g2_fonts.o(.constdata), (11498 bytes).
    Removing u8g2_fonts.o(.constdata), (14305 bytes).
    Removing u8g2_fonts.o(.constdata), (2639 bytes).
    Removing u8g2_fonts.o(.constdata), (1257 bytes).
    Removing u8g2_fonts.o(.constdata), (231 bytes).
    Removing u8g2_fonts.o(.constdata), (3190 bytes).
    Removing u8g2_fonts.o(.constdata), (1521 bytes).
    Removing u8g2_fonts.o(.constdata), (273 bytes).
    Removing u8g2_fonts.o(.constdata), (11372 bytes).
    Removing u8g2_fonts.o(.constdata), (13451 bytes).
    Removing u8g2_fonts.o(.constdata), (2616 bytes).
    Removing u8g2_fonts.o(.constdata), (1573 bytes).
    Removing u8g2_fonts.o(.constdata), (287 bytes).
    Removing u8g2_fonts.o(.constdata), (3076 bytes).
    Removing u8g2_fonts.o(.constdata), (1915 bytes).
    Removing u8g2_fonts.o(.constdata), (327 bytes).
    Removing u8g2_fonts.o(.constdata), (2427 bytes).
    Removing u8g2_fonts.o(.constdata), (1451 bytes).
    Removing u8g2_fonts.o(.constdata), (284 bytes).
    Removing u8g2_fonts.o(.constdata), (3066 bytes).
    Removing u8g2_fonts.o(.constdata), (1877 bytes).
    Removing u8g2_fonts.o(.constdata), (328 bytes).
    Removing u8g2_hvline.o(i.u8g2_DrawPixel), (46 bytes).
    Removing u8g2_hvline.o(i.u8g2_SetDrawColor), (16 bytes).
    Removing u8g2_input_value.o(i.u8g2_UserInterfaceInputValue), (312 bytes).
    Removing u8g2_kerning.o(i.u8g2_GetKerning), (84 bytes).
    Removing u8g2_kerning.o(i.u8g2_GetKerningByTable), (52 bytes).
    Removing u8g2_line.o(i.u8g2_DrawLine), (178 bytes).
    Removing u8g2_ll_hvline.o(i.u8g2_ll_hvline_horizontal_right_lsb), (118 bytes).
    Removing u8g2_message.o(i.u8g2_UserInterfaceMessage), (288 bytes).
    Removing u8g2_message.o(i.u8g2_draw_button_line), (156 bytes).
    Removing u8g2_polygon.o(i.pg_dec), (18 bytes).
    Removing u8g2_polygon.o(i.pg_exec), (110 bytes).
    Removing u8g2_polygon.o(i.pg_expand_min_y), (46 bytes).
    Removing u8g2_polygon.o(i.pg_hline), (110 bytes).
    Removing u8g2_polygon.o(i.pg_inc), (16 bytes).
    Removing u8g2_polygon.o(i.pg_line_init), (122 bytes).
    Removing u8g2_polygon.o(i.pg_prepare), (160 bytes).
    Removing u8g2_polygon.o(i.pge_Next), (62 bytes).
    Removing u8g2_polygon.o(i.u8g2_AddPolygonXY), (32 bytes).
    Removing u8g2_polygon.o(i.u8g2_ClearPolygonXY), (12 bytes).
    Removing u8g2_polygon.o(i.u8g2_DrawPolygon), (36 bytes).
    Removing u8g2_polygon.o(i.u8g2_DrawTriangle), (60 bytes).
    Removing u8g2_polygon.o(.bss), (76 bytes).
    Removing u8g2_selection_list.o(i.u8g2_DrawSelectionList), (116 bytes).
    Removing u8g2_selection_list.o(i.u8g2_DrawUTF8Line), (202 bytes).
    Removing u8g2_selection_list.o(i.u8g2_DrawUTF8Lines), (88 bytes).
    Removing u8g2_selection_list.o(i.u8g2_UserInterfaceSelectionList), (270 bytes).
    Removing u8g2_setup.o(i.u8g2_SendF), (18 bytes).
    Removing u8g2_setup.o(i.u8g2_SetClipWindow), (28 bytes).
    Removing u8g2_setup.o(i.u8g2_SetDisplayRotation), (22 bytes).
    Removing u8g2_setup.o(i.u8g2_Setup_null), (52 bytes).
    Removing u8g2_setup.o(i.u8g2_draw_l90_mirrorr_r0), (32 bytes).
    Removing u8g2_setup.o(i.u8g2_draw_l90_r1), (42 bytes).
    Removing u8g2_setup.o(i.u8g2_draw_l90_r2), (54 bytes).
    Removing u8g2_setup.o(i.u8g2_draw_l90_r3), (42 bytes).
    Removing u8g2_setup.o(i.u8g2_draw_mirror_vertical_r0), (32 bytes).
    Removing u8g2_setup.o(i.u8g2_update_dimension_r1), (24 bytes).
    Removing u8g2_setup.o(i.u8g2_update_dimension_r2), (4 bytes).
    Removing u8g2_setup.o(i.u8g2_update_dimension_r3), (24 bytes).
    Removing u8g2_setup.o(i.u8g2_update_page_win_r1), (34 bytes).
    Removing u8g2_setup.o(i.u8g2_update_page_win_r2), (50 bytes).
    Removing u8g2_setup.o(i.u8g2_update_page_win_r3), (50 bytes).
    Removing u8g2_setup.o(.constdata), (12 bytes).
    Removing u8g2_setup.o(.constdata), (12 bytes).
    Removing u8g2_setup.o(.constdata), (12 bytes).
    Removing u8g2_setup.o(.constdata), (12 bytes).
    Removing u8g2_setup.o(.constdata), (12 bytes).
    Removing u8g2_setup.o(.data), (8 bytes).
    Removing u8log.o(i.u8log_Init), (34 bytes).
    Removing u8log.o(i.u8log_SetCallback), (6 bytes).
    Removing u8log.o(i.u8log_SetLineHeightOffset), (4 bytes).
    Removing u8log.o(i.u8log_SetRedrawMode), (4 bytes).
    Removing u8log.o(i.u8log_WriteChar), (34 bytes).
    Removing u8log.o(i.u8log_WriteDec16), (26 bytes).
    Removing u8log.o(i.u8log_WriteDec8), (26 bytes).
    Removing u8log.o(i.u8log_WriteHex16), (24 bytes).
    Removing u8log.o(i.u8log_WriteHex32), (24 bytes).
    Removing u8log.o(i.u8log_WriteHex8), (24 bytes).
    Removing u8log.o(i.u8log_WriteHexHalfByte), (18 bytes).
    Removing u8log.o(i.u8log_WriteString), (24 bytes).
    Removing u8log.o(i.u8log_clear_screen), (26 bytes).
    Removing u8log.o(i.u8log_cursor_on_screen), (94 bytes).
    Removing u8log.o(i.u8log_write_char), (122 bytes).
    Removing u8log_u8g2.o(i.u8g2_DrawLog), (98 bytes).
    Removing u8log_u8g2.o(i.u8log_u8g2_cb), (52 bytes).
    Removing u8log_u8x8.o(i.u8log_u8x8_cb), (48 bytes).
    Removing u8log_u8x8.o(i.u8x8_DrawLog), (48 bytes).
    Removing u8log_u8x8.o(i.u8x8_DrawLogLine), (54 bytes).
    Removing u8x8_8x8.o(i.u8x8_Draw1x2Glyph), (146 bytes).
    Removing u8x8_8x8.o(i.u8x8_Draw1x2String), (16 bytes).
    Removing u8x8_8x8.o(i.u8x8_Draw1x2UTF8), (16 bytes).
    Removing u8x8_8x8.o(i.u8x8_Draw2x2Glyph), (74 bytes).
    Removing u8x8_8x8.o(i.u8x8_Draw2x2String), (16 bytes).
    Removing u8x8_8x8.o(i.u8x8_Draw2x2UTF8), (16 bytes).
    Removing u8x8_8x8.o(i.u8x8_DrawGlyph), (90 bytes).
    Removing u8x8_8x8.o(i.u8x8_DrawString), (16 bytes).
    Removing u8x8_8x8.o(i.u8x8_DrawUTF8), (16 bytes).
    Removing u8x8_8x8.o(i.u8x8_GetUTF8Len), (50 bytes).
    Removing u8x8_8x8.o(i.u8x8_SetFont), (4 bytes).
    Removing u8x8_8x8.o(i.u8x8_draw_1x2_string), (80 bytes).
    Removing u8x8_8x8.o(i.u8x8_draw_2x2_string), (84 bytes).
    Removing u8x8_8x8.o(i.u8x8_draw_2x2_subglyph), (152 bytes).
    Removing u8x8_8x8.o(i.u8x8_draw_string), (80 bytes).
    Removing u8x8_8x8.o(i.u8x8_get_glyph_data), (104 bytes).
    Removing u8x8_8x8.o(i.u8x8_upscale_buf), (26 bytes).
    Removing u8x8_8x8.o(i.u8x8_upscale_byte), (36 bytes).
    Removing u8x8_byte.o(i.i2c_clear_scl), (8 bytes).
    Removing u8x8_byte.o(i.i2c_clear_sda), (8 bytes).
    Removing u8x8_byte.o(i.i2c_delay), (10 bytes).
    Removing u8x8_byte.o(i.i2c_read_scl_and_delay), (22 bytes).
    Removing u8x8_byte.o(i.i2c_read_sda), (8 bytes).
    Removing u8x8_byte.o(i.i2c_write_bit), (38 bytes).
    Removing u8x8_byte.o(i.i2c_write_byte), (124 bytes).
    Removing u8x8_byte.o(i.u8x8_byte_3wire_sw_spi), (256 bytes).
    Removing u8x8_byte.o(i.u8x8_byte_4wire_sw_spi), (234 bytes).
    Removing u8x8_byte.o(i.u8x8_byte_8bit_6800mode), (216 bytes).
    Removing u8x8_byte.o(i.u8x8_byte_8bit_8080mode), (216 bytes).
    Removing u8x8_byte.o(i.u8x8_byte_SendBytes), (16 bytes).
    Removing u8x8_byte.o(i.u8x8_byte_SetDC), (16 bytes).
    Removing u8x8_byte.o(i.u8x8_byte_empty), (4 bytes).
    Removing u8x8_byte.o(i.u8x8_byte_ks0108), (210 bytes).
    Removing u8x8_byte.o(i.u8x8_byte_sed1520), (220 bytes).
    Removing u8x8_byte.o(i.u8x8_byte_set_ks0108_cs), (46 bytes).
    Removing u8x8_byte.o(i.u8x8_byte_sw_i2c), (188 bytes).
    Removing u8x8_byte.o(.data), (2 bytes).
    Removing u8x8_cad.o(i.u8x8_SendF), (18 bytes).
    Removing u8x8_cad.o(i.u8x8_cad_001), (82 bytes).
    Removing u8x8_cad.o(i.u8x8_cad_011), (86 bytes).
    Removing u8x8_cad.o(i.u8x8_cad_100), (86 bytes).
    Removing u8x8_cad.o(i.u8x8_cad_110), (82 bytes).
    Removing u8x8_cad.o(i.u8x8_cad_SendMultipleArg), (38 bytes).
    Removing u8x8_cad.o(i.u8x8_cad_empty), (44 bytes).
    Removing u8x8_cad.o(i.u8x8_cad_ld7032_i2c), (180 bytes).
    Removing u8x8_cad.o(i.u8x8_cad_ssd13xx_i2c), (122 bytes).
    Removing u8x8_cad.o(i.u8x8_cad_st75256_i2c), (132 bytes).
    Removing u8x8_cad.o(i.u8x8_cad_st7920_spi), (248 bytes).
    Removing u8x8_cad.o(i.u8x8_cad_uc1638_i2c), (280 bytes).
    Removing u8x8_cad.o(i.u8x8_cad_uc16xx_i2c), (240 bytes).
    Removing u8x8_cad.o(i.u8x8_cad_vsendf), (82 bytes).
    Removing u8x8_cad.o(i.u8x8_gu800_cad_110), (118 bytes).
    Removing u8x8_cad.o(.bss), (16 bytes).
    Removing u8x8_capture.o(i.u8x8_capture_get_pixel_1), (28 bytes).
    Removing u8x8_capture.o(i.u8x8_capture_get_pixel_2), (32 bytes).
    Removing u8x8_capture.o(i.u8x8_capture_write_pbm_buffer), (96 bytes).
    Removing u8x8_capture.o(i.u8x8_capture_write_pbm_pre), (52 bytes).
    Removing u8x8_capture.o(i.u8x8_capture_write_xbm_buffer), (192 bytes).
    Removing u8x8_capture.o(i.u8x8_capture_write_xbm_pre), (136 bytes).
    Removing u8x8_d_ssd1306_128x64_noname.o(i.u8x8_d_sh1106_128x64_noname), (60 bytes).
    Removing u8x8_d_ssd1306_128x64_noname.o(i.u8x8_d_sh1106_128x64_vcomh0), (60 bytes).
    Removing u8x8_d_ssd1306_128x64_noname.o(i.u8x8_d_sh1106_128x64_winstar), (60 bytes).
    Removing u8x8_d_ssd1306_128x64_noname.o(i.u8x8_d_ssd1306_128x64_alt0), (60 bytes).
    Removing u8x8_d_ssd1306_128x64_noname.o(i.u8x8_d_ssd1306_128x64_vcomh0), (60 bytes).
    Removing u8x8_d_ssd1306_128x64_noname.o(i.u8x8_d_ssd1312_128x64_noname), (88 bytes).
    Removing u8x8_debounce.o(i.u8x8_GetMenuEvent), (192 bytes).
    Removing u8x8_display.o(i.u8x8_ClearDisplay), (16 bytes).
    Removing u8x8_display.o(i.u8x8_ClearDisplayWithTile), (58 bytes).
    Removing u8x8_display.o(i.u8x8_ClearLine), (48 bytes).
    Removing u8x8_display.o(i.u8x8_FillDisplay), (28 bytes).
    Removing u8x8_display.o(i.u8x8_InitInterface), (32 bytes).
    Removing u8x8_display.o(i.u8x8_SetContrast), (16 bytes).
    Removing u8x8_display.o(i.u8x8_SetFlipMode), (16 bytes).
    Removing u8x8_fonts.o(.constdata), (1796 bytes).
    Removing u8x8_fonts.o(.constdata), (764 bytes).
    Removing u8x8_fonts.o(.constdata), (220 bytes).
    Removing u8x8_fonts.o(.constdata), (517 bytes).
    Removing u8x8_fonts.o(.constdata), (1796 bytes).
    Removing u8x8_fonts.o(.constdata), (764 bytes).
    Removing u8x8_fonts.o(.constdata), (220 bytes).
    Removing u8x8_fonts.o(.constdata), (1796 bytes).
    Removing u8x8_fonts.o(.constdata), (764 bytes).
    Removing u8x8_fonts.o(.constdata), (220 bytes).
    Removing u8x8_fonts.o(.constdata), (3588 bytes).
    Removing u8x8_fonts.o(.constdata), (1524 bytes).
    Removing u8x8_fonts.o(.constdata), (436 bytes).
    Removing u8x8_fonts.o(.constdata), (3588 bytes).
    Removing u8x8_fonts.o(.constdata), (1524 bytes).
    Removing u8x8_fonts.o(.constdata), (436 bytes).
    Removing u8x8_fonts.o(.constdata), (3588 bytes).
    Removing u8x8_fonts.o(.constdata), (1524 bytes).
    Removing u8x8_fonts.o(.constdata), (436 bytes).
    Removing u8x8_fonts.o(.constdata), (3588 bytes).
    Removing u8x8_fonts.o(.constdata), (1524 bytes).
    Removing u8x8_fonts.o(.constdata), (436 bytes).
    Removing u8x8_fonts.o(.constdata), (229 bytes).
    Removing u8x8_fonts.o(.constdata), (45 bytes).
    Removing u8x8_fonts.o(.constdata), (140 bytes).
    Removing u8x8_fonts.o(.constdata), (148 bytes).
    Removing u8x8_fonts.o(.constdata), (156 bytes).
    Removing u8x8_fonts.o(.constdata), (52 bytes).
    Removing u8x8_fonts.o(.constdata), (900 bytes).
    Removing u8x8_fonts.o(.constdata), (164 bytes).
    Removing u8x8_fonts.o(.constdata), (548 bytes).
    Removing u8x8_fonts.o(.constdata), (580 bytes).
    Removing u8x8_fonts.o(.constdata), (612 bytes).
    Removing u8x8_fonts.o(.constdata), (197 bytes).
    Removing u8x8_fonts.o(.constdata), (3588 bytes).
    Removing u8x8_fonts.o(.constdata), (644 bytes).
    Removing u8x8_fonts.o(.constdata), (2180 bytes).
    Removing u8x8_fonts.o(.constdata), (2308 bytes).
    Removing u8x8_fonts.o(.constdata), (2436 bytes).
    Removing u8x8_fonts.o(.constdata), (772 bytes).
    Removing u8x8_fonts.o(.constdata), (14340 bytes).
    Removing u8x8_fonts.o(.constdata), (2564 bytes).
    Removing u8x8_fonts.o(.constdata), (8708 bytes).
    Removing u8x8_fonts.o(.constdata), (9220 bytes).
    Removing u8x8_fonts.o(.constdata), (9732 bytes).
    Removing u8x8_fonts.o(.constdata), (3076 bytes).
    Removing u8x8_fonts.o(.constdata), (10756 bytes).
    Removing u8x8_fonts.o(.constdata), (4612 bytes).
    Removing u8x8_fonts.o(.constdata), (1300 bytes).
    Removing u8x8_fonts.o(.constdata), (772 bytes).
    Removing u8x8_fonts.o(.constdata), (220 bytes).
    Removing u8x8_fonts.o(.constdata), (517 bytes).
    Removing u8x8_fonts.o(.constdata), (764 bytes).
    Removing u8x8_fonts.o(.constdata), (220 bytes).
    Removing u8x8_fonts.o(.constdata), (517 bytes).
    Removing u8x8_fonts.o(.constdata), (772 bytes).
    Removing u8x8_fonts.o(.constdata), (220 bytes).
    Removing u8x8_fonts.o(.constdata), (517 bytes).
    Removing u8x8_fonts.o(.constdata), (220 bytes).
    Removing u8x8_fonts.o(.constdata), (517 bytes).
    Removing u8x8_fonts.o(.constdata), (772 bytes).
    Removing u8x8_fonts.o(.constdata), (220 bytes).
    Removing u8x8_fonts.o(.constdata), (517 bytes).
    Removing u8x8_fonts.o(.constdata), (772 bytes).
    Removing u8x8_fonts.o(.constdata), (220 bytes).
    Removing u8x8_fonts.o(.constdata), (517 bytes).
    Removing u8x8_fonts.o(.constdata), (772 bytes).
    Removing u8x8_fonts.o(.constdata), (220 bytes).
    Removing u8x8_fonts.o(.constdata), (517 bytes).
    Removing u8x8_fonts.o(.constdata), (10756 bytes).
    Removing u8x8_fonts.o(.constdata), (4564 bytes).
    Removing u8x8_fonts.o(.constdata), (1300 bytes).
    Removing u8x8_fonts.o(.constdata), (10756 bytes).
    Removing u8x8_fonts.o(.constdata), (4564 bytes).
    Removing u8x8_fonts.o(.constdata), (1300 bytes).
    Removing u8x8_fonts.o(.constdata), (21508 bytes).
    Removing u8x8_fonts.o(.constdata), (9124 bytes).
    Removing u8x8_fonts.o(.constdata), (2596 bytes).
    Removing u8x8_fonts.o(.constdata), (21508 bytes).
    Removing u8x8_fonts.o(.constdata), (9124 bytes).
    Removing u8x8_fonts.o(.constdata), (2596 bytes).
    Removing u8x8_fonts.o(.constdata), (7076 bytes).
    Removing u8x8_fonts.o(.constdata), (2916 bytes).
    Removing u8x8_fonts.o(.constdata), (868 bytes).
    Removing u8x8_fonts.o(.constdata), (7076 bytes).
    Removing u8x8_fonts.o(.constdata), (2916 bytes).
    Removing u8x8_fonts.o(.constdata), (868 bytes).
    Removing u8x8_fonts.o(.constdata), (14340 bytes).
    Removing u8x8_fonts.o(.constdata), (6084 bytes).
    Removing u8x8_fonts.o(.constdata), (1732 bytes).
    Removing u8x8_fonts.o(.constdata), (32260 bytes).
    Removing u8x8_fonts.o(.constdata), (13684 bytes).
    Removing u8x8_fonts.o(.constdata), (3892 bytes).
    Removing u8x8_fonts.o(.constdata), (24324 bytes).
    Removing u8x8_fonts.o(.constdata), (6916 bytes).
    Removing u8x8_fonts.o(.constdata), (14340 bytes).
    Removing u8x8_fonts.o(.constdata), (6084 bytes).
    Removing u8x8_fonts.o(.constdata), (1732 bytes).
    Removing u8x8_fonts.o(.constdata), (32260 bytes).
    Removing u8x8_fonts.o(.constdata), (13684 bytes).
    Removing u8x8_fonts.o(.constdata), (3892 bytes).
    Removing u8x8_fonts.o(.constdata), (24324 bytes).
    Removing u8x8_fonts.o(.constdata), (6916 bytes).
    Removing u8x8_fonts.o(.constdata), (1796 bytes).
    Removing u8x8_fonts.o(.constdata), (772 bytes).
    Removing u8x8_fonts.o(.constdata), (220 bytes).
    Removing u8x8_fonts.o(.constdata), (516 bytes).
    Removing u8x8_fonts.o(.constdata), (1796 bytes).
    Removing u8x8_fonts.o(.constdata), (772 bytes).
    Removing u8x8_fonts.o(.constdata), (220 bytes).
    Removing u8x8_fonts.o(.constdata), (517 bytes).
    Removing u8x8_fonts.o(.constdata), (1796 bytes).
    Removing u8x8_fonts.o(.constdata), (773 bytes).
    Removing u8x8_fonts.o(.constdata), (220 bytes).
    Removing u8x8_fonts.o(.constdata), (517 bytes).
    Removing u8x8_fonts.o(.constdata), (1796 bytes).
    Removing u8x8_fonts.o(.constdata), (772 bytes).
    Removing u8x8_fonts.o(.constdata), (220 bytes).
    Removing u8x8_fonts.o(.constdata), (517 bytes).
    Removing u8x8_fonts.o(.constdata), (1796 bytes).
    Removing u8x8_fonts.o(.constdata), (772 bytes).
    Removing u8x8_fonts.o(.constdata), (220 bytes).
    Removing u8x8_fonts.o(.constdata), (517 bytes).
    Removing u8x8_fonts.o(.constdata), (7172 bytes).
    Removing u8x8_fonts.o(.constdata), (3077 bytes).
    Removing u8x8_fonts.o(.constdata), (868 bytes).
    Removing u8x8_fonts.o(.constdata), (7172 bytes).
    Removing u8x8_fonts.o(.constdata), (3077 bytes).
    Removing u8x8_fonts.o(.constdata), (868 bytes).
    Removing u8x8_input_value.o(i.u8x8_UserInterfaceInputValue), (262 bytes).
    Removing u8x8_message.o(i.u8x8_UserInterfaceMessage), (240 bytes).
    Removing u8x8_message.o(i.u8x8_draw_button_line), (164 bytes).
    Removing u8x8_selection_list.o(i.u8sl_Next), (42 bytes).
    Removing u8x8_selection_list.o(i.u8sl_Prev), (40 bytes).
    Removing u8x8_selection_list.o(i.u8x8_DrawSelectionList), (44 bytes).
    Removing u8x8_selection_list.o(i.u8x8_UserInterfaceSelectionList), (192 bytes).
    Removing u8x8_selection_list.o(i.u8x8_sl_string_line_cb), (76 bytes).
    Removing u8x8_setup.o(i.u8x8_d_null_cb), (32 bytes).
    Removing u8x8_setup.o(.constdata), (24 bytes).
    Removing u8x8_string.o(i.u8x8_CopyStringLine), (40 bytes).
    Removing u8x8_string.o(i.u8x8_DrawUTF8Line), (116 bytes).
    Removing u8x8_string.o(i.u8x8_DrawUTF8Lines), (66 bytes).
    Removing u8x8_string.o(i.u8x8_GetStringLineCnt), (26 bytes).
    Removing u8x8_string.o(i.u8x8_GetStringLineStart), (36 bytes).
    Removing u8x8_u8toa.o(i.u8x8_u8toa), (24 bytes).
    Removing u8x8_u8toa.o(i.u8x8_u8toap), (44 bytes).
    Removing u8x8_u8toa.o(.constdata), (3 bytes).
    Removing u8x8_u8toa.o(.data), (4 bytes).
    Removing u8x8_u16toa.o(i.u8x8_u16toa), (24 bytes).
    Removing u8x8_u16toa.o(i.u8x8_u16toap), (46 bytes).
    Removing u8x8_u16toa.o(i.u8x8_utoa), (28 bytes).
    Removing u8x8_u16toa.o(.data), (6 bytes).

2673 unused section(s) (total 11454695 bytes) removed from the image.

==============================================================================

Image Symbol Table

    Local Symbols

    Symbol Name                              Value     Ov Type        Size  Object(Section)

    ../Core/Src/gpio.c                       0x00000000   Number         0  gpio.o ABSOLUTE
    ../Core/Src/i2c.c                        0x00000000   Number         0  i2c.o ABSOLUTE
    ../Core/Src/main.c                       0x00000000   Number         0  main.o ABSOLUTE
    ../Core/Src/stm32f1xx_hal_msp.c          0x00000000   Number         0  stm32f1xx_hal_msp.o ABSOLUTE
    ../Core/Src/stm32f1xx_it.c               0x00000000   Number         0  stm32f1xx_it.o ABSOLUTE
    ../Core/Src/system_stm32f1xx.c           0x00000000   Number         0  system_stm32f1xx.o ABSOLUTE
    ../Drivers/STM32F1xx_HAL_Driver/Src/stm32f1xx_hal.c 0x00000000   Number         0  stm32f1xx_hal.o ABSOLUTE
    ../Drivers/STM32F1xx_HAL_Driver/Src/stm32f1xx_hal_cortex.c 0x00000000   Number         0  stm32f1xx_hal_cortex.o ABSOLUTE
    ../Drivers/STM32F1xx_HAL_Driver/Src/stm32f1xx_hal_dma.c 0x00000000   Number         0  stm32f1xx_hal_dma.o ABSOLUTE
    ../Drivers/STM32F1xx_HAL_Driver/Src/stm32f1xx_hal_exti.c 0x00000000   Number         0  stm32f1xx_hal_exti.o ABSOLUTE
    ../Drivers/STM32F1xx_HAL_Driver/Src/stm32f1xx_hal_flash.c 0x00000000   Number         0  stm32f1xx_hal_flash.o ABSOLUTE
    ../Drivers/STM32F1xx_HAL_Driver/Src/stm32f1xx_hal_flash_ex.c 0x00000000   Number         0  stm32f1xx_hal_flash_ex.o ABSOLUTE
    ../Drivers/STM32F1xx_HAL_Driver/Src/stm32f1xx_hal_gpio.c 0x00000000   Number         0  stm32f1xx_hal_gpio.o ABSOLUTE
    ../Drivers/STM32F1xx_HAL_Driver/Src/stm32f1xx_hal_gpio_ex.c 0x00000000   Number         0  stm32f1xx_hal_gpio_ex.o ABSOLUTE
    ../Drivers/STM32F1xx_HAL_Driver/Src/stm32f1xx_hal_i2c.c 0x00000000   Number         0  stm32f1xx_hal_i2c.o ABSOLUTE
    ../Drivers/STM32F1xx_HAL_Driver/Src/stm32f1xx_hal_pwr.c 0x00000000   Number         0  stm32f1xx_hal_pwr.o ABSOLUTE
    ../Drivers/STM32F1xx_HAL_Driver/Src/stm32f1xx_hal_rcc.c 0x00000000   Number         0  stm32f1xx_hal_rcc.o ABSOLUTE
    ../Drivers/STM32F1xx_HAL_Driver/Src/stm32f1xx_hal_rcc_ex.c 0x00000000   Number         0  stm32f1xx_hal_rcc_ex.o ABSOLUTE
    ../Drivers/STM32F1xx_HAL_Driver/Src/stm32f1xx_hal_tim.c 0x00000000   Number         0  stm32f1xx_hal_tim.o ABSOLUTE
    ../Drivers/STM32F1xx_HAL_Driver/Src/stm32f1xx_hal_tim_ex.c 0x00000000   Number         0  stm32f1xx_hal_tim_ex.o ABSOLUTE
    ../clib/microlib/init/entry.s            0x00000000   Number         0  entry2.o ABSOLUTE
    ../clib/microlib/init/entry.s            0x00000000   Number         0  entry11a.o ABSOLUTE
    ../clib/microlib/init/entry.s            0x00000000   Number         0  entry10b.o ABSOLUTE
    ../clib/microlib/init/entry.s            0x00000000   Number         0  entry10a.o ABSOLUTE
    ../clib/microlib/init/entry.s            0x00000000   Number         0  entry.o ABSOLUTE
    ../clib/microlib/init/entry.s            0x00000000   Number         0  entry9b.o ABSOLUTE
    ../clib/microlib/init/entry.s            0x00000000   Number         0  entry9a.o ABSOLUTE
    ../clib/microlib/init/entry.s            0x00000000   Number         0  entry5.o ABSOLUTE
    ../clib/microlib/init/entry.s            0x00000000   Number         0  entry8b.o ABSOLUTE
    ../clib/microlib/init/entry.s            0x00000000   Number         0  entry8a.o ABSOLUTE
    ../clib/microlib/init/entry.s            0x00000000   Number         0  entry7b.o ABSOLUTE
    ../clib/microlib/init/entry.s            0x00000000   Number         0  entry7a.o ABSOLUTE
    ../clib/microlib/init/entry.s            0x00000000   Number         0  entry11b.o ABSOLUTE
    ../clib/microlib/longlong.c              0x00000000   Number         0  llushr.o ABSOLUTE
    ../clib/microlib/string/memset.c         0x00000000   Number         0  memseta.o ABSOLUTE
    ..\Core\Src\gpio.c                       0x00000000   Number         0  gpio.o ABSOLUTE
    ..\Core\Src\i2c.c                        0x00000000   Number         0  i2c.o ABSOLUTE
    ..\Core\Src\main.c                       0x00000000   Number         0  main.o ABSOLUTE
    ..\Core\Src\stm32f1xx_hal_msp.c          0x00000000   Number         0  stm32f1xx_hal_msp.o ABSOLUTE
    ..\Core\Src\stm32f1xx_it.c               0x00000000   Number         0  stm32f1xx_it.o ABSOLUTE
    ..\Core\Src\system_stm32f1xx.c           0x00000000   Number         0  system_stm32f1xx.o ABSOLUTE
    ..\Devices\oled.c                        0x00000000   Number         0  oled.o ABSOLUTE
    ..\Devices\systick.c                     0x00000000   Number         0  systick.o ABSOLUTE
    ..\Drivers\STM32F1xx_HAL_Driver\Src\stm32f1xx_hal.c 0x00000000   Number         0  stm32f1xx_hal.o ABSOLUTE
    ..\Drivers\STM32F1xx_HAL_Driver\Src\stm32f1xx_hal_cortex.c 0x00000000   Number         0  stm32f1xx_hal_cortex.o ABSOLUTE
    ..\Drivers\STM32F1xx_HAL_Driver\Src\stm32f1xx_hal_dma.c 0x00000000   Number         0  stm32f1xx_hal_dma.o ABSOLUTE
    ..\Drivers\STM32F1xx_HAL_Driver\Src\stm32f1xx_hal_exti.c 0x00000000   Number         0  stm32f1xx_hal_exti.o ABSOLUTE
    ..\Drivers\STM32F1xx_HAL_Driver\Src\stm32f1xx_hal_flash.c 0x00000000   Number         0  stm32f1xx_hal_flash.o ABSOLUTE
    ..\Drivers\STM32F1xx_HAL_Driver\Src\stm32f1xx_hal_flash_ex.c 0x00000000   Number         0  stm32f1xx_hal_flash_ex.o ABSOLUTE
    ..\Drivers\STM32F1xx_HAL_Driver\Src\stm32f1xx_hal_gpio.c 0x00000000   Number         0  stm32f1xx_hal_gpio.o ABSOLUTE
    ..\Drivers\STM32F1xx_HAL_Driver\Src\stm32f1xx_hal_gpio_ex.c 0x00000000   Number         0  stm32f1xx_hal_gpio_ex.o ABSOLUTE
    ..\Drivers\STM32F1xx_HAL_Driver\Src\stm32f1xx_hal_i2c.c 0x00000000   Number         0  stm32f1xx_hal_i2c.o ABSOLUTE
    ..\Drivers\STM32F1xx_HAL_Driver\Src\stm32f1xx_hal_pwr.c 0x00000000   Number         0  stm32f1xx_hal_pwr.o ABSOLUTE
    ..\Drivers\STM32F1xx_HAL_Driver\Src\stm32f1xx_hal_rcc.c 0x00000000   Number         0  stm32f1xx_hal_rcc.o ABSOLUTE
    ..\Drivers\STM32F1xx_HAL_Driver\Src\stm32f1xx_hal_rcc_ex.c 0x00000000   Number         0  stm32f1xx_hal_rcc_ex.o ABSOLUTE
    ..\Drivers\STM32F1xx_HAL_Driver\Src\stm32f1xx_hal_tim.c 0x00000000   Number         0  stm32f1xx_hal_tim.o ABSOLUTE
    ..\Drivers\STM32F1xx_HAL_Driver\Src\stm32f1xx_hal_tim_ex.c 0x00000000   Number         0  stm32f1xx_hal_tim_ex.o ABSOLUTE
    ..\U8G2_Src\mui.c                        0x00000000   Number         0  mui.o ABSOLUTE
    ..\U8G2_Src\mui_u8g2.c                   0x00000000   Number         0  mui_u8g2.o ABSOLUTE
    ..\U8G2_Src\u8g2_bitmap.c                0x00000000   Number         0  u8g2_bitmap.o ABSOLUTE
    ..\U8G2_Src\u8g2_box.c                   0x00000000   Number         0  u8g2_box.o ABSOLUTE
    ..\U8G2_Src\u8g2_buffer.c                0x00000000   Number         0  u8g2_buffer.o ABSOLUTE
    ..\U8G2_Src\u8g2_button.c                0x00000000   Number         0  u8g2_button.o ABSOLUTE
    ..\U8G2_Src\u8g2_circle.c                0x00000000   Number         0  u8g2_circle.o ABSOLUTE
    ..\U8G2_Src\u8g2_cleardisplay.c          0x00000000   Number         0  u8g2_cleardisplay.o ABSOLUTE
    ..\U8G2_Src\u8g2_d_memory.c              0x00000000   Number         0  u8g2_d_memory.o ABSOLUTE
    ..\U8G2_Src\u8g2_d_setup.c               0x00000000   Number         0  u8g2_d_setup.o ABSOLUTE
    ..\U8G2_Src\u8g2_font.c                  0x00000000   Number         0  u8g2_font.o ABSOLUTE
    ..\U8G2_Src\u8g2_fonts.c                 0x00000000   Number         0  u8g2_fonts.o ABSOLUTE
    ..\U8G2_Src\u8g2_hvline.c                0x00000000   Number         0  u8g2_hvline.o ABSOLUTE
    ..\U8G2_Src\u8g2_input_value.c           0x00000000   Number         0  u8g2_input_value.o ABSOLUTE
    ..\U8G2_Src\u8g2_intersection.c          0x00000000   Number         0  u8g2_intersection.o ABSOLUTE
    ..\U8G2_Src\u8g2_kerning.c               0x00000000   Number         0  u8g2_kerning.o ABSOLUTE
    ..\U8G2_Src\u8g2_line.c                  0x00000000   Number         0  u8g2_line.o ABSOLUTE
    ..\U8G2_Src\u8g2_ll_hvline.c             0x00000000   Number         0  u8g2_ll_hvline.o ABSOLUTE
    ..\U8G2_Src\u8g2_message.c               0x00000000   Number         0  u8g2_message.o ABSOLUTE
    ..\U8G2_Src\u8g2_polygon.c               0x00000000   Number         0  u8g2_polygon.o ABSOLUTE
    ..\U8G2_Src\u8g2_selection_list.c        0x00000000   Number         0  u8g2_selection_list.o ABSOLUTE
    ..\U8G2_Src\u8g2_setup.c                 0x00000000   Number         0  u8g2_setup.o ABSOLUTE
    ..\U8G2_Src\u8log.c                      0x00000000   Number         0  u8log.o ABSOLUTE
    ..\U8G2_Src\u8log_u8g2.c                 0x00000000   Number         0  u8log_u8g2.o ABSOLUTE
    ..\U8G2_Src\u8log_u8x8.c                 0x00000000   Number         0  u8log_u8x8.o ABSOLUTE
    ..\U8G2_Src\u8x8_8x8.c                   0x00000000   Number         0  u8x8_8x8.o ABSOLUTE
    ..\U8G2_Src\u8x8_byte.c                  0x00000000   Number         0  u8x8_byte.o ABSOLUTE
    ..\U8G2_Src\u8x8_cad.c                   0x00000000   Number         0  u8x8_cad.o ABSOLUTE
    ..\U8G2_Src\u8x8_capture.c               0x00000000   Number         0  u8x8_capture.o ABSOLUTE
    ..\U8G2_Src\u8x8_d_ssd1306_128x64_noname.c 0x00000000   Number         0  u8x8_d_ssd1306_128x64_noname.o ABSOLUTE
    ..\U8G2_Src\u8x8_debounce.c              0x00000000   Number         0  u8x8_debounce.o ABSOLUTE
    ..\U8G2_Src\u8x8_display.c               0x00000000   Number         0  u8x8_display.o ABSOLUTE
    ..\U8G2_Src\u8x8_fonts.c                 0x00000000   Number         0  u8x8_fonts.o ABSOLUTE
    ..\U8G2_Src\u8x8_gpio.c                  0x00000000   Number         0  u8x8_gpio.o ABSOLUTE
    ..\U8G2_Src\u8x8_input_value.c           0x00000000   Number         0  u8x8_input_value.o ABSOLUTE
    ..\U8G2_Src\u8x8_message.c               0x00000000   Number         0  u8x8_message.o ABSOLUTE
    ..\U8G2_Src\u8x8_selection_list.c        0x00000000   Number         0  u8x8_selection_list.o ABSOLUTE
    ..\U8G2_Src\u8x8_setup.c                 0x00000000   Number         0  u8x8_setup.o ABSOLUTE
    ..\U8G2_Src\u8x8_string.c                0x00000000   Number         0  u8x8_string.o ABSOLUTE
    ..\U8G2_Src\u8x8_u16toa.c                0x00000000   Number         0  u8x8_u16toa.o ABSOLUTE
    ..\U8G2_Src\u8x8_u8toa.c                 0x00000000   Number         0  u8x8_u8toa.o ABSOLUTE
    ..\\Devices\\oled.c                      0x00000000   Number         0  oled.o ABSOLUTE
    ..\\Devices\\systick.c                   0x00000000   Number         0  systick.o ABSOLUTE
    ..\\U8G2_Src\\u8g2_d_setup.c             0x00000000   Number         0  u8g2_d_setup.o ABSOLUTE
    dc.s                                     0x00000000   Number         0  dc.o ABSOLUTE
    handlers.s                               0x00000000   Number         0  handlers.o ABSOLUTE
    init.s                                   0x00000000   Number         0  init.o ABSOLUTE
    startup_stm32f103xe.s                    0x00000000   Number         0  startup_stm32f103xe.o ABSOLUTE
    RESET                                    0x08000000   Section      304  startup_stm32f103xe.o(RESET)
    .ARM.Collect$$$$00000000                 0x08000130   Section        0  entry.o(.ARM.Collect$$$$00000000)
    .ARM.Collect$$$$00000001                 0x08000130   Section        4  entry2.o(.ARM.Collect$$$$00000001)
    .ARM.Collect$$$$00000004                 0x08000134   Section        4  entry5.o(.ARM.Collect$$$$00000004)
    .ARM.Collect$$$$00000008                 0x08000138   Section        0  entry7b.o(.ARM.Collect$$$$00000008)
    .ARM.Collect$$$$0000000A                 0x08000138   Section        0  entry8b.o(.ARM.Collect$$$$0000000A)
    .ARM.Collect$$$$0000000B                 0x08000138   Section        8  entry9a.o(.ARM.Collect$$$$0000000B)
    .ARM.Collect$$$$0000000D                 0x08000140   Section        0  entry10a.o(.ARM.Collect$$$$0000000D)
    .ARM.Collect$$$$0000000F                 0x08000140   Section        0  entry11a.o(.ARM.Collect$$$$0000000F)
    .ARM.Collect$$$$00002712                 0x08000140   Section        4  entry2.o(.ARM.Collect$$$$00002712)
    __lit__00000000                          0x08000140   Data           4  entry2.o(.ARM.Collect$$$$00002712)
    .text                                    0x08000144   Section       36  startup_stm32f103xe.o(.text)
    .text                                    0x08000168   Section        0  memseta.o(.text)
    .text                                    0x0800018c   Section       36  init.o(.text)
    i.BusFault_Handler                       0x080001b0   Section        0  stm32f1xx_it.o(i.BusFault_Handler)
    i.DebugMon_Handler                       0x080001b2   Section        0  stm32f1xx_it.o(i.DebugMon_Handler)
    i.Delay_us                               0x080001b4   Section        0  systick.o(i.Delay_us)
    i.Error_Handler                          0x080001c8   Section        0  main.o(i.Error_Handler)
    i.HAL_Delay                              0x080001cc   Section        0  stm32f1xx_hal.o(i.HAL_Delay)
    i.HAL_GPIO_Init                          0x080001f0   Section        0  stm32f1xx_hal_gpio.o(i.HAL_GPIO_Init)
    i.HAL_GPIO_WritePin                      0x080003e8   Section        0  stm32f1xx_hal_gpio.o(i.HAL_GPIO_WritePin)
    i.HAL_GetTick                            0x080003f4   Section        0  stm32f1xx_hal.o(i.HAL_GetTick)
    i.HAL_I2C_Init                           0x08000400   Section        0  stm32f1xx_hal_i2c.o(i.HAL_I2C_Init)
    i.HAL_I2C_Master_Transmit                0x08000588   Section        0  stm32f1xx_hal_i2c.o(i.HAL_I2C_Master_Transmit)
    i.HAL_I2C_MspInit                        0x080006b4   Section        0  i2c.o(i.HAL_I2C_MspInit)
    i.HAL_IncTick                            0x08000710   Section        0  stm32f1xx_hal.o(i.HAL_IncTick)
    i.HAL_Init                               0x08000720   Section        0  stm32f1xx_hal.o(i.HAL_Init)
    i.HAL_InitTick                           0x08000744   Section        0  stm32f1xx_hal.o(i.HAL_InitTick)
    i.HAL_MspInit                            0x08000784   Section        0  stm32f1xx_hal_msp.o(i.HAL_MspInit)
    i.HAL_NVIC_SetPriority                   0x080007c0   Section        0  stm32f1xx_hal_cortex.o(i.HAL_NVIC_SetPriority)
    i.HAL_NVIC_SetPriorityGrouping           0x08000800   Section        0  stm32f1xx_hal_cortex.o(i.HAL_NVIC_SetPriorityGrouping)
    i.HAL_RCC_ClockConfig                    0x08000824   Section        0  stm32f1xx_hal_rcc.o(i.HAL_RCC_ClockConfig)
    i.HAL_RCC_GetPCLK1Freq                   0x08000950   Section        0  stm32f1xx_hal_rcc.o(i.HAL_RCC_GetPCLK1Freq)
    i.HAL_RCC_GetSysClockFreq                0x08000970   Section        0  stm32f1xx_hal_rcc.o(i.HAL_RCC_GetSysClockFreq)
    i.HAL_RCC_OscConfig                      0x080009dc   Section        0  stm32f1xx_hal_rcc.o(i.HAL_RCC_OscConfig)
    i.HAL_SYSTICK_Config                     0x08000cfc   Section        0  stm32f1xx_hal_cortex.o(i.HAL_SYSTICK_Config)
    i.HardFault_Handler                      0x08000d24   Section        0  stm32f1xx_it.o(i.HardFault_Handler)
    i.I2C_IsAcknowledgeFailed                0x08000d26   Section        0  stm32f1xx_hal_i2c.o(i.I2C_IsAcknowledgeFailed)
    I2C_IsAcknowledgeFailed                  0x08000d27   Thumb Code    46  stm32f1xx_hal_i2c.o(i.I2C_IsAcknowledgeFailed)
    i.I2C_MasterRequestWrite                 0x08000d54   Section        0  stm32f1xx_hal_i2c.o(i.I2C_MasterRequestWrite)
    I2C_MasterRequestWrite                   0x08000d55   Thumb Code   150  stm32f1xx_hal_i2c.o(i.I2C_MasterRequestWrite)
    i.I2C_WaitOnBTFFlagUntilTimeout          0x08000df0   Section        0  stm32f1xx_hal_i2c.o(i.I2C_WaitOnBTFFlagUntilTimeout)
    I2C_WaitOnBTFFlagUntilTimeout            0x08000df1   Thumb Code    76  stm32f1xx_hal_i2c.o(i.I2C_WaitOnBTFFlagUntilTimeout)
    i.I2C_WaitOnFlagUntilTimeout             0x08000e3c   Section        0  stm32f1xx_hal_i2c.o(i.I2C_WaitOnFlagUntilTimeout)
    I2C_WaitOnFlagUntilTimeout               0x08000e3d   Thumb Code   104  stm32f1xx_hal_i2c.o(i.I2C_WaitOnFlagUntilTimeout)
    i.I2C_WaitOnMasterAddressFlagUntilTimeout 0x08000ea4   Section        0  stm32f1xx_hal_i2c.o(i.I2C_WaitOnMasterAddressFlagUntilTimeout)
    I2C_WaitOnMasterAddressFlagUntilTimeout  0x08000ea5   Thumb Code   150  stm32f1xx_hal_i2c.o(i.I2C_WaitOnMasterAddressFlagUntilTimeout)
    i.I2C_WaitOnTXEFlagUntilTimeout          0x08000f3a   Section        0  stm32f1xx_hal_i2c.o(i.I2C_WaitOnTXEFlagUntilTimeout)
    I2C_WaitOnTXEFlagUntilTimeout            0x08000f3b   Thumb Code    76  stm32f1xx_hal_i2c.o(i.I2C_WaitOnTXEFlagUntilTimeout)
    i.MX_GPIO_Init                           0x08000f88   Section        0  gpio.o(i.MX_GPIO_Init)
    i.MX_I2C1_Init                           0x08000ff8   Section        0  i2c.o(i.MX_I2C1_Init)
    i.MemManage_Handler                      0x08001038   Section        0  stm32f1xx_it.o(i.MemManage_Handler)
    i.NMI_Handler                            0x0800103a   Section        0  stm32f1xx_it.o(i.NMI_Handler)
    i.PendSV_Handler                         0x0800103c   Section        0  stm32f1xx_it.o(i.PendSV_Handler)
    i.SVC_Handler                            0x0800103e   Section        0  stm32f1xx_it.o(i.SVC_Handler)
    i.SysTick_Handler                        0x08001040   Section        0  stm32f1xx_it.o(i.SysTick_Handler)
    i.SystemClock_Config                     0x08001044   Section        0  main.o(i.SystemClock_Config)
    i.SystemInit                             0x080010a2   Section        0  system_stm32f1xx.o(i.SystemInit)
    i.UsageFault_Handler                     0x080010a4   Section        0  stm32f1xx_it.o(i.UsageFault_Handler)
    i.__NVIC_SetPriority                     0x080010a6   Section        0  stm32f1xx_hal_cortex.o(i.__NVIC_SetPriority)
    __NVIC_SetPriority                       0x080010a7   Thumb Code    32  stm32f1xx_hal_cortex.o(i.__NVIC_SetPriority)
    i.__scatterload_copy                     0x080010c6   Section       14  handlers.o(i.__scatterload_copy)
    i.__scatterload_null                     0x080010d4   Section        2  handlers.o(i.__scatterload_null)
    i.__scatterload_zeroinit                 0x080010d6   Section       14  handlers.o(i.__scatterload_zeroinit)
    i.draw                                   0x080010e4   Section        0  main.o(i.draw)
    i.main                                   0x080011a8   Section        0  main.o(i.main)
    i.u8g2_ClearBuffer                       0x080011f8   Section        0  u8g2_buffer.o(i.u8g2_ClearBuffer)
    i.u8g2_DrawGlyph                         0x0800120a   Section        0  u8g2_font.o(i.u8g2_DrawGlyph)
    i.u8g2_DrawHLine                         0x0800127a   Section        0  u8g2_hvline.o(i.u8g2_DrawHLine)
    i.u8g2_DrawHVLine                        0x08001288   Section        0  u8g2_hvline.o(i.u8g2_DrawHVLine)
    i.u8g2_DrawStr                           0x08001334   Section        0  u8g2_font.o(i.u8g2_DrawStr)
    i.u8g2_DrawUTF8                          0x08001344   Section        0  u8g2_font.o(i.u8g2_DrawUTF8)
    i.u8g2_DrawVLine                         0x08001354   Section        0  u8g2_hvline.o(i.u8g2_DrawVLine)
    i.u8g2_FirstPage                         0x08001360   Section        0  u8g2_buffer.o(i.u8g2_FirstPage)
    i.u8g2_IsIntersection                    0x0800137c   Section        0  u8g2_intersection.o(i.u8g2_IsIntersection)
    i.u8g2_NextPage                          0x080013ac   Section        0  u8g2_buffer.o(i.u8g2_NextPage)
    i.u8g2_SetBufferCurrTileRow              0x080013ea   Section        0  u8g2_buffer.o(i.u8g2_SetBufferCurrTileRow)
    i.u8g2_SetFont                           0x08001406   Section        0  u8g2_font.o(i.u8g2_SetFont)
    i.u8g2_SetFontDirection                  0x08001426   Section        0  u8g2_font.o(i.u8g2_SetFontDirection)
    i.u8g2_SetFontMode                       0x0800142c   Section        0  u8g2_font.o(i.u8g2_SetFontMode)
    i.u8g2_SetFontPosBaseline                0x08001434   Section        0  u8g2_font.o(i.u8g2_SetFontPosBaseline)
    i.u8g2_SetMaxClipWindow                  0x08001440   Section        0  u8g2_setup.o(i.u8g2_SetMaxClipWindow)
    i.u8g2_SetupBuffer                       0x0800145c   Section        0  u8g2_setup.o(i.u8g2_SetupBuffer)
    i.u8g2_Setup_ssd1306_i2c_128x64_noname_1 0x080014a4   Section        0  u8g2_d_setup.o(i.u8g2_Setup_ssd1306_i2c_128x64_noname_1)
    i.u8g2_UpdateRefHeight                   0x080014dc   Section        0  u8g2_font.o(i.u8g2_UpdateRefHeight)
    i.u8g2_add_vector_x                      0x0800152e   Section        0  u8g2_font.o(i.u8g2_add_vector_x)
    i.u8g2_add_vector_y                      0x0800154a   Section        0  u8g2_font.o(i.u8g2_add_vector_y)
    i.u8g2_apply_clip_window                 0x08001566   Section        0  u8g2_setup.o(i.u8g2_apply_clip_window)
    u8g2_apply_clip_window                   0x08001567   Thumb Code   110  u8g2_setup.o(i.u8g2_apply_clip_window)
    i.u8g2_clip_intersection2                0x080015d4   Section        0  u8g2_hvline.o(i.u8g2_clip_intersection2)
    u8g2_clip_intersection2                  0x080015d5   Thumb Code    60  u8g2_hvline.o(i.u8g2_clip_intersection2)
    i.u8g2_draw_hv_line_2dir                 0x08001610   Section        0  u8g2_hvline.o(i.u8g2_draw_hv_line_2dir)
    i.u8g2_draw_l90_r0                       0x08001622   Section        0  u8g2_setup.o(i.u8g2_draw_l90_r0)
    i.u8g2_draw_string                       0x0800162e   Section        0  u8g2_font.o(i.u8g2_draw_string)
    u8g2_draw_string                         0x0800162f   Thumb Code   118  u8g2_font.o(i.u8g2_draw_string)
    i.u8g2_font_calc_vref_font               0x080016a4   Section        0  u8g2_font.o(i.u8g2_font_calc_vref_font)
    i.u8g2_font_decode_get_signed_bits       0x080016a8   Section        0  u8g2_font.o(i.u8g2_font_decode_get_signed_bits)
    i.u8g2_font_decode_get_unsigned_bits     0x080016bc   Section        0  u8g2_font.o(i.u8g2_font_decode_get_unsigned_bits)
    i.u8g2_font_decode_glyph                 0x080016f0   Section        0  u8g2_font.o(i.u8g2_font_decode_glyph)
    i.u8g2_font_decode_len                   0x08001804   Section        0  u8g2_font.o(i.u8g2_font_decode_len)
    i.u8g2_font_get_glyph_data               0x08001890   Section        0  u8g2_font.o(i.u8g2_font_get_glyph_data)
    i.u8g2_font_get_word                     0x08001902   Section        0  u8g2_font.o(i.u8g2_font_get_word)
    u8g2_font_get_word                       0x08001903   Thumb Code    20  u8g2_font.o(i.u8g2_font_get_word)
    i.u8g2_font_setup_decode                 0x08001916   Section        0  u8g2_font.o(i.u8g2_font_setup_decode)
    u8g2_font_setup_decode                   0x08001917   Thumb Code    52  u8g2_font.o(i.u8g2_font_setup_decode)
    i.u8g2_is_intersection_decision_tree     0x0800194a   Section        0  u8g2_intersection.o(i.u8g2_is_intersection_decision_tree)
    i.u8g2_ll_hvline_vertical_top_lsb        0x08001962   Section        0  u8g2_ll_hvline.o(i.u8g2_ll_hvline_vertical_top_lsb)
    i.u8g2_m_16_8_1                          0x080019f0   Section        0  u8g2_d_memory.o(i.u8g2_m_16_8_1)
    i.u8g2_read_font_info                    0x080019fc   Section        0  u8g2_font.o(i.u8g2_read_font_info)
    i.u8g2_send_buffer                       0x08001a66   Section        0  u8g2_buffer.o(i.u8g2_send_buffer)
    u8g2_send_buffer                         0x08001a67   Thumb Code    78  u8g2_buffer.o(i.u8g2_send_buffer)
    i.u8g2_update_dimension_common           0x08001ab4   Section        0  u8g2_setup.o(i.u8g2_update_dimension_common)
    u8g2_update_dimension_common             0x08001ab5   Thumb Code    70  u8g2_setup.o(i.u8g2_update_dimension_common)
    i.u8g2_update_dimension_r0               0x08001afa   Section        0  u8g2_setup.o(i.u8g2_update_dimension_r0)
    i.u8g2_update_page_win_r0                0x08001afe   Section        0  u8g2_setup.o(i.u8g2_update_page_win_r0)
    i.u8x8_DrawTile                          0x08001b20   Section        0  u8x8_display.o(i.u8x8_DrawTile)
    i.u8x8_InitDisplay                       0x08001b3e   Section        0  u8x8_display.o(i.u8x8_InitDisplay)
    i.u8x8_RefreshDisplay                    0x08001b4e   Section        0  u8x8_display.o(i.u8x8_RefreshDisplay)
    i.u8x8_SetPowerSave                      0x08001b5e   Section        0  u8x8_display.o(i.u8x8_SetPowerSave)
    i.u8x8_Setup                             0x08001b6e   Section        0  u8x8_setup.o(i.u8x8_Setup)
    i.u8x8_SetupDefaults                     0x08001b90   Section        0  u8x8_setup.o(i.u8x8_SetupDefaults)
    i.u8x8_SetupMemory                       0x08001bb4   Section        0  u8x8_display.o(i.u8x8_SetupMemory)
    i.u8x8_ascii_next                        0x08001bc4   Section        0  u8x8_8x8.o(i.u8x8_ascii_next)
    i.u8x8_byte_EndTransfer                  0x08001bd2   Section        0  u8x8_byte.o(i.u8x8_byte_EndTransfer)
    i.u8x8_byte_SendByte                     0x08001be2   Section        0  u8x8_byte.o(i.u8x8_byte_SendByte)
    i.u8x8_byte_StartTransfer                0x08001bf0   Section        0  u8x8_byte.o(i.u8x8_byte_StartTransfer)
    i.u8x8_byte_i2c                          0x08001c00   Section        0  main.o(i.u8x8_byte_i2c)
    i.u8x8_cad_EndTransfer                   0x08001c5c   Section        0  u8x8_cad.o(i.u8x8_cad_EndTransfer)
    i.u8x8_cad_SendArg                       0x08001c6c   Section        0  u8x8_cad.o(i.u8x8_cad_SendArg)
    i.u8x8_cad_SendCmd                       0x08001c7c   Section        0  u8x8_cad.o(i.u8x8_cad_SendCmd)
    i.u8x8_cad_SendData                      0x08001c8c   Section        0  u8x8_cad.o(i.u8x8_cad_SendData)
    i.u8x8_cad_SendSequence                  0x08001c9c   Section        0  u8x8_cad.o(i.u8x8_cad_SendSequence)
    i.u8x8_cad_StartTransfer                 0x08001d04   Section        0  u8x8_cad.o(i.u8x8_cad_StartTransfer)
    i.u8x8_cad_ssd13xx_fast_i2c              0x08001d14   Section        0  u8x8_cad.o(i.u8x8_cad_ssd13xx_fast_i2c)
    i.u8x8_d_helper_display_init             0x08001dd0   Section        0  u8x8_display.o(i.u8x8_d_helper_display_init)
    i.u8x8_d_helper_display_setup_memory     0x08001e30   Section        0  u8x8_display.o(i.u8x8_d_helper_display_setup_memory)
    i.u8x8_d_ssd1306_128x64_noname           0x08001e3c   Section        0  u8x8_d_ssd1306_128x64_noname.o(i.u8x8_d_ssd1306_128x64_noname)
    i.u8x8_d_ssd1306_sh1106_generic          0x08001e78   Section        0  u8x8_d_ssd1306_128x64_noname.o(i.u8x8_d_ssd1306_sh1106_generic)
    u8x8_d_ssd1306_sh1106_generic            0x08001e79   Thumb Code   196  u8x8_d_ssd1306_128x64_noname.o(i.u8x8_d_ssd1306_sh1106_generic)
    i.u8x8_dummy_cb                          0x08001f40   Section        0  u8x8_setup.o(i.u8x8_dummy_cb)
    i.u8x8_gpio_and_delay                    0x08001f44   Section        0  main.o(i.u8x8_gpio_and_delay)
    i.u8x8_gpio_call                         0x08001fbc   Section        0  u8x8_gpio.o(i.u8x8_gpio_call)
    i.u8x8_i2c_data_transfer                 0x08001fc8   Section        0  u8x8_cad.o(i.u8x8_i2c_data_transfer)
    u8x8_i2c_data_transfer                   0x08001fc9   Thumb Code    44  u8x8_cad.o(i.u8x8_i2c_data_transfer)
    i.u8x8_utf8_init                         0x08001ff4   Section        0  u8x8_8x8.o(i.u8x8_utf8_init)
    i.u8x8_utf8_next                         0x08001ffc   Section        0  u8x8_8x8.o(i.u8x8_utf8_next)
    .constdata                               0x0800208c   Section       16  system_stm32f1xx.o(.constdata)
    .constdata                               0x0800209c   Section        8  system_stm32f1xx.o(.constdata)
    .constdata                               0x080020a4   Section     9391  u8g2_fonts.o(.constdata)
    .constdata                               0x08004553   Section     8821  u8g2_fonts.o(.constdata)
    .constdata                               0x080067c8   Section       12  u8g2_setup.o(.constdata)
    .constdata                               0x080067d4   Section      344  u8x8_d_ssd1306_128x64_noname.o(.constdata)
    u8x8_d_ssd1306_128x64_noname_powersave0_seq 0x080067d4   Data           5  u8x8_d_ssd1306_128x64_noname.o(.constdata)
    u8x8_d_ssd1306_128x64_noname_powersave1_seq 0x080067d9   Data           5  u8x8_d_ssd1306_128x64_noname.o(.constdata)
    u8x8_d_ssd1306_128x64_noname_flip0_seq   0x080067de   Data           7  u8x8_d_ssd1306_128x64_noname.o(.constdata)
    u8x8_d_ssd1306_128x64_noname_flip1_seq   0x080067e5   Data           7  u8x8_d_ssd1306_128x64_noname.o(.constdata)
    u8x8_d_ssd1312_128x64_noname_flip0_seq   0x080067ec   Data           7  u8x8_d_ssd1306_128x64_noname.o(.constdata)
    u8x8_d_ssd1312_128x64_noname_flip1_seq   0x080067f3   Data           7  u8x8_d_ssd1306_128x64_noname.o(.constdata)
    u8x8_d_ssd1306_128x64_noname_init_seq    0x080067fa   Data          53  u8x8_d_ssd1306_128x64_noname.o(.constdata)
    u8x8_d_ssd1306_128x64_vcomh0_init_seq    0x0800682f   Data          53  u8x8_d_ssd1306_128x64_noname.o(.constdata)
    u8x8_d_ssd1306_128x64_alt0_init_seq      0x08006864   Data          53  u8x8_d_ssd1306_128x64_noname.o(.constdata)
    u8x8_d_sh1106_128x64_winstar_init_seq    0x08006899   Data          45  u8x8_d_ssd1306_128x64_noname.o(.constdata)
    u8x8_d_ssd1312_128x64_noname_init_seq    0x080068c6   Data          53  u8x8_d_ssd1306_128x64_noname.o(.constdata)
    u8x8_ssd1306_128x64_noname_display_info  0x080068fc   Data          24  u8x8_d_ssd1306_128x64_noname.o(.constdata)
    u8x8_sh1106_128x64_noname_display_info   0x08006914   Data          24  u8x8_d_ssd1306_128x64_noname.o(.constdata)
    .data                                    0x20000000   Section        1  main.o(.data)
    buf_idx                                  0x20000000   Data           1  main.o(.data)
    .data                                    0x20000004   Section       12  stm32f1xx_hal.o(.data)
    .data                                    0x20000010   Section        4  system_stm32f1xx.o(.data)
    .data                                    0x20000014   Section        4  systick.o(.data)
    TimingDelay                              0x20000014   Data           4  systick.o(.data)
    .data                                    0x20000018   Section        6  u8x8_cad.o(.data)
    in_transfer                              0x20000018   Data           1  u8x8_cad.o(.data)
    in_transfer                              0x20000019   Data           1  u8x8_cad.o(.data)
    in_transfer                              0x2000001a   Data           1  u8x8_cad.o(.data)
    is_data                                  0x2000001b   Data           1  u8x8_cad.o(.data)
    in_transfer                              0x2000001c   Data           1  u8x8_cad.o(.data)
    is_data                                  0x2000001d   Data           1  u8x8_cad.o(.data)
    .bss                                     0x20000020   Section       32  main.o(.bss)
    buffer                                   0x20000020   Data          32  main.o(.bss)
    .bss                                     0x20000040   Section       84  i2c.o(.bss)
    .bss                                     0x20000094   Section      128  u8g2_d_memory.o(.bss)
    buf                                      0x20000094   Data         128  u8g2_d_memory.o(.bss)
    STACK                                    0x20000118   Section     1024  startup_stm32f103xe.o(STACK)

    Global Symbols

    Symbol Name                              Value     Ov Type        Size  Object(Section)

    BuildAttributes$$THM_ISAv4$P$D$K$B$S$PE$A:L22UL41UL21$X:L11$S22US41US21$IEEE1$IW$USESV6$~STKCKD$USESV7$~SHL$OSPACE$EBA8$MICROLIB$REQ8$PRES8$EABIv2 0x00000000   Number         0  anon$$obj.o ABSOLUTE
    __ARM_use_no_argv                        0x00000000   Number         0  main.o ABSOLUTE
    __cpp_initialize__aeabi_                  - Undefined Weak Reference
    __cxa_finalize                            - Undefined Weak Reference
    __decompress                              - Undefined Weak Reference
    _clock_init                               - Undefined Weak Reference
    _microlib_exit                            - Undefined Weak Reference
    __Vectors_Size                           0x00000130   Number         0  startup_stm32f103xe.o ABSOLUTE
    __Vectors                                0x08000000   Data           4  startup_stm32f103xe.o(RESET)
    __Vectors_End                            0x08000130   Data           0  startup_stm32f103xe.o(RESET)
    __main                                   0x08000131   Thumb Code     0  entry.o(.ARM.Collect$$$$00000000)
    _main_stk                                0x08000131   Thumb Code     0  entry2.o(.ARM.Collect$$$$00000001)
    _main_scatterload                        0x08000135   Thumb Code     0  entry5.o(.ARM.Collect$$$$00000004)
    __main_after_scatterload                 0x08000139   Thumb Code     0  entry5.o(.ARM.Collect$$$$00000004)
    _main_clock                              0x08000139   Thumb Code     0  entry7b.o(.ARM.Collect$$$$00000008)
    _main_cpp_init                           0x08000139   Thumb Code     0  entry8b.o(.ARM.Collect$$$$0000000A)
    _main_init                               0x08000139   Thumb Code     0  entry9a.o(.ARM.Collect$$$$0000000B)
    __rt_final_cpp                           0x08000141   Thumb Code     0  entry10a.o(.ARM.Collect$$$$0000000D)
    __rt_final_exit                          0x08000141   Thumb Code     0  entry11a.o(.ARM.Collect$$$$0000000F)
    Reset_Handler                            0x08000145   Thumb Code     8  startup_stm32f103xe.o(.text)
    ADC1_2_IRQHandler                        0x0800015f   Thumb Code     0  startup_stm32f103xe.o(.text)
    ADC3_IRQHandler                          0x0800015f   Thumb Code     0  startup_stm32f103xe.o(.text)
    CAN1_RX1_IRQHandler                      0x0800015f   Thumb Code     0  startup_stm32f103xe.o(.text)
    CAN1_SCE_IRQHandler                      0x0800015f   Thumb Code     0  startup_stm32f103xe.o(.text)
    DMA1_Channel1_IRQHandler                 0x0800015f   Thumb Code     0  startup_stm32f103xe.o(.text)
    DMA1_Channel2_IRQHandler                 0x0800015f   Thumb Code     0  startup_stm32f103xe.o(.text)
    DMA1_Channel3_IRQHandler                 0x0800015f   Thumb Code     0  startup_stm32f103xe.o(.text)
    DMA1_Channel4_IRQHandler                 0x0800015f   Thumb Code     0  startup_stm32f103xe.o(.text)
    DMA1_Channel5_IRQHandler                 0x0800015f   Thumb Code     0  startup_stm32f103xe.o(.text)
    DMA1_Channel6_IRQHandler                 0x0800015f   Thumb Code     0  startup_stm32f103xe.o(.text)
    DMA1_Channel7_IRQHandler                 0x0800015f   Thumb Code     0  startup_stm32f103xe.o(.text)
    DMA2_Channel1_IRQHandler                 0x0800015f   Thumb Code     0  startup_stm32f103xe.o(.text)
    DMA2_Channel2_IRQHandler                 0x0800015f   Thumb Code     0  startup_stm32f103xe.o(.text)
    DMA2_Channel3_IRQHandler                 0x0800015f   Thumb Code     0  startup_stm32f103xe.o(.text)
    DMA2_Channel4_5_IRQHandler               0x0800015f   Thumb Code     0  startup_stm32f103xe.o(.text)
    EXTI0_IRQHandler                         0x0800015f   Thumb Code     0  startup_stm32f103xe.o(.text)
    EXTI15_10_IRQHandler                     0x0800015f   Thumb Code     0  startup_stm32f103xe.o(.text)
    EXTI1_IRQHandler                         0x0800015f   Thumb Code     0  startup_stm32f103xe.o(.text)
    EXTI2_IRQHandler                         0x0800015f   Thumb Code     0  startup_stm32f103xe.o(.text)
    EXTI3_IRQHandler                         0x0800015f   Thumb Code     0  startup_stm32f103xe.o(.text)
    EXTI4_IRQHandler                         0x0800015f   Thumb Code     0  startup_stm32f103xe.o(.text)
    EXTI9_5_IRQHandler                       0x0800015f   Thumb Code     0  startup_stm32f103xe.o(.text)
    FLASH_IRQHandler                         0x0800015f   Thumb Code     0  startup_stm32f103xe.o(.text)
    FSMC_IRQHandler                          0x0800015f   Thumb Code     0  startup_stm32f103xe.o(.text)
    I2C1_ER_IRQHandler                       0x0800015f   Thumb Code     0  startup_stm32f103xe.o(.text)
    I2C1_EV_IRQHandler                       0x0800015f   Thumb Code     0  startup_stm32f103xe.o(.text)
    I2C2_ER_IRQHandler                       0x0800015f   Thumb Code     0  startup_stm32f103xe.o(.text)
    I2C2_EV_IRQHandler                       0x0800015f   Thumb Code     0  startup_stm32f103xe.o(.text)
    PVD_IRQHandler                           0x0800015f   Thumb Code     0  startup_stm32f103xe.o(.text)
    RCC_IRQHandler                           0x0800015f   Thumb Code     0  startup_stm32f103xe.o(.text)
    RTC_Alarm_IRQHandler                     0x0800015f   Thumb Code     0  startup_stm32f103xe.o(.text)
    RTC_IRQHandler                           0x0800015f   Thumb Code     0  startup_stm32f103xe.o(.text)
    SDIO_IRQHandler                          0x0800015f   Thumb Code     0  startup_stm32f103xe.o(.text)
    SPI1_IRQHandler                          0x0800015f   Thumb Code     0  startup_stm32f103xe.o(.text)
    SPI2_IRQHandler                          0x0800015f   Thumb Code     0  startup_stm32f103xe.o(.text)
    SPI3_IRQHandler                          0x0800015f   Thumb Code     0  startup_stm32f103xe.o(.text)
    TAMPER_IRQHandler                        0x0800015f   Thumb Code     0  startup_stm32f103xe.o(.text)
    TIM1_BRK_IRQHandler                      0x0800015f   Thumb Code     0  startup_stm32f103xe.o(.text)
    TIM1_CC_IRQHandler                       0x0800015f   Thumb Code     0  startup_stm32f103xe.o(.text)
    TIM1_TRG_COM_IRQHandler                  0x0800015f   Thumb Code     0  startup_stm32f103xe.o(.text)
    TIM1_UP_IRQHandler                       0x0800015f   Thumb Code     0  startup_stm32f103xe.o(.text)
    TIM2_IRQHandler                          0x0800015f   Thumb Code     0  startup_stm32f103xe.o(.text)
    TIM3_IRQHandler                          0x0800015f   Thumb Code     0  startup_stm32f103xe.o(.text)
    TIM4_IRQHandler                          0x0800015f   Thumb Code     0  startup_stm32f103xe.o(.text)
    TIM5_IRQHandler                          0x0800015f   Thumb Code     0  startup_stm32f103xe.o(.text)
    TIM6_IRQHandler                          0x0800015f   Thumb Code     0  startup_stm32f103xe.o(.text)
    TIM7_IRQHandler                          0x0800015f   Thumb Code     0  startup_stm32f103xe.o(.text)
    TIM8_BRK_IRQHandler                      0x0800015f   Thumb Code     0  startup_stm32f103xe.o(.text)
    TIM8_CC_IRQHandler                       0x0800015f   Thumb Code     0  startup_stm32f103xe.o(.text)
    TIM8_TRG_COM_IRQHandler                  0x0800015f   Thumb Code     0  startup_stm32f103xe.o(.text)
    TIM8_UP_IRQHandler                       0x0800015f   Thumb Code     0  startup_stm32f103xe.o(.text)
    UART4_IRQHandler                         0x0800015f   Thumb Code     0  startup_stm32f103xe.o(.text)
    UART5_IRQHandler                         0x0800015f   Thumb Code     0  startup_stm32f103xe.o(.text)
    USART1_IRQHandler                        0x0800015f   Thumb Code     0  startup_stm32f103xe.o(.text)
    USART2_IRQHandler                        0x0800015f   Thumb Code     0  startup_stm32f103xe.o(.text)
    USART3_IRQHandler                        0x0800015f   Thumb Code     0  startup_stm32f103xe.o(.text)
    USBWakeUp_IRQHandler                     0x0800015f   Thumb Code     0  startup_stm32f103xe.o(.text)
    USB_HP_CAN1_TX_IRQHandler                0x0800015f   Thumb Code     0  startup_stm32f103xe.o(.text)
    USB_LP_CAN1_RX0_IRQHandler               0x0800015f   Thumb Code     0  startup_stm32f103xe.o(.text)
    WWDG_IRQHandler                          0x0800015f   Thumb Code     0  startup_stm32f103xe.o(.text)
    __aeabi_memset                           0x08000169   Thumb Code    14  memseta.o(.text)
    __aeabi_memset4                          0x08000169   Thumb Code     0  memseta.o(.text)
    __aeabi_memset8                          0x08000169   Thumb Code     0  memseta.o(.text)
    __aeabi_memclr                           0x08000177   Thumb Code     4  memseta.o(.text)
    __aeabi_memclr4                          0x08000177   Thumb Code     0  memseta.o(.text)
    __aeabi_memclr8                          0x08000177   Thumb Code     0  memseta.o(.text)
    _memset$wrapper                          0x0800017b   Thumb Code    18  memseta.o(.text)
    __scatterload                            0x0800018d   Thumb Code    28  init.o(.text)
    __scatterload_rt2                        0x0800018d   Thumb Code     0  init.o(.text)
    BusFault_Handler                         0x080001b1   Thumb Code     2  stm32f1xx_it.o(i.BusFault_Handler)
    DebugMon_Handler                         0x080001b3   Thumb Code     2  stm32f1xx_it.o(i.DebugMon_Handler)
    Delay_us                                 0x080001b5   Thumb Code    16  systick.o(i.Delay_us)
    Error_Handler                            0x080001c9   Thumb Code     4  main.o(i.Error_Handler)
    HAL_Delay                                0x080001cd   Thumb Code    32  stm32f1xx_hal.o(i.HAL_Delay)
    HAL_GPIO_Init                            0x080001f1   Thumb Code   462  stm32f1xx_hal_gpio.o(i.HAL_GPIO_Init)
    HAL_GPIO_WritePin                        0x080003e9   Thumb Code    10  stm32f1xx_hal_gpio.o(i.HAL_GPIO_WritePin)
    HAL_GetTick                              0x080003f5   Thumb Code     6  stm32f1xx_hal.o(i.HAL_GetTick)
    HAL_I2C_Init                             0x08000401   Thumb Code   376  stm32f1xx_hal_i2c.o(i.HAL_I2C_Init)
    HAL_I2C_Master_Transmit                  0x08000589   Thumb Code   290  stm32f1xx_hal_i2c.o(i.HAL_I2C_Master_Transmit)
    HAL_I2C_MspInit                          0x080006b5   Thumb Code    80  i2c.o(i.HAL_I2C_MspInit)
    HAL_IncTick                              0x08000711   Thumb Code    12  stm32f1xx_hal.o(i.HAL_IncTick)
    HAL_Init                                 0x08000721   Thumb Code    32  stm32f1xx_hal.o(i.HAL_Init)
    HAL_InitTick                             0x08000745   Thumb Code    54  stm32f1xx_hal.o(i.HAL_InitTick)
    HAL_MspInit                              0x08000785   Thumb Code    52  stm32f1xx_hal_msp.o(i.HAL_MspInit)
    HAL_NVIC_SetPriority                     0x080007c1   Thumb Code    60  stm32f1xx_hal_cortex.o(i.HAL_NVIC_SetPriority)
    HAL_NVIC_SetPriorityGrouping             0x08000801   Thumb Code    26  stm32f1xx_hal_cortex.o(i.HAL_NVIC_SetPriorityGrouping)
    HAL_RCC_ClockConfig                      0x08000825   Thumb Code   280  stm32f1xx_hal_rcc.o(i.HAL_RCC_ClockConfig)
    HAL_RCC_GetPCLK1Freq                     0x08000951   Thumb Code    20  stm32f1xx_hal_rcc.o(i.HAL_RCC_GetPCLK1Freq)
    HAL_RCC_GetSysClockFreq                  0x08000971   Thumb Code    74  stm32f1xx_hal_rcc.o(i.HAL_RCC_GetSysClockFreq)
    HAL_RCC_OscConfig                        0x080009dd   Thumb Code   778  stm32f1xx_hal_rcc.o(i.HAL_RCC_OscConfig)
    HAL_SYSTICK_Config                       0x08000cfd   Thumb Code    40  stm32f1xx_hal_cortex.o(i.HAL_SYSTICK_Config)
    HardFault_Handler                        0x08000d25   Thumb Code     2  stm32f1xx_it.o(i.HardFault_Handler)
    MX_GPIO_Init                             0x08000f89   Thumb Code   102  gpio.o(i.MX_GPIO_Init)
    MX_I2C1_Init                             0x08000ff9   Thumb Code    50  i2c.o(i.MX_I2C1_Init)
    MemManage_Handler                        0x08001039   Thumb Code     2  stm32f1xx_it.o(i.MemManage_Handler)
    NMI_Handler                              0x0800103b   Thumb Code     2  stm32f1xx_it.o(i.NMI_Handler)
    PendSV_Handler                           0x0800103d   Thumb Code     2  stm32f1xx_it.o(i.PendSV_Handler)
    SVC_Handler                              0x0800103f   Thumb Code     2  stm32f1xx_it.o(i.SVC_Handler)
    SysTick_Handler                          0x08001041   Thumb Code     4  stm32f1xx_it.o(i.SysTick_Handler)
    SystemClock_Config                       0x08001045   Thumb Code    94  main.o(i.SystemClock_Config)
    SystemInit                               0x080010a3   Thumb Code     2  system_stm32f1xx.o(i.SystemInit)
    UsageFault_Handler                       0x080010a5   Thumb Code     2  stm32f1xx_it.o(i.UsageFault_Handler)
    __scatterload_copy                       0x080010c7   Thumb Code    14  handlers.o(i.__scatterload_copy)
    __scatterload_null                       0x080010d5   Thumb Code     2  handlers.o(i.__scatterload_null)
    __scatterload_zeroinit                   0x080010d7   Thumb Code    14  handlers.o(i.__scatterload_zeroinit)
    draw                                     0x080010e5   Thumb Code   158  main.o(i.draw)
    main                                     0x080011a9   Thumb Code    68  main.o(i.main)
    u8g2_ClearBuffer                         0x080011f9   Thumb Code    18  u8g2_buffer.o(i.u8g2_ClearBuffer)
    u8g2_DrawGlyph                           0x0800120b   Thumb Code   112  u8g2_font.o(i.u8g2_DrawGlyph)
    u8g2_DrawHLine                           0x0800127b   Thumb Code    12  u8g2_hvline.o(i.u8g2_DrawHLine)
    u8g2_DrawHVLine                          0x08001289   Thumb Code   172  u8g2_hvline.o(i.u8g2_DrawHVLine)
    u8g2_DrawStr                             0x08001335   Thumb Code    12  u8g2_font.o(i.u8g2_DrawStr)
    u8g2_DrawUTF8                            0x08001345   Thumb Code    12  u8g2_font.o(i.u8g2_DrawUTF8)
    u8g2_DrawVLine                           0x08001355   Thumb Code    12  u8g2_hvline.o(i.u8g2_DrawVLine)
    u8g2_FirstPage                           0x08001361   Thumb Code    28  u8g2_buffer.o(i.u8g2_FirstPage)
    u8g2_IsIntersection                      0x0800137d   Thumb Code    48  u8g2_intersection.o(i.u8g2_IsIntersection)
    u8g2_NextPage                            0x080013ad   Thumb Code    62  u8g2_buffer.o(i.u8g2_NextPage)
    u8g2_SetBufferCurrTileRow                0x080013eb   Thumb Code    28  u8g2_buffer.o(i.u8g2_SetBufferCurrTileRow)
    u8g2_SetFont                             0x08001407   Thumb Code    32  u8g2_font.o(i.u8g2_SetFont)
    u8g2_SetFontDirection                    0x08001427   Thumb Code     6  u8g2_font.o(i.u8g2_SetFontDirection)
    u8g2_SetFontMode                         0x0800142d   Thumb Code     6  u8g2_font.o(i.u8g2_SetFontMode)
    u8g2_SetFontPosBaseline                  0x08001435   Thumb Code     6  u8g2_font.o(i.u8g2_SetFontPosBaseline)
    u8g2_SetMaxClipWindow                    0x08001441   Thumb Code    28  u8g2_setup.o(i.u8g2_SetMaxClipWindow)
    u8g2_SetupBuffer                         0x0800145d   Thumb Code    70  u8g2_setup.o(i.u8g2_SetupBuffer)
    u8g2_Setup_ssd1306_i2c_128x64_noname_1   0x080014a5   Thumb Code    42  u8g2_d_setup.o(i.u8g2_Setup_ssd1306_i2c_128x64_noname_1)
    u8g2_UpdateRefHeight                     0x080014dd   Thumb Code    82  u8g2_font.o(i.u8g2_UpdateRefHeight)
    u8g2_add_vector_x                        0x0800152f   Thumb Code    28  u8g2_font.o(i.u8g2_add_vector_x)
    u8g2_add_vector_y                        0x0800154b   Thumb Code    28  u8g2_font.o(i.u8g2_add_vector_y)
    u8g2_draw_hv_line_2dir                   0x08001611   Thumb Code    18  u8g2_hvline.o(i.u8g2_draw_hv_line_2dir)
    u8g2_draw_l90_r0                         0x08001623   Thumb Code    12  u8g2_setup.o(i.u8g2_draw_l90_r0)
    u8g2_font_calc_vref_font                 0x080016a5   Thumb Code     4  u8g2_font.o(i.u8g2_font_calc_vref_font)
    u8g2_font_decode_get_signed_bits         0x080016a9   Thumb Code    20  u8g2_font.o(i.u8g2_font_decode_get_signed_bits)
    u8g2_font_decode_get_unsigned_bits       0x080016bd   Thumb Code    52  u8g2_font.o(i.u8g2_font_decode_get_unsigned_bits)
    u8g2_font_decode_glyph                   0x080016f1   Thumb Code   276  u8g2_font.o(i.u8g2_font_decode_glyph)
    u8g2_font_decode_len                     0x08001805   Thumb Code   140  u8g2_font.o(i.u8g2_font_decode_len)
    u8g2_font_get_glyph_data                 0x08001891   Thumb Code   114  u8g2_font.o(i.u8g2_font_get_glyph_data)
    u8g2_is_intersection_decision_tree       0x0800194b   Thumb Code    24  u8g2_intersection.o(i.u8g2_is_intersection_decision_tree)
    u8g2_ll_hvline_vertical_top_lsb          0x08001963   Thumb Code   142  u8g2_ll_hvline.o(i.u8g2_ll_hvline_vertical_top_lsb)
    u8g2_m_16_8_1                            0x080019f1   Thumb Code     8  u8g2_d_memory.o(i.u8g2_m_16_8_1)
    u8g2_read_font_info                      0x080019fd   Thumb Code   106  u8g2_font.o(i.u8g2_read_font_info)
    u8g2_update_dimension_r0                 0x08001afb   Thumb Code     4  u8g2_setup.o(i.u8g2_update_dimension_r0)
    u8g2_update_page_win_r0                  0x08001aff   Thumb Code    34  u8g2_setup.o(i.u8g2_update_page_win_r0)
    u8x8_DrawTile                            0x08001b21   Thumb Code    30  u8x8_display.o(i.u8x8_DrawTile)
    u8x8_InitDisplay                         0x08001b3f   Thumb Code    16  u8x8_display.o(i.u8x8_InitDisplay)
    u8x8_RefreshDisplay                      0x08001b4f   Thumb Code    16  u8x8_display.o(i.u8x8_RefreshDisplay)
    u8x8_SetPowerSave                        0x08001b5f   Thumb Code    16  u8x8_display.o(i.u8x8_SetPowerSave)
    u8x8_Setup                               0x08001b6f   Thumb Code    34  u8x8_setup.o(i.u8x8_Setup)
    u8x8_SetupDefaults                       0x08001b91   Thumb Code    32  u8x8_setup.o(i.u8x8_SetupDefaults)
    u8x8_SetupMemory                         0x08001bb5   Thumb Code    16  u8x8_display.o(i.u8x8_SetupMemory)
    u8x8_ascii_next                          0x08001bc5   Thumb Code    14  u8x8_8x8.o(i.u8x8_ascii_next)
    u8x8_byte_EndTransfer                    0x08001bd3   Thumb Code    16  u8x8_byte.o(i.u8x8_byte_EndTransfer)
    u8x8_byte_SendByte                       0x08001be3   Thumb Code    14  u8x8_byte.o(i.u8x8_byte_SendByte)
    u8x8_byte_StartTransfer                  0x08001bf1   Thumb Code    16  u8x8_byte.o(i.u8x8_byte_StartTransfer)
    u8x8_byte_i2c                            0x08001c01   Thumb Code    80  main.o(i.u8x8_byte_i2c)
    u8x8_cad_EndTransfer                     0x08001c5d   Thumb Code    16  u8x8_cad.o(i.u8x8_cad_EndTransfer)
    u8x8_cad_SendArg                         0x08001c6d   Thumb Code    16  u8x8_cad.o(i.u8x8_cad_SendArg)
    u8x8_cad_SendCmd                         0x08001c7d   Thumb Code    16  u8x8_cad.o(i.u8x8_cad_SendCmd)
    u8x8_cad_SendData                        0x08001c8d   Thumb Code    16  u8x8_cad.o(i.u8x8_cad_SendData)
    u8x8_cad_SendSequence                    0x08001c9d   Thumb Code   104  u8x8_cad.o(i.u8x8_cad_SendSequence)
    u8x8_cad_StartTransfer                   0x08001d05   Thumb Code    16  u8x8_cad.o(i.u8x8_cad_StartTransfer)
    u8x8_cad_ssd13xx_fast_i2c                0x08001d15   Thumb Code   182  u8x8_cad.o(i.u8x8_cad_ssd13xx_fast_i2c)
    u8x8_d_helper_display_init               0x08001dd1   Thumb Code    96  u8x8_display.o(i.u8x8_d_helper_display_init)
    u8x8_d_helper_display_setup_memory       0x08001e31   Thumb Code    10  u8x8_display.o(i.u8x8_d_helper_display_setup_memory)
    u8x8_d_ssd1306_128x64_noname             0x08001e3d   Thumb Code    52  u8x8_d_ssd1306_128x64_noname.o(i.u8x8_d_ssd1306_128x64_noname)
    u8x8_dummy_cb                            0x08001f41   Thumb Code     4  u8x8_setup.o(i.u8x8_dummy_cb)
    u8x8_gpio_and_delay                      0x08001f45   Thumb Code   114  main.o(i.u8x8_gpio_and_delay)
    u8x8_gpio_call                           0x08001fbd   Thumb Code    12  u8x8_gpio.o(i.u8x8_gpio_call)
    u8x8_utf8_init                           0x08001ff5   Thumb Code     8  u8x8_8x8.o(i.u8x8_utf8_init)
    u8x8_utf8_next                           0x08001ffd   Thumb Code   144  u8x8_8x8.o(i.u8x8_utf8_next)
    AHBPrescTable                            0x0800208c   Data          16  system_stm32f1xx.o(.constdata)
    APBPrescTable                            0x0800209c   Data           8  system_stm32f1xx.o(.constdata)
    u8g2_font_wqy12_t_chinese1               0x080020a4   Data        9391  u8g2_fonts.o(.constdata)
    u8g2_font_inb24_mf                       0x08004553   Data        8821  u8g2_fonts.o(.constdata)
    u8g2_cb_r0                               0x080067c8   Data          12  u8g2_setup.o(.constdata)
    Region$$Table$$Base                      0x0800692c   Number         0  anon$$obj.o(Region$$Table)
    Region$$Table$$Limit                     0x0800694c   Number         0  anon$$obj.o(Region$$Table)
    uwTickFreq                               0x20000004   Data           1  stm32f1xx_hal.o(.data)
    uwTickPrio                               0x20000008   Data           4  stm32f1xx_hal.o(.data)
    uwTick                                   0x2000000c   Data           4  stm32f1xx_hal.o(.data)
    SystemCoreClock                          0x20000010   Data           4  system_stm32f1xx.o(.data)
    hi2c1                                    0x20000040   Data          84  i2c.o(.bss)
    __initial_sp                             0x20000518   Data           0  startup_stm32f103xe.o(STACK)



==============================================================================

Memory Map of the image

  Image Entry point : 0x08000131

  Load Region LR_IROM1 (Base: 0x08000000, Size: 0x0000696c, Max: 0x00080000, ABSOLUTE)

    Execution Region ER_IROM1 (Base: 0x08000000, Size: 0x0000694c, Max: 0x00080000, ABSOLUTE)

    Base Addr    Size         Type   Attr      Idx    E Section Name        Object

    0x08000000   0x00000130   Data   RO            3    RESET               startup_stm32f103xe.o
    0x08000130   0x00000000   Code   RO         6593  * .ARM.Collect$$$$00000000  mc_w.l(entry.o)
    0x08000130   0x00000004   Code   RO         6600    .ARM.Collect$$$$00000001  mc_w.l(entry2.o)
    0x08000134   0x00000004   Code   RO         6603    .ARM.Collect$$$$00000004  mc_w.l(entry5.o)
    0x08000138   0x00000000   Code   RO         6605    .ARM.Collect$$$$00000008  mc_w.l(entry7b.o)
    0x08000138   0x00000000   Code   RO         6607    .ARM.Collect$$$$0000000A  mc_w.l(entry8b.o)
    0x08000138   0x00000008   Code   RO         6608    .ARM.Collect$$$$0000000B  mc_w.l(entry9a.o)
    0x08000140   0x00000000   Code   RO         6610    .ARM.Collect$$$$0000000D  mc_w.l(entry10a.o)
    0x08000140   0x00000000   Code   RO         6612    .ARM.Collect$$$$0000000F  mc_w.l(entry11a.o)
    0x08000140   0x00000004   Code   RO         6601    .ARM.Collect$$$$00002712  mc_w.l(entry2.o)
    0x08000144   0x00000024   Code   RO            4    .text               startup_stm32f103xe.o
    0x08000168   0x00000024   Code   RO         6598    .text               mc_w.l(memseta.o)
    0x0800018c   0x00000024   Code   RO         6614    .text               mc_w.l(init.o)
    0x080001b0   0x00000002   Code   RO          241    i.BusFault_Handler  stm32f1xx_it.o
    0x080001b2   0x00000002   Code   RO          242    i.DebugMon_Handler  stm32f1xx_it.o
    0x080001b4   0x00000014   Code   RO         1956    i.Delay_us          systick.o
    0x080001c8   0x00000004   Code   RO           13    i.Error_Handler     main.o
    0x080001cc   0x00000024   Code   RO          815    i.HAL_Delay         stm32f1xx_hal.o
    0x080001f0   0x000001f8   Code   RO         1123    i.HAL_GPIO_Init     stm32f1xx_hal_gpio.o
    0x080003e8   0x0000000a   Code   RO         1127    i.HAL_GPIO_WritePin  stm32f1xx_hal_gpio.o
    0x080003f2   0x00000002   PAD
    0x080003f4   0x0000000c   Code   RO          819    i.HAL_GetTick       stm32f1xx_hal.o
    0x08000400   0x00000188   Code   RO          387    i.HAL_I2C_Init      stm32f1xx_hal_i2c.o
    0x08000588   0x0000012c   Code   RO          400    i.HAL_I2C_Master_Transmit  stm32f1xx_hal_i2c.o
    0x080006b4   0x0000005c   Code   RO          200    i.HAL_I2C_MspInit   i2c.o
    0x08000710   0x00000010   Code   RO          825    i.HAL_IncTick       stm32f1xx_hal.o
    0x08000720   0x00000024   Code   RO          826    i.HAL_Init          stm32f1xx_hal.o
    0x08000744   0x00000040   Code   RO          827    i.HAL_InitTick      stm32f1xx_hal.o
    0x08000784   0x0000003c   Code   RO          316    i.HAL_MspInit       stm32f1xx_hal_msp.o
    0x080007c0   0x00000040   Code   RO         1289    i.HAL_NVIC_SetPriority  stm32f1xx_hal_cortex.o
    0x08000800   0x00000024   Code   RO         1290    i.HAL_NVIC_SetPriorityGrouping  stm32f1xx_hal_cortex.o
    0x08000824   0x0000012c   Code   RO          983    i.HAL_RCC_ClockConfig  stm32f1xx_hal_rcc.o
    0x08000950   0x00000020   Code   RO          990    i.HAL_RCC_GetPCLK1Freq  stm32f1xx_hal_rcc.o
    0x08000970   0x0000006c   Code   RO          992    i.HAL_RCC_GetSysClockFreq  stm32f1xx_hal_rcc.o
    0x080009dc   0x00000320   Code   RO          995    i.HAL_RCC_OscConfig  stm32f1xx_hal_rcc.o
    0x08000cfc   0x00000028   Code   RO         1294    i.HAL_SYSTICK_Config  stm32f1xx_hal_cortex.o
    0x08000d24   0x00000002   Code   RO          243    i.HardFault_Handler  stm32f1xx_it.o
    0x08000d26   0x0000002e   Code   RO          429    i.I2C_IsAcknowledgeFailed  stm32f1xx_hal_i2c.o
    0x08000d54   0x0000009c   Code   RO          433    i.I2C_MasterRequestWrite  stm32f1xx_hal_i2c.o
    0x08000df0   0x0000004c   Code   RO          444    i.I2C_WaitOnBTFFlagUntilTimeout  stm32f1xx_hal_i2c.o
    0x08000e3c   0x00000068   Code   RO          445    i.I2C_WaitOnFlagUntilTimeout  stm32f1xx_hal_i2c.o
    0x08000ea4   0x00000096   Code   RO          446    i.I2C_WaitOnMasterAddressFlagUntilTimeout  stm32f1xx_hal_i2c.o
    0x08000f3a   0x0000004c   Code   RO          448    i.I2C_WaitOnTXEFlagUntilTimeout  stm32f1xx_hal_i2c.o
    0x08000f86   0x00000002   PAD
    0x08000f88   0x00000070   Code   RO          175    i.MX_GPIO_Init      gpio.o
    0x08000ff8   0x00000040   Code   RO          201    i.MX_I2C1_Init      i2c.o
    0x08001038   0x00000002   Code   RO          244    i.MemManage_Handler  stm32f1xx_it.o
    0x0800103a   0x00000002   Code   RO          245    i.NMI_Handler       stm32f1xx_it.o
    0x0800103c   0x00000002   Code   RO          246    i.PendSV_Handler    stm32f1xx_it.o
    0x0800103e   0x00000002   Code   RO          247    i.SVC_Handler       stm32f1xx_it.o
    0x08001040   0x00000004   Code   RO          248    i.SysTick_Handler   stm32f1xx_it.o
    0x08001044   0x0000005e   Code   RO           14    i.SystemClock_Config  main.o
    0x080010a2   0x00000002   Code   RO         1820    i.SystemInit        system_stm32f1xx.o
    0x080010a4   0x00000002   Code   RO          249    i.UsageFault_Handler  stm32f1xx_it.o
    0x080010a6   0x00000020   Code   RO         1296    i.__NVIC_SetPriority  stm32f1xx_hal_cortex.o
    0x080010c6   0x0000000e   Code   RO         6618    i.__scatterload_copy  mc_w.l(handlers.o)
    0x080010d4   0x00000002   Code   RO         6619    i.__scatterload_null  mc_w.l(handlers.o)
    0x080010d6   0x0000000e   Code   RO         6620    i.__scatterload_zeroinit  mc_w.l(handlers.o)
    0x080010e4   0x000000c4   Code   RO           15    i.draw              main.o
    0x080011a8   0x00000050   Code   RO           16    i.main              main.o
    0x080011f8   0x00000012   Code   RO         2667    i.u8g2_ClearBuffer  u8g2_buffer.o
    0x0800120a   0x00000070   Code   RO         2882    i.u8g2_DrawGlyph    u8g2_font.o
    0x0800127a   0x0000000c   Code   RO         5136    i.u8g2_DrawHLine    u8g2_hvline.o
    0x08001286   0x00000002   PAD
    0x08001288   0x000000ac   Code   RO         5137    i.u8g2_DrawHVLine   u8g2_hvline.o
    0x08001334   0x00000010   Code   RO         2884    i.u8g2_DrawStr      u8g2_font.o
    0x08001344   0x00000010   Code   RO         2886    i.u8g2_DrawUTF8     u8g2_font.o
    0x08001354   0x0000000c   Code   RO         5139    i.u8g2_DrawVLine    u8g2_hvline.o
    0x08001360   0x0000001c   Code   RO         2668    i.u8g2_FirstPage    u8g2_buffer.o
    0x0800137c   0x00000030   Code   RO         5198    i.u8g2_IsIntersection  u8g2_intersection.o
    0x080013ac   0x0000003e   Code   RO         2669    i.u8g2_NextPage     u8g2_buffer.o
    0x080013ea   0x0000001c   Code   RO         2671    i.u8g2_SetBufferCurrTileRow  u8g2_buffer.o
    0x08001406   0x00000020   Code   RO         2900    i.u8g2_SetFont      u8g2_font.o
    0x08001426   0x00000006   Code   RO         2901    i.u8g2_SetFontDirection  u8g2_font.o
    0x0800142c   0x00000006   Code   RO         2902    i.u8g2_SetFontMode  u8g2_font.o
    0x08001432   0x00000002   PAD
    0x08001434   0x0000000c   Code   RO         2903    i.u8g2_SetFontPosBaseline  u8g2_font.o
    0x08001440   0x0000001c   Code   RO         5386    i.u8g2_SetMaxClipWindow  u8g2_setup.o
    0x0800145c   0x00000046   Code   RO         5387    i.u8g2_SetupBuffer  u8g2_setup.o
    0x080014a2   0x00000002   PAD
    0x080014a4   0x00000038   Code   RO         2859    i.u8g2_Setup_ssd1306_i2c_128x64_noname_1  u8g2_d_setup.o
    0x080014dc   0x00000052   Code   RO         2910    i.u8g2_UpdateRefHeight  u8g2_font.o
    0x0800152e   0x0000001c   Code   RO         2911    i.u8g2_add_vector_x  u8g2_font.o
    0x0800154a   0x0000001c   Code   RO         2912    i.u8g2_add_vector_y  u8g2_font.o
    0x08001566   0x0000006e   Code   RO         5389    i.u8g2_apply_clip_window  u8g2_setup.o
    0x080015d4   0x0000003c   Code   RO         5141    i.u8g2_clip_intersection2  u8g2_hvline.o
    0x08001610   0x00000012   Code   RO         5142    i.u8g2_draw_hv_line_2dir  u8g2_hvline.o
    0x08001622   0x0000000c   Code   RO         5391    i.u8g2_draw_l90_r0  u8g2_setup.o
    0x0800162e   0x00000076   Code   RO         2913    i.u8g2_draw_string  u8g2_font.o
    0x080016a4   0x00000004   Code   RO         2919    i.u8g2_font_calc_vref_font  u8g2_font.o
    0x080016a8   0x00000014   Code   RO         2921    i.u8g2_font_decode_get_signed_bits  u8g2_font.o
    0x080016bc   0x00000034   Code   RO         2922    i.u8g2_font_decode_get_unsigned_bits  u8g2_font.o
    0x080016f0   0x00000114   Code   RO         2923    i.u8g2_font_decode_glyph  u8g2_font.o
    0x08001804   0x0000008c   Code   RO         2924    i.u8g2_font_decode_len  u8g2_font.o
    0x08001890   0x00000072   Code   RO         2925    i.u8g2_font_get_glyph_data  u8g2_font.o
    0x08001902   0x00000014   Code   RO         2926    i.u8g2_font_get_word  u8g2_font.o
    0x08001916   0x00000034   Code   RO         2927    i.u8g2_font_setup_decode  u8g2_font.o
    0x0800194a   0x00000018   Code   RO         5199    i.u8g2_is_intersection_decision_tree  u8g2_intersection.o
    0x08001962   0x0000008e   Code   RO         5247    i.u8g2_ll_hvline_vertical_top_lsb  u8g2_ll_hvline.o
    0x080019f0   0x0000000c   Code   RO         2843    i.u8g2_m_16_8_1     u8g2_d_memory.o
    0x080019fc   0x0000006a   Code   RO         2928    i.u8g2_read_font_info  u8g2_font.o
    0x08001a66   0x0000004e   Code   RO         2678    i.u8g2_send_buffer  u8g2_buffer.o
    0x08001ab4   0x00000046   Code   RO         5396    i.u8g2_update_dimension_common  u8g2_setup.o
    0x08001afa   0x00000004   Code   RO         5397    i.u8g2_update_dimension_r0  u8g2_setup.o
    0x08001afe   0x00000022   Code   RO         5401    i.u8g2_update_page_win_r0  u8g2_setup.o
    0x08001b20   0x0000001e   Code   RO         6174    i.u8x8_DrawTile     u8x8_display.o
    0x08001b3e   0x00000010   Code   RO         6176    i.u8x8_InitDisplay  u8x8_display.o
    0x08001b4e   0x00000010   Code   RO         6178    i.u8x8_RefreshDisplay  u8x8_display.o
    0x08001b5e   0x00000010   Code   RO         6181    i.u8x8_SetPowerSave  u8x8_display.o
    0x08001b6e   0x00000022   Code   RO         6480    i.u8x8_Setup        u8x8_setup.o
    0x08001b90   0x00000024   Code   RO         6481    i.u8x8_SetupDefaults  u8x8_setup.o
    0x08001bb4   0x00000010   Code   RO         6182    i.u8x8_SetupMemory  u8x8_display.o
    0x08001bc4   0x0000000e   Code   RO         5681    i.u8x8_ascii_next   u8x8_8x8.o
    0x08001bd2   0x00000010   Code   RO         5806    i.u8x8_byte_EndTransfer  u8x8_byte.o
    0x08001be2   0x0000000e   Code   RO         5807    i.u8x8_byte_SendByte  u8x8_byte.o
    0x08001bf0   0x00000010   Code   RO         5810    i.u8x8_byte_StartTransfer  u8x8_byte.o
    0x08001c00   0x0000005c   Code   RO           17    i.u8x8_byte_i2c     main.o
    0x08001c5c   0x00000010   Code   RO         5926    i.u8x8_cad_EndTransfer  u8x8_cad.o
    0x08001c6c   0x00000010   Code   RO         5927    i.u8x8_cad_SendArg  u8x8_cad.o
    0x08001c7c   0x00000010   Code   RO         5928    i.u8x8_cad_SendCmd  u8x8_cad.o
    0x08001c8c   0x00000010   Code   RO         5929    i.u8x8_cad_SendData  u8x8_cad.o
    0x08001c9c   0x00000068   Code   RO         5931    i.u8x8_cad_SendSequence  u8x8_cad.o
    0x08001d04   0x00000010   Code   RO         5932    i.u8x8_cad_StartTransfer  u8x8_cad.o
    0x08001d14   0x000000bc   Code   RO         5935    i.u8x8_cad_ssd13xx_fast_i2c  u8x8_cad.o
    0x08001dd0   0x00000060   Code   RO         6183    i.u8x8_d_helper_display_init  u8x8_display.o
    0x08001e30   0x0000000a   Code   RO         6184    i.u8x8_d_helper_display_setup_memory  u8x8_display.o
    0x08001e3a   0x00000002   PAD
    0x08001e3c   0x0000003c   Code   RO         6108    i.u8x8_d_ssd1306_128x64_noname  u8x8_d_ssd1306_128x64_noname.o
    0x08001e78   0x000000c8   Code   RO         6110    i.u8x8_d_ssd1306_sh1106_generic  u8x8_d_ssd1306_128x64_noname.o
    0x08001f40   0x00000004   Code   RO         6483    i.u8x8_dummy_cb     u8x8_setup.o
    0x08001f44   0x00000078   Code   RO           18    i.u8x8_gpio_and_delay  main.o
    0x08001fbc   0x0000000c   Code   RO         6402    i.u8x8_gpio_call    u8x8_gpio.o
    0x08001fc8   0x0000002c   Code   RO         5943    i.u8x8_i2c_data_transfer  u8x8_cad.o
    0x08001ff4   0x00000008   Code   RO         5689    i.u8x8_utf8_init    u8x8_8x8.o
    0x08001ffc   0x00000090   Code   RO         5690    i.u8x8_utf8_next    u8x8_8x8.o
    0x0800208c   0x00000010   Data   RO         1821    .constdata          system_stm32f1xx.o
    0x0800209c   0x00000008   Data   RO         1822    .constdata          system_stm32f1xx.o
    0x080020a4   0x000024af   Data   RO         4311    .constdata          u8g2_fonts.o
    0x08004553   0x00002275   Data   RO         4994    .constdata          u8g2_fonts.o
    0x080067c8   0x0000000c   Data   RO         5405    .constdata          u8g2_setup.o
    0x080067d4   0x00000158   Data   RO         6112    .constdata          u8x8_d_ssd1306_128x64_noname.o
    0x0800692c   0x00000020   Data   RO         6616    Region$$Table       anon$$obj.o


    Execution Region RW_IRAM1 (Base: 0x20000000, Size: 0x00000518, Max: 0x00010000, ABSOLUTE)

    Base Addr    Size         Type   Attr      Idx    E Section Name        Object

    0x20000000   0x00000001   Data   RW           20    .data               main.o
    0x20000001   0x00000003   PAD
    0x20000004   0x0000000c   Data   RW          833    .data               stm32f1xx_hal.o
    0x20000010   0x00000004   Data   RW         1823    .data               system_stm32f1xx.o
    0x20000014   0x00000004   Data   RW         1959    .data               systick.o
    0x20000018   0x00000006   Data   RW         5945    .data               u8x8_cad.o
    0x2000001e   0x00000002   PAD
    0x20000020   0x00000020   Zero   RW           19    .bss                main.o
    0x20000040   0x00000054   Zero   RW          202    .bss                i2c.o
    0x20000094   0x00000080   Zero   RW         2844    .bss                u8g2_d_memory.o
    0x20000114   0x00000004   PAD
    0x20000118   0x00000400   Zero   RW            1    STACK               startup_stm32f103xe.o


==============================================================================

Image component sizes


      Code (inc. data)   RO Data    RW Data    ZI Data      Debug   Object Name

       112         10          0          0          0        859   gpio.o
       156         26          0          0         84       1517   i2c.o
       586         68          0          1         32     615991   main.o
        36          8        304          0       1024        780   startup_stm32f103xe.o
       164         28          0         12          0       6265   stm32f1xx_hal.o
       172         14          0          0          0      27862   stm32f1xx_hal_cortex.o
       514         42          0          0          0       2504   stm32f1xx_hal_gpio.o
      1300         32          0          0          0       7641   stm32f1xx_hal_i2c.o
        60          8          0          0          0        826   stm32f1xx_hal_msp.o
      1240         88          0          0          0       4265   stm32f1xx_hal_rcc.o
        20          0          0          0          0       3674   stm32f1xx_it.o
         2          0         24          4          0       1047   system_stm32f1xx.o
        20          4          0          4          0       1203   systick.o
       214          0          0          0          0       3078   u8g2_buffer.o
        12          4          0          0        128        744   u8g2_d_memory.o
        56         14          0          0          0        905   u8g2_d_setup.o
      1240         14          0          0          0      12711   u8g2_font.o
         0          0      18212          0          0     145307   u8g2_fonts.o
       274          0          0          0          0       3025   u8g2_hvline.o
        72          0          0          0          0       1527   u8g2_intersection.o
       142          0          0          0          0       1082   u8g2_ll_hvline.o
       328          0         12          0          0     146075   u8g2_setup.o
       166          0          0          0          0       2338   u8x8_8x8.o
        46          0          0          0          0       1475   u8x8_byte.o
       416         12          0          6          0       6964   u8x8_cad.o
       260         12        344          0          0       2643   u8x8_d_ssd1306_128x64_noname.o
       200          0          0          0          0       3718   u8x8_display.o
        12          0          0          0          0        477   u8x8_gpio.o
        74          4          0          0          0       1478   u8x8_setup.o

    ----------------------------------------------------------------------
      7906        388      18928         32       1272    1007981   Object Totals
         0          0         32          0          0          0   (incl. Generated)
        12          0          0          5          4          0   (incl. Padding)

    ----------------------------------------------------------------------

      Code (inc. data)   RO Data    RW Data    ZI Data      Debug   Library Member Name

         0          0          0          0          0          0   entry.o
         0          0          0          0          0          0   entry10a.o
         0          0          0          0          0          0   entry11a.o
         8          4          0          0          0          0   entry2.o
         4          0          0          0          0          0   entry5.o
         0          0          0          0          0          0   entry7b.o
         0          0          0          0          0          0   entry8b.o
         8          4          0          0          0          0   entry9a.o
        30          0          0          0          0          0   handlers.o
        36          8          0          0          0         68   init.o
        36          0          0          0          0        108   memseta.o

    ----------------------------------------------------------------------
       122         16          0          0          0        176   Library Totals
         0          0          0          0          0          0   (incl. Padding)

    ----------------------------------------------------------------------

      Code (inc. data)   RO Data    RW Data    ZI Data      Debug   Library Name

       122         16          0          0          0        176   mc_w.l

    ----------------------------------------------------------------------
       122         16          0          0          0        176   Library Totals

    ----------------------------------------------------------------------

==============================================================================


      Code (inc. data)   RO Data    RW Data    ZI Data      Debug   

      8028        404      18928         32       1272    1002745   Grand Totals
      8028        404      18928         32       1272    1002745   ELF Image Totals
      8028        404      18928         32          0          0   ROM Totals

==============================================================================

    Total RO  Size (Code + RO Data)                26956 (  26.32kB)
    Total RW  Size (RW Data + ZI Data)              1304 (   1.27kB)
    Total ROM Size (Code + RO Data + RW Data)      26988 (  26.36kB)

==============================================================================

